Archive member included to satisfy reference by file (symbol)

/Devel/NOVAsom_SDK/Xcompiler/Xc_NovasisA9_5.3_br_hf_v16_glibc/usr/lib/gcc/arm-buildroot-linux-gnueabihf/5.3.0/libgcc.a(_udivsi3.o)
                              arch/arm/cpu/armv7/built-in.o (__aeabi_uidiv)
/Devel/NOVAsom_SDK/Xcompiler/Xc_NovasisA9_5.3_br_hf_v16_glibc/usr/lib/gcc/arm-buildroot-linux-gnueabihf/5.3.0/libgcc.a(_divsi3.o)
                              arch/arm/cpu/armv7/built-in.o (__aeabi_idiv)
/Devel/NOVAsom_SDK/Xcompiler/Xc_NovasisA9_5.3_br_hf_v16_glibc/usr/lib/gcc/arm-buildroot-linux-gnueabihf/5.3.0/libgcc.a(_lshrdi3.o)
                              lib/built-in.o (__aeabi_llsr)
/Devel/NOVAsom_SDK/Xcompiler/Xc_NovasisA9_5.3_br_hf_v16_glibc/usr/lib/gcc/arm-buildroot-linux-gnueabihf/5.3.0/libgcc.a(_ashldi3.o)
                              drivers/mmc/built-in.o (__aeabi_llsl)
/Devel/NOVAsom_SDK/Xcompiler/Xc_NovasisA9_5.3_br_hf_v16_glibc/usr/lib/gcc/arm-buildroot-linux-gnueabihf/5.3.0/libgcc.a(_dvmd_lnx.o)
                              /Devel/NOVAsom_SDK/Xcompiler/Xc_NovasisA9_5.3_br_hf_v16_glibc/usr/lib/gcc/arm-buildroot-linux-gnueabihf/5.3.0/libgcc.a(_udivsi3.o) (__aeabi_idiv0)

Discarded input sections

 .data          0x00000000        0x0 arch/arm/cpu/armv7/start.o
 .bss           0x00000000        0x0 arch/arm/cpu/armv7/start.o
 .text.v7_maint_dcache_all
                0x00000000       0xb8 arch/arm/cpu/armv7/built-in.o
 .text.invalidate_icache_all
                0x00000000       0x14 arch/arm/cpu/armv7/built-in.o
 .text.v7_outer_cache_enable
                0x00000000       0x70 arch/arm/cpu/armv7/built-in.o
 .text.v7_outer_cache_disable
                0x00000000       0x14 arch/arm/cpu/armv7/built-in.o
 .text.v7_outer_cache_flush_all
                0x00000000        0x2 arch/arm/cpu/armv7/built-in.o
 .text.flush_dcache_all
                0x00000000       0x10 arch/arm/cpu/armv7/built-in.o
 .text.v7_outer_cache_inval_all
                0x00000000        0x2 arch/arm/cpu/armv7/built-in.o
 .text.invalidate_dcache_all
                0x00000000       0x10 arch/arm/cpu/armv7/built-in.o
 .text.arm_init_before_mmu
                0x00000000       0x22 arch/arm/cpu/armv7/built-in.o
 .text.mmu_page_table_flush
                0x00000000       0x1e arch/arm/cpu/armv7/built-in.o
 .text.flush_cache
                0x00000000        0x6 arch/arm/cpu/armv7/built-in.o
 .text.cpu_cache_initialization
                0x00000000        0x2 arch/arm/cpu/armv7/built-in.o
 .text.cleanup_before_linux
                0x00000000       0x1e arch/arm/cpu/armv7/built-in.o
 .text.v7_arch_cp15_set_l2aux_ctrl
                0x00000000        0x6 arch/arm/cpu/armv7/built-in.o
 .text.v7_arch_cp15_set_acr
                0x00000000        0x6 arch/arm/cpu/armv7/built-in.o
 .text.sdelay   0x00000000        0x6 arch/arm/cpu/armv7/built-in.o
 .text.wait_on_value
                0x00000000       0x1a arch/arm/cpu/armv7/built-in.o
 .text.get_nr_cpus
                0x00000000        0xc arch/arm/cpu/armv7/built-in.o
 .text.get_board_rev
                0x00000000       0x26 arch/arm/cpu/armv7/built-in.o
 .text.board_postclk_init
                0x00000000       0x40 arch/arm/cpu/armv7/built-in.o
 .text.enable_caches
                0x00000000       0x2c arch/arm/cpu/armv7/built-in.o
 .text.imx_get_mac_from_fuse
                0x00000000       0x24 arch/arm/cpu/armv7/built-in.o
 .text.boot_mode_apply
                0x00000000       0x1c arch/arm/cpu/armv7/built-in.o
 .text.get_boot_device
                0x00000000       0x4c arch/arm/cpu/armv7/built-in.o
 .text.set_wdog_reset
                0x00000000        0xe arch/arm/cpu/armv7/built-in.o
 .text.reset_misc
                0x00000000        0x2 arch/arm/cpu/armv7/built-in.o
 .text.imx_enable_hdmi_phy
                0x00000000       0x3c arch/arm/cpu/armv7/built-in.o
 .text.enable_enet_pll
                0x00000000       0x44 arch/arm/cpu/armv7/built-in.o
 .text.enable_ocotp_clk
                0x00000000       0x1c arch/arm/cpu/armv7/built-in.o
 .text.enable_usboh3_clk
                0x00000000       0x20 arch/arm/cpu/armv7/built-in.o
 .text.enable_enet_clk
                0x00000000       0x1c arch/arm/cpu/armv7/built-in.o
 .text.enable_uart_clk
                0x00000000       0x1c arch/arm/cpu/armv7/built-in.o
 .text.enable_usdhc_clk
                0x00000000       0x38 arch/arm/cpu/armv7/built-in.o
 .text.enable_i2c_clk
                0x00000000       0x30 arch/arm/cpu/armv7/built-in.o
 .text.enable_spi_clk
                0x00000000       0x2c arch/arm/cpu/armv7/built-in.o
 .text.enable_fec_anatop_clock
                0x00000000       0x70 arch/arm/cpu/armv7/built-in.o
 .text.enable_sata_clock
                0x00000000       0x18 arch/arm/cpu/armv7/built-in.o
 .text.disable_sata_clock
                0x00000000       0x10 arch/arm/cpu/armv7/built-in.o
 .text.enable_pcie_clock
                0x00000000       0x64 arch/arm/cpu/armv7/built-in.o
 .text.enable_thermal_clk
                0x00000000       0x30 arch/arm/cpu/armv7/built-in.o
 .text.imx_get_fecclk
                0x00000000        0x6 arch/arm/cpu/armv7/built-in.o
 .text.do_mx6_showclocks
                0x00000000      0x1a8 arch/arm/cpu/armv7/built-in.o
 .text.mx6sdl_dram_iocfg
                0x00000000      0x150 arch/arm/cpu/armv7/built-in.o
 .text.cpu_reset
                0x00000000       0x1c arch/arm/cpu/armv7/built-in.o
 .text.cpu_status
                0x00000000       0x2c arch/arm/cpu/armv7/built-in.o
 .text.cpu_release
                0x00000000       0x4c arch/arm/cpu/armv7/built-in.o
 .text.is_core_valid
                0x00000000       0x12 arch/arm/cpu/armv7/built-in.o
 .text.cpu_disable
                0x00000000       0x1c arch/arm/cpu/armv7/built-in.o
 .rodata.imx6_thermal_plat
                0x00000000        0xc arch/arm/cpu/armv7/built-in.o
 .rodata.soc_boot_modes
                0x00000000       0x60 arch/arm/cpu/armv7/built-in.o
 .rodata.cpu_ctrl_mask
                0x00000000       0x10 arch/arm/cpu/armv7/built-in.o
 .rodata.cpu_reset_mask
                0x00000000       0x10 arch/arm/cpu/armv7/built-in.o
 .data          0x00000000        0x0 arch/arm/cpu/armv7/built-in.o
 .u_boot_list_2_driver_info_2_imx6_thermal
                0x00000000        0x8 arch/arm/cpu/armv7/built-in.o
 .u_boot_list_2_cmd_2_clocks
                0x00000000       0x1c arch/arm/cpu/armv7/built-in.o
 .bss           0x00000000        0x0 arch/arm/cpu/armv7/built-in.o
 .text.board_init_f
                0x00000000       0x20 arch/arm/lib/built-in.o
 .text.arch_reserve_stacks
                0x00000000       0x16 arch/arm/lib/built-in.o
 .text.interrupt_init
                0x00000000       0x14 arch/arm/lib/built-in.o
 .text.enable_interrupts
                0x00000000        0x2 arch/arm/lib/built-in.o
 .text.disable_interrupts
                0x00000000        0x4 arch/arm/lib/built-in.o
 .text.bad_mode
                0x00000000        0xc arch/arm/lib/built-in.o
 .text.show_regs
                0x00000000      0x108 arch/arm/lib/built-in.o
 .text.do_undefined_instruction
                0x00000000       0x18 arch/arm/lib/built-in.o
 .text.do_software_interrupt
                0x00000000       0x18 arch/arm/lib/built-in.o
 .text.do_prefetch_abort
                0x00000000       0x18 arch/arm/lib/built-in.o
 .text.do_data_abort
                0x00000000       0x18 arch/arm/lib/built-in.o
 .text.do_not_used
                0x00000000       0x18 arch/arm/lib/built-in.o
 .text.do_fiq   0x00000000       0x18 arch/arm/lib/built-in.o
 .text.do_irq   0x00000000       0x18 arch/arm/lib/built-in.o
 .text.reset_misc
                0x00000000        0x2 arch/arm/lib/built-in.o
 .text.do_reset
                0x00000000       0x28 arch/arm/lib/built-in.o
 .text.flush_cache
                0x00000000        0x2 arch/arm/lib/built-in.o
 .text.flush_dcache_all
                0x00000000        0xa arch/arm/lib/built-in.o
 .text.enable_caches
                0x00000000        0xc arch/arm/lib/built-in.o
 .text.cp_delay
                0x00000000       0x18 arch/arm/lib/built-in.o
 .text.cache_disable
                0x00000000       0x3c arch/arm/lib/built-in.o
 .text.arm_init_before_mmu
                0x00000000        0x2 arch/arm/lib/built-in.o
 .text.arm_init_domains
                0x00000000        0x2 arch/arm/lib/built-in.o
 .text.set_section_dcache
                0x00000000       0x12 arch/arm/lib/built-in.o
 .text.mmu_page_table_flush
                0x00000000        0x2 arch/arm/lib/built-in.o
 .text.mmu_set_region_dcache_behaviour
                0x00000000       0x36 arch/arm/lib/built-in.o
 .text.dram_bank_mmu_setup
                0x00000000       0x2a arch/arm/lib/built-in.o
 .text.icache_enable
                0x00000000       0x14 arch/arm/lib/built-in.o
 .text.icache_disable
                0x00000000        0x8 arch/arm/lib/built-in.o
 .text.icache_status
                0x00000000        0xa arch/arm/lib/built-in.o
 .text.dcache_enable
                0x00000000       0x5e arch/arm/lib/built-in.o
 .text.dcache_disable
                0x00000000        0x6 arch/arm/lib/built-in.o
 .text.dcache_status
                0x00000000        0xa arch/arm/lib/built-in.o
 .rodata        0x00000000       0x80 arch/arm/lib/built-in.o
 .rodata.str1.1
                0x00000000      0x2cf arch/arm/lib/built-in.o
 .data          0x00000000        0x0 arch/arm/lib/built-in.o
 .__rel_dyn_start
                0x00000000        0x0 arch/arm/lib/built-in.o
 .__rel_dyn_end
                0x00000000        0x0 arch/arm/lib/built-in.o
 .__image_copy_end
                0x00000000        0x0 arch/arm/lib/built-in.o
 .__image_copy_start
                0x00000000        0x0 arch/arm/lib/built-in.o
 .__secure_start
                0x00000000        0x0 arch/arm/lib/built-in.o
 .__end         0x00000000        0x0 arch/arm/lib/built-in.o
 .__secure_end  0x00000000        0x0 arch/arm/lib/built-in.o
 .bss           0x00000000        0x0 arch/arm/lib/built-in.o
 .text          0x00000000        0x0 arch/arm/imx-common/built-in.o
 .text.imx_iomux_set_gpr_register
                0x00000000       0x2c arch/arm/imx-common/built-in.o
 .text.get_imx_reset_cause
                0x00000000        0xc arch/arm/imx-common/built-in.o
 .text.imx_ddr_size
                0x00000000       0x48 arch/arm/imx-common/built-in.o
 .text.get_imx_type
                0x00000000       0x18 arch/arm/imx-common/built-in.o
 .text.print_cpuinfo
                0x00000000      0x148 arch/arm/imx-common/built-in.o
 .text.cpu_eth_init
                0x00000000        0x4 arch/arm/imx-common/built-in.o
 .text.arch_preboot_os
                0x00000000       0x12 arch/arm/imx-common/built-in.o
 .text.set_chipselect_size
                0x00000000       0x5c arch/arm/imx-common/built-in.o
 .text.get_clocks
                0x00000000       0x12 arch/arm/imx-common/built-in.o
 .text.force_idle_bus
                0x00000000      0x14c arch/arm/imx-common/built-in.o
 .text.setup_i2c
                0x00000000       0x94 arch/arm/imx-common/built-in.o
 .text.mxs_wait_mask_set
                0x00000000       0x24 arch/arm/imx-common/built-in.o
 .text.mxs_wait_mask_clr
                0x00000000       0x22 arch/arm/imx-common/built-in.o
 .text.mxs_reset_block
                0x00000000       0x58 arch/arm/imx-common/built-in.o
 .text.setup_sata
                0x00000000       0x40 arch/arm/imx-common/built-in.o
 .text.board_video_skip
                0x00000000       0xe0 arch/arm/imx-common/built-in.o
 .text.detect_hdmi
                0x00000000       0x10 arch/arm/imx-common/built-in.o
 .text.get_tbclk
                0x00000000       0x6c arch/arm/imx-common/built-in.o
 .text.usec2ticks
                0x00000000       0x4c arch/arm/imx-common/built-in.o
 .text.create_usage
                0x00000000       0x68 arch/arm/imx-common/built-in.o
 .text.do_boot_mode
                0x00000000       0x80 arch/arm/imx-common/built-in.o
 .text.add_board_boot_modes
                0x00000000       0x3c arch/arm/imx-common/built-in.o
 .text.do_hdmidet
                0x00000000       0x18 arch/arm/imx-common/built-in.o
 .rodata.col_lookup
                0x00000000        0x8 arch/arm/imx-common/built-in.o
 .rodata.CSWTCH.11
                0x00000000       0x88 arch/arm/imx-common/built-in.o
 .rodata.bank_lookup
                0x00000000        0x2 arch/arm/imx-common/built-in.o
 .rodata.i2c_bases
                0x00000000        0xc arch/arm/imx-common/built-in.o
 .rodata.__func__.7060
                0x00000000        0xf arch/arm/imx-common/built-in.o
 .data          0x00000000        0x0 arch/arm/imx-common/built-in.o
 .data.reset_cause
                0x00000000        0x4 arch/arm/imx-common/built-in.o
 .u_boot_list_2_cmd_2_bmode
                0x00000000       0x1c arch/arm/imx-common/built-in.o
 .u_boot_list_2_cmd_2_hdmidet
                0x00000000       0x1c arch/arm/imx-common/built-in.o
 .bss           0x00000000        0x0 arch/arm/imx-common/built-in.o
 .bss.modes     0x00000000        0x8 arch/arm/imx-common/built-in.o
 .text          0x00000000        0x0 board/novasoms/built-in.o
 .text.do_enable_hdmi
                0x00000000        0x4 board/novasoms/built-in.o
 .text.dram_init
                0x00000000        0xe board/novasoms/built-in.o
 .text.board_phy_config
                0x00000000       0xac board/novasoms/built-in.o
 .text.board_eth_init
                0x00000000       0x34 board/novasoms/built-in.o
 .text.overwrite_console
                0x00000000        0x4 board/novasoms/built-in.o
 .text.board_late_init
                0x00000000       0x40 board/novasoms/built-in.o
 .text.board_init
                0x00000000       0x78 board/novasoms/built-in.o
 .text.checkboard
                0x00000000       0x10 board/novasoms/built-in.o
 .rodata.displays
                0x00000000       0x4c board/novasoms/built-in.o
 .rodata.enet_pads
                0x00000000      0x100 board/novasoms/built-in.o
 .rodata.board_boot_modes
                0x00000000       0x18 board/novasoms/built-in.o
 .rodata.usb_pads
                0x00000000       0x10 board/novasoms/built-in.o
 .rodata.str1.1
                0x00000000       0x36 board/novasoms/built-in.o
 .data          0x00000000        0x0 board/novasoms/built-in.o
 .data.mx6q_i2c2_pad_info
                0x00000000       0x30 board/novasoms/built-in.o
 .data.mx6dl_i2c2_pad_info
                0x00000000       0x30 board/novasoms/built-in.o
 .data.display_count
                0x00000000        0x4 board/novasoms/built-in.o
 .data.mx6sdl_grp_ioregs
                0x00000000       0x90 board/novasoms/built-in.o
 .data.mx6sdl_ddr_ioregs
                0x00000000       0xdc board/novasoms/built-in.o
 .bss           0x00000000        0x0 board/novasoms/built-in.o
 .text          0x00000000        0x0 common/spl/built-in.o
 .text.spl_board_prepare_for_linux
                0x00000000        0x2 common/spl/built-in.o
 .bss           0x00000000        0x0 common/spl/built-in.o
 .bss.boot_params_ptr
                0x00000000        0x4 common/spl/built-in.o
 .text          0x00000000        0x0 common/built-in.o
 .text._do_env_set.isra.0
                0x00000000      0x128 common/built-in.o
 .text.get_env_id
                0x00000000        0xc common/built-in.o
 .text.setenv   0x00000000       0x38 common/built-in.o
 .text.setenv_ulong
                0x00000000       0x16 common/built-in.o
 .text.setenv_hex
                0x00000000       0x20 common/built-in.o
 .text.envmatch
                0x00000000       0x3c common/built-in.o
 .text.getenv_f
                0x00000000       0x7c common/built-in.o
 .text.getenv   0x00000000       0x50 common/built-in.o
 .text.getenv_hex
                0x00000000       0x22 common/built-in.o
 .text.getenv_ulong
                0x00000000       0x1c common/built-in.o
 .text.env_get_char_spec
                0x00000000        0x8 common/built-in.o
 .text.env_get_addr
                0x00000000       0x18 common/built-in.o
 .text.env_get_char_memory
                0x00000000        0xa common/built-in.o
 .text.env_get_char
                0x00000000       0x20 common/built-in.o
 .text.getenv_yesno
                0x00000000       0x2a common/built-in.o
 .text.getenv_default
                0x00000000       0x2a common/built-in.o
 .text.set_default_env
                0x00000000       0x80 common/built-in.o
 .text.set_default_vars
                0x00000000       0x28 common/built-in.o
 .text.env_import
                0x00000000       0x94 common/built-in.o
 .text.env_export
                0x00000000       0x64 common/built-in.o
 .text.env_relocate
                0x00000000        0xe common/built-in.o
 .text.bounce_buffer_start
                0x00000000       0x4c common/built-in.o
 .text.bounce_buffer_stop
                0x00000000       0x32 common/built-in.o
 .text.console_setfile
                0x00000000       0x74 common/built-in.o
 .text.serial_printf
                0x00000000       0x28 common/built-in.o
 .text.putc     0x00000000       0x24 common/built-in.o
 .text.fgetc    0x00000000       0x18 common/built-in.o
 .text.getc     0x00000000       0x1a common/built-in.o
 .text.ftstc    0x00000000       0x18 common/built-in.o
 .text.tstc     0x00000000       0x1a common/built-in.o
 .text.fputc    0x00000000       0x14 common/built-in.o
 .text.fputs    0x00000000       0x14 common/built-in.o
 .text.fprintf  0x00000000       0x2c common/built-in.o
 .text.vprintf  0x00000000       0x1c common/built-in.o
 .text.ctrlc    0x00000000       0x38 common/built-in.o
 .text.confirm_yesno
                0x00000000       0x84 common/built-in.o
 .text.disable_ctrlc
                0x00000000       0x10 common/built-in.o
 .text.had_ctrlc
                0x00000000        0xc common/built-in.o
 .text.clear_ctrlc
                0x00000000        0xc common/built-in.o
 .text.search_device
                0x00000000       0x16 common/built-in.o
 .text.console_assign
                0x00000000       0x2a common/built-in.o
 .text.console_init_f
                0x00000000        0xa common/built-in.o
 .text.stdio_print_current_devices
                0x00000000       0x78 common/built-in.o
 .text.console_init_r
                0x00000000      0x100 common/built-in.o
 .text.realloc  0x00000000      0x344 common/built-in.o
 .text.valloc   0x00000000        0xa common/built-in.o
 .text.pvalloc  0x00000000       0x14 common/built-in.o
 .text.cfree    0x00000000        0x4 common/built-in.o
 .text.malloc_usable_size
                0x00000000       0x2a common/built-in.o
 .text.mallopt  0x00000000       0x30 common/built-in.o
 .text.image_check_hcrc
                0x00000000       0x2a common/built-in.o
 .text.image_check_dcrc
                0x00000000       0x22 common/built-in.o
 .text.image_multi_count
                0x00000000       0x12 common/built-in.o
 .text.image_multi_getimg
                0x00000000       0x50 common/built-in.o
 .text.getenv_bootm_low
                0x00000000       0x20 common/built-in.o
 .text.getenv_bootm_size
                0x00000000       0x3c common/built-in.o
 .text.getenv_bootm_mapsize
                0x00000000       0x20 common/built-in.o
 .text.memmove_wd
                0x00000000        0xa common/built-in.o
 .text.genimg_print_size
                0x00000000       0x24 common/built-in.o
 .text.get_table_entry_name
                0x00000000       0x16 common/built-in.o
 .text.genimg_get_os_name
                0x00000000       0x14 common/built-in.o
 .text.genimg_get_arch_name
                0x00000000       0x14 common/built-in.o
 .text.genimg_get_type_name
                0x00000000       0x14 common/built-in.o
 .text.genimg_get_comp_name
                0x00000000       0x14 common/built-in.o
 .text.image_print_contents
                0x00000000       0xf0 common/built-in.o
 .text.get_table_entry_id
                0x00000000       0x26 common/built-in.o
 .text.genimg_get_os_id
                0x00000000       0x14 common/built-in.o
 .text.genimg_get_arch_id
                0x00000000       0x14 common/built-in.o
 .text.genimg_get_type_id
                0x00000000       0x14 common/built-in.o
 .text.genimg_get_comp_id
                0x00000000       0x14 common/built-in.o
 .text.genimg_get_kernel_addr_fit
                0x00000000       0x14 common/built-in.o
 .text.genimg_get_kernel_addr
                0x00000000       0x18 common/built-in.o
 .text.genimg_get_format
                0x00000000       0x20 common/built-in.o
 .text.genimg_get_image
                0x00000000        0x2 common/built-in.o
 .text.genimg_has_config
                0x00000000        0x4 common/built-in.o
 .text.boot_get_ramdisk
                0x00000000      0x134 common/built-in.o
 .text.boot_ramdisk_high
                0x00000000       0xc0 common/built-in.o
 .text.boot_get_setup
                0x00000000        0x6 common/built-in.o
 .text.image_setup_linux
                0x00000000       0x52 common/built-in.o
 .text.fdt_error
                0x00000000       0x24 common/built-in.o
 .text.boot_fdt_add_mem_rsv_regions
                0x00000000       0x54 common/built-in.o
 .text.boot_relocate_fdt
                0x00000000      0x10c common/built-in.o
 .text.boot_get_fdt
                0x00000000      0x1a8 common/built-in.o
 .text.ft_verify_fdt
                0x00000000        0x4 common/built-in.o
 .text.arch_fixup_fdt
                0x00000000        0x4 common/built-in.o
 .text.image_setup_libfdt
                0x00000000       0x90 common/built-in.o
 .text.get_ram_size
                0x00000000       0x90 common/built-in.o
 .text.get_effective_memsize
                0x00000000        0x6 common/built-in.o
 .text.nulldev_putc
                0x00000000        0x2 common/built-in.o
 .text.nulldev_puts
                0x00000000        0x2 common/built-in.o
 .text.nulldev_input
                0x00000000        0x4 common/built-in.o
 .text.stdio_serial_tstc
                0x00000000        0x4 common/built-in.o
 .text.stdio_serial_getc
                0x00000000        0x4 common/built-in.o
 .text.stdio_serial_puts
                0x00000000        0x6 common/built-in.o
 .text.stdio_serial_putc
                0x00000000        0x6 common/built-in.o
 .text.stdio_get_list
                0x00000000        0x8 common/built-in.o
 .text.stdio_get_by_name
                0x00000000       0x30 common/built-in.o
 .text.stdio_clone
                0x00000000       0x22 common/built-in.o
 .text.stdio_register_dev
                0x00000000       0x30 common/built-in.o
 .text.stdio_register
                0x00000000        0x6 common/built-in.o
 .text.stdio_init_tables
                0x00000000       0x14 common/built-in.o
 .text.stdio_add_devices
                0x00000000       0x94 common/built-in.o
 .text.stdio_init
                0x00000000        0xe common/built-in.o
 .text.cli_simple_parse_line
                0x00000000       0x54 common/built-in.o
 .text.cli_simple_process_macros
                0x00000000      0x118 common/built-in.o
 .text.cli_simple_run_command
                0x00000000       0xc0 common/built-in.o
 .text.cli_simple_loop
                0x00000000       0x50 common/built-in.o
 .text.cli_simple_run_command_list
                0x00000000       0x3a common/built-in.o
 .text.run_command
                0x00000000        0xe common/built-in.o
 .text.run_command_repeatable
                0x00000000       0x12 common/built-in.o
 .text.run_command_list
                0x00000000       0x38 common/built-in.o
 .text.do_run   0x00000000       0x50 common/built-in.o
 .text.cli_loop
                0x00000000        0x8 common/built-in.o
 .text.cli_init
                0x00000000        0x4 common/built-in.o
 .text.delete_char.part.0
                0x00000000       0x84 common/built-in.o
 .text.cread_add_char
                0x00000000       0x80 common/built-in.o
 .text.cli_readline_into_buffer
                0x00000000      0x5fc common/built-in.o
 .text.cli_readline
                0x00000000       0x10 common/built-in.o
 .text.find_cmd_tbl
                0x00000000       0x64 common/built-in.o
 .text.find_cmd
                0x00000000       0x1c common/built-in.o
 .text.cmd_usage
                0x00000000       0x3c common/built-in.o
 .text._do_help
                0x00000000       0xfc common/built-in.o
 .text.var_complete
                0x00000000       0x48 common/built-in.o
 .text.cmd_auto_complete
                0x00000000      0x304 common/built-in.o
 .text.cmd_get_data_size
                0x00000000       0x38 common/built-in.o
 .text.cmd_process
                0x00000000       0x94 common/built-in.o
 .text.cmd_process_error
                0x00000000       0x1c common/built-in.o
 .text.hex1_bin
                0x00000000       0x2a common/built-in.o
 .text.hex2_bin
                0x00000000       0x24 common/built-in.o
 .text.srec_decode
                0x00000000      0x184 common/built-in.o
 .text.CYGACC_COMM_IF_GETC_TIMEOUT.isra.0
                0x00000000       0x2c common/built-in.o
 .text.xyzModem_flush
                0x00000000       0x14 common/built-in.o
 .text.xyzModem_get_hdr
                0x00000000      0x16c common/built-in.o
 .text.xyzModem_stream_open
                0x00000000      0x178 common/built-in.o
 .text.xyzModem_stream_read
                0x00000000      0x1c0 common/built-in.o
 .text.xyzModem_stream_close
                0x00000000       0x40 common/built-in.o
 .text.xyzModem_stream_terminate
                0x00000000       0x68 common/built-in.o
 .text.xyzModem_error
                0x00000000       0x18 common/built-in.o
 .text.common_diskboot
                0x00000000      0x120 common/built-in.o
 .rodata.str1.1
                0x00000000     0x103e common/built-in.o
 .rodata.__func__.7207
                0x00000000        0xb common/built-in.o
 .rodata.default_environment
                0x00000000      0x986 common/built-in.o
 .rodata.__func__.7184
                0x00000000       0x10 common/built-in.o
 .rodata.__func__.7200
                0x00000000        0xb common/built-in.o
 .rodata.uimage_comp
                0x00000000       0x48 common/built-in.o
 .rodata.uimage_os
                0x00000000       0x6c common/built-in.o
 .rodata.uimage_arch
                0x00000000      0x12c common/built-in.o
 .rodata.uimage_type
                0x00000000      0x114 common/built-in.o
 .rodata.tab_seq
                0x00000000        0x9 common/built-in.o
 .rodata.erase_seq
                0x00000000        0x4 common/built-in.o
 .rodata.CSWTCH.66
                0x00000000       0x16 common/built-in.o
 .rodata.CSWTCH.28
                0x00000000       0x20 common/built-in.o
 .data          0x00000000        0x0 common/built-in.o
 .data.env_id   0x00000000        0x4 common/built-in.o
 .data.env_htab
                0x00000000       0x10 common/built-in.o
 .data.load_addr
                0x00000000        0x4 common/built-in.o
 .data.stdio_names
                0x00000000        0xc common/built-in.o
 .data.hist_cur
                0x00000000        0x4 common/built-in.o
 .u_boot_list_2_cmd_1
                0x00000000        0x0 common/built-in.o
 .u_boot_list_2_cmd_3
                0x00000000        0x0 common/built-in.o
 .bss           0x00000000        0x0 common/built-in.o
 .bss.ctrlc_was_pressed
                0x00000000        0x4 common/built-in.o
 .bss.ctrlc_disabled
                0x00000000        0x4 common/built-in.o
 .bss.save_addr
                0x00000000        0x4 common/built-in.o
 .bss.save_size
                0x00000000        0x4 common/built-in.o
 .bss.devs      0x00000000       0x4c common/built-in.o
 .bss.lastcommand.6852
                0x00000000      0x100 common/built-in.o
 .bss.hist_list
                0x00000000       0x50 common/built-in.o
 .bss.hist_lines
                0x00000000     0x1414 common/built-in.o
 .bss.hist_max  0x00000000        0x4 common/built-in.o
 .bss.hist_add_idx
                0x00000000        0x4 common/built-in.o
 .bss.initted.6928
                0x00000000        0x4 common/built-in.o
 .bss.hist_num  0x00000000        0x4 common/built-in.o
 .bss.console_buffer
                0x00000000      0x101 common/built-in.o
 .bss.tmp_buf.6813
                0x00000000      0x200 common/built-in.o
 .bss.tmp_buf   0x00000000      0x100 common/built-in.o
 .bss.xyz       0x00000000      0x434 common/built-in.o
 .text          0x00000000        0x0 disk/built-in.o
 .text.get_dev_hwpart
                0x00000000       0x64 disk/built-in.o
 .text.get_dev  0x00000000        0x6 disk/built-in.o
 .text.dev_print
                0x00000000      0x194 disk/built-in.o
 .text.print_part
                0x00000000       0xa0 disk/built-in.o
 .text.get_device
                0x00000000       0xa4 disk/built-in.o
 .text.get_device_and_partition
                0x00000000      0x294 disk/built-in.o
 .text.print_partition_extended
                0x00000000      0x1b8 disk/built-in.o
 .text.print_part_dos
                0x00000000       0x20 disk/built-in.o
 .rodata.block_drvr
                0x00000000       0x30 disk/built-in.o
 .data          0x00000000        0x0 disk/built-in.o
 .bss           0x00000000        0x0 disk/built-in.o
 .text          0x00000000        0x0 drivers/i2c/built-in.o
 .text.i2c_get_adapter
                0x00000000       0x40 drivers/i2c/built-in.o
 .text.i2c_init_bus
                0x00000000       0x64 drivers/i2c/built-in.o
 .text.i2c_reloc_fixup
                0x00000000        0x2 drivers/i2c/built-in.o
 .text.i2c_init_board
                0x00000000        0x2 drivers/i2c/built-in.o
 .text.i2c_get_bus_num
                0x00000000        0x6 drivers/i2c/built-in.o
 .text.i2c_set_bus_num
                0x00000000       0x80 drivers/i2c/built-in.o
 .text.i2c_init_all
                0x00000000       0x10 drivers/i2c/built-in.o
 .text.i2c_probe
                0x00000000       0x20 drivers/i2c/built-in.o
 .text.i2c_read
                0x00000000       0x34 drivers/i2c/built-in.o
 .text.i2c_write
                0x00000000       0x34 drivers/i2c/built-in.o
 .text.i2c_set_bus_speed
                0x00000000       0x44 drivers/i2c/built-in.o
 .text.i2c_get_bus_speed
                0x00000000        0xe drivers/i2c/built-in.o
 .text.i2c_reg_read
                0x00000000       0x18 drivers/i2c/built-in.o
 .text.i2c_reg_write
                0x00000000       0x16 drivers/i2c/built-in.o
 .text.i2c_init
                0x00000000        0xe drivers/i2c/built-in.o
 .text.i2c_get_base
                0x00000000       0x10 drivers/i2c/built-in.o
 .data          0x00000000        0x0 drivers/i2c/built-in.o
 .bss           0x00000000        0x0 drivers/i2c/built-in.o
 .text          0x00000000        0x0 drivers/gpio/built-in.o
 .text.gpio_set_value
                0x00000000       0x34 drivers/gpio/built-in.o
 .text.gpio_request
                0x00000000        0xc drivers/gpio/built-in.o
 .text.gpio_free
                0x00000000        0x4 drivers/gpio/built-in.o
 .text.gpio_direction_output
                0x00000000       0x38 drivers/gpio/built-in.o
 .data          0x00000000        0x0 drivers/gpio/built-in.o
 .bss           0x00000000        0x0 drivers/gpio/built-in.o
 .text          0x00000000        0x0 drivers/mmc/built-in.o
 .text.fdt_fixup_esdhc
                0x00000000       0x3c drivers/mmc/built-in.o
 .text.board_mmc_getwp
                0x00000000        0x6 drivers/mmc/built-in.o
 .text.mmc_getwp
                0x00000000       0x20 drivers/mmc/built-in.o
 .text.board_mmc_getcd
                0x00000000        0x6 drivers/mmc/built-in.o
 .text.mmc_switch_part
                0x00000000       0x3c drivers/mmc/built-in.o
 .text.mmc_select_hwpart
                0x00000000       0x48 drivers/mmc/built-in.o
 .text.mmc_hwpart_config
                0x00000000      0x2c8 drivers/mmc/built-in.o
 .text.mmc_register
                0x00000000       0x18 drivers/mmc/built-in.o
 .text.mmc_destroy
                0x00000000        0x4 drivers/mmc/built-in.o
 .text.mmc_get_dev
                0x00000000       0x1c drivers/mmc/built-in.o
 .text.mmc_set_dsr
                0x00000000        0x6 drivers/mmc/built-in.o
 .text.cpu_mmc_init
                0x00000000        0x6 drivers/mmc/built-in.o
 .text.board_mmc_init
                0x00000000        0x6 drivers/mmc/built-in.o
 .text.print_mmc_devices
                0x00000000       0x84 drivers/mmc/built-in.o
 .text.get_mmc_num
                0x00000000        0xc drivers/mmc/built-in.o
 .text.mmc_set_preinit
                0x00000000        0x6 drivers/mmc/built-in.o
 .rodata.__func__.7325
                0x00000000        0xd drivers/mmc/built-in.o
 .data          0x00000000        0x0 drivers/mmc/built-in.o
 .bss           0x00000000        0x0 drivers/mmc/built-in.o
 .text          0x00000000        0x0 drivers/serial/built-in.o
 .text.serial_stub_start
                0x00000000        0x6 drivers/serial/built-in.o
 .text.serial_stub_stop
                0x00000000        0x6 drivers/serial/built-in.o
 .text.serial_stub_putc
                0x00000000        0x8 drivers/serial/built-in.o
 .text.serial_stub_puts
                0x00000000        0x8 drivers/serial/built-in.o
 .text.serial_stub_getc
                0x00000000        0x6 drivers/serial/built-in.o
 .text.serial_stub_tstc
                0x00000000        0x6 drivers/serial/built-in.o
 .text.serial_null
                0x00000000        0x2 drivers/serial/built-in.o
 .text.serial_register
                0x00000000       0x10 drivers/serial/built-in.o
 .text.serial_stdio_init
                0x00000000       0x64 drivers/serial/built-in.o
 .text.serial_assign
                0x00000000       0x2c drivers/serial/built-in.o
 .text.serial_initialize
                0x00000000       0xca drivers/serial/built-in.o
 .text.serial_reinit_all
                0x00000000       0x18 drivers/serial/built-in.o
 .text.serial_getc
                0x00000000        0xe drivers/serial/built-in.o
 .text.serial_tstc
                0x00000000        0xe drivers/serial/built-in.o
 .text.mxc_serial_initialize
                0x00000000        0xc drivers/serial/built-in.o
 .data          0x00000000        0x0 drivers/serial/built-in.o
 .bss           0x00000000        0x0 drivers/serial/built-in.o
 .bss.serial_devices
                0x00000000        0x4 drivers/serial/built-in.o
 .text          0x00000000        0x0 fs/built-in.o
 .text.do_fat_read
                0x00000000       0x22 fs/built-in.o
 .text.file_fat_detectfs
                0x00000000       0xd4 fs/built-in.o
 .text.file_fat_ls
                0x00000000       0x1a fs/built-in.o
 .text.fat_exists
                0x00000000       0x2a fs/built-in.o
 .text.fat_size
                0x00000000       0x22 fs/built-in.o
 .text.fat_read_file
                0x00000000       0x30 fs/built-in.o
 .text.fat_close
                0x00000000        0x2 fs/built-in.o
 .data          0x00000000        0x0 fs/built-in.o
 .bss           0x00000000        0x0 fs/built-in.o
 .text          0x00000000        0x0 lib/built-in.o
 .text._hdelete.isra.0
                0x00000000       0x30 lib/built-in.o
 .text.drop_var_from_set.part.1
                0x00000000       0x2e lib/built-in.o
 .text.hcreate_r
                0x00000000       0x60 lib/built-in.o
 .text.hdestroy_r
                0x00000000       0x48 lib/built-in.o
 .text.hmatch_r
                0x00000000       0x5c lib/built-in.o
 .text.hsearch_r
                0x00000000      0x2a8 lib/built-in.o
 .text.hdelete_r
                0x00000000       0x80 lib/built-in.o
 .text.himport_r
                0x00000000      0x234 lib/built-in.o
 .text.hwalk_r  0x00000000       0x30 lib/built-in.o
 .text.display_options
                0x00000000       0x18 lib/built-in.o
 .text.print_size
                0x00000000       0xe0 lib/built-in.o
 .text.print_buffer
                0x00000000      0x114 lib/built-in.o
 .text.crc32_no_comp
                0x00000000       0x8c lib/built-in.o
 .text.crc32    0x00000000        0xc lib/built-in.o
 .text.crc32_wd
                0x00000000        0x4 lib/built-in.o
 .text.crc32_wd_buf
                0x00000000       0x22 lib/built-in.o
 .text.copy_from_user
                0x00000000        0xa lib/built-in.o
 .text.kmalloc  0x00000000        0x8 lib/built-in.o
 .text.kzalloc  0x00000000       0x1a lib/built-in.o
 .text.vzalloc  0x00000000        0x6 lib/built-in.o
 .text.get_mem  0x00000000       0x10 lib/built-in.o
 .text.kmem_cache_alloc
                0x00000000        0x8 lib/built-in.o
 .text.skip_spaces
                0x00000000       0x18 lib/built-in.o
 .text.strim    0x00000000       0x34 lib/built-in.o
 .text.strncasecmp
                0x00000000       0x54 lib/built-in.o
 .text.strcasecmp
                0x00000000        0x8 lib/built-in.o
 .text.strncpy  0x00000000       0x18 lib/built-in.o
 .text.strcat   0x00000000       0x1e lib/built-in.o
 .text.strncat  0x00000000       0x2a lib/built-in.o
 .text.strchr   0x00000000       0x18 lib/built-in.o
 .text.strlen   0x00000000       0x10 lib/built-in.o
 .text.strrchr  0x00000000       0x20 lib/built-in.o
 .text.strdup   0x00000000       0x22 lib/built-in.o
 .text.strspn   0x00000000       0x1e lib/built-in.o
 .text.strpbrk  0x00000000       0x20 lib/built-in.o
 .text.strtok   0x00000000       0x44 lib/built-in.o
 .text.strsep   0x00000000       0x1e lib/built-in.o
 .text.strswab  0x00000000       0x26 lib/built-in.o
 .text.bcopy    0x00000000       0x1a lib/built-in.o
 .text.strlcpy  0x00000000       0x2e lib/built-in.o
 .text.memmove  0x00000000       0x32 lib/built-in.o
 .text.memscan  0x00000000       0x16 lib/built-in.o
 .text.strstr   0x00000000       0x48 lib/built-in.o
 .text.memchr   0x00000000       0x1c lib/built-in.o
 .text.memchr_inv
                0x00000000       0xa4 lib/built-in.o
 .text.tick_to_time
                0x00000000       0x48 lib/built-in.o
 .text.get_ticks
                0x00000000       0x32 lib/built-in.o
 .text.timer_init
                0x00000000        0x4 lib/built-in.o
 .text.get_timer
                0x00000000       0x10 lib/built-in.o
 .text.timer_get_us
                0x00000000       0x1c lib/built-in.o
 .text.__udelay
                0x00000000       0x74 lib/built-in.o
 .text.simple_strtoul
                0x00000000       0x70 lib/built-in.o
 .text.strict_strtoul
                0x00000000       0x42 lib/built-in.o
 .text.simple_strtol
                0x00000000       0x1a lib/built-in.o
 .text.ustrtoul
                0x00000000       0x3c lib/built-in.o
 .text.simple_strtoull
                0x00000000       0x9c lib/built-in.o
 .text.ustrtoull
                0x00000000       0x4e lib/built-in.o
 .text.panic    0x00000000       0x30 lib/built-in.o
 .text.__assert_fail
                0x00000000       0x10 lib/built-in.o
 .text.simple_itoa
                0x00000000       0x38 lib/built-in.o
 .text.print_grouped_ull
                0x00000000       0x5c lib/built-in.o
 .rodata.names.6891
                0x00000000        0x6 lib/built-in.o
 .rodata.crc_table
                0x00000000      0x400 lib/built-in.o
 .data          0x00000000        0x0 lib/built-in.o
 .data.cur      0x00000000        0x4 lib/built-in.o
 .data.current  0x00000000        0x4 lib/built-in.o
 .bss           0x00000000        0x0 lib/built-in.o
 .bss.errno     0x00000000        0x4 lib/built-in.o
 .bss.___strtok
                0x00000000        0x4 lib/built-in.o
 .bss.local.7038
                0x00000000       0x16 lib/built-in.o
 .text          0x00000000        0x0 arch/arm/lib/eabi_compat.o
 .data          0x00000000        0x0 arch/arm/lib/eabi_compat.o
 .bss           0x00000000        0x0 arch/arm/lib/eabi_compat.o
 .text.__aeabi_unwind_cpp_pr0
                0x00000000        0x2 arch/arm/lib/eabi_compat.o
 .text.__aeabi_unwind_cpp_pr1
                0x00000000        0x2 arch/arm/lib/eabi_compat.o
 .text.__aeabi_memcpy
                0x00000000        0x4 arch/arm/lib/eabi_compat.o
 .text.__aeabi_memset
                0x00000000        0xa arch/arm/lib/eabi_compat.o
 .data          0x00000000        0x0 /Devel/NOVAsom_SDK/Xcompiler/Xc_NovasisA9_5.3_br_hf_v16_glibc/usr/lib/gcc/arm-buildroot-linux-gnueabihf/5.3.0/libgcc.a(_udivsi3.o)
 .bss           0x00000000        0x0 /Devel/NOVAsom_SDK/Xcompiler/Xc_NovasisA9_5.3_br_hf_v16_glibc/usr/lib/gcc/arm-buildroot-linux-gnueabihf/5.3.0/libgcc.a(_udivsi3.o)
 .data          0x00000000        0x0 /Devel/NOVAsom_SDK/Xcompiler/Xc_NovasisA9_5.3_br_hf_v16_glibc/usr/lib/gcc/arm-buildroot-linux-gnueabihf/5.3.0/libgcc.a(_divsi3.o)
 .bss           0x00000000        0x0 /Devel/NOVAsom_SDK/Xcompiler/Xc_NovasisA9_5.3_br_hf_v16_glibc/usr/lib/gcc/arm-buildroot-linux-gnueabihf/5.3.0/libgcc.a(_divsi3.o)
 .data          0x00000000        0x0 /Devel/NOVAsom_SDK/Xcompiler/Xc_NovasisA9_5.3_br_hf_v16_glibc/usr/lib/gcc/arm-buildroot-linux-gnueabihf/5.3.0/libgcc.a(_lshrdi3.o)
 .bss           0x00000000        0x0 /Devel/NOVAsom_SDK/Xcompiler/Xc_NovasisA9_5.3_br_hf_v16_glibc/usr/lib/gcc/arm-buildroot-linux-gnueabihf/5.3.0/libgcc.a(_lshrdi3.o)
 .data          0x00000000        0x0 /Devel/NOVAsom_SDK/Xcompiler/Xc_NovasisA9_5.3_br_hf_v16_glibc/usr/lib/gcc/arm-buildroot-linux-gnueabihf/5.3.0/libgcc.a(_ashldi3.o)
 .bss           0x00000000        0x0 /Devel/NOVAsom_SDK/Xcompiler/Xc_NovasisA9_5.3_br_hf_v16_glibc/usr/lib/gcc/arm-buildroot-linux-gnueabihf/5.3.0/libgcc.a(_ashldi3.o)
 .data          0x00000000        0x0 /Devel/NOVAsom_SDK/Xcompiler/Xc_NovasisA9_5.3_br_hf_v16_glibc/usr/lib/gcc/arm-buildroot-linux-gnueabihf/5.3.0/libgcc.a(_dvmd_lnx.o)
 .bss           0x00000000        0x0 /Devel/NOVAsom_SDK/Xcompiler/Xc_NovasisA9_5.3_br_hf_v16_glibc/usr/lib/gcc/arm-buildroot-linux-gnueabihf/5.3.0/libgcc.a(_dvmd_lnx.o)

Memory Configuration

Name             Origin             Length             Attributes
.sram            0x00908000         0x00010000
.sdram           0x18200000         0x00100000
*default*        0x00000000         0xffffffff

Linker script and memory map


.text           0x00908000     0x568c
                0x00908000                __start = .
 *(.vectors)
 .vectors       0x00908000       0x60 arch/arm/lib/built-in.o
                0x00908000                _start
                0x00908020                _undefined_instruction
                0x00908024                _software_interrupt
                0x00908028                _prefetch_abort
                0x0090802c                _data_abort
                0x00908030                _not_used
                0x00908034                _irq
                0x00908038                _fiq
 arch/arm/cpu/armv7/start.o(.text*)
 .text          0x00908060       0xbc arch/arm/cpu/armv7/start.o
                0x00908060                reset
                0x00908064                save_boot_params_ret
                0x009080a0                c_runtime_cpu_setup
                0x009080b0                save_boot_params
                0x009080b4                cpu_init_cp15
                0x00908114                cpu_init_crit
 *(.text*)
 .text          0x0090811c       0x1c arch/arm/cpu/armv7/built-in.o
                0x0090811c                lowlevel_init
 .text.v7_outer_cache_flush_range
                0x00908138        0x2 arch/arm/cpu/armv7/built-in.o
                0x00908138                v7_outer_cache_flush_range
 .text.flush_dcache_range
                0x0090813a       0x28 arch/arm/cpu/armv7/built-in.o
                0x0090813a                flush_dcache_range
 .text.v7_outer_cache_inval_range
                0x00908162        0x2 arch/arm/cpu/armv7/built-in.o
                0x00908162                v7_outer_cache_inval_range
 .text.invalidate_dcache_range
                0x00908164       0x78 arch/arm/cpu/armv7/built-in.o
                0x00908164                invalidate_dcache_range
 .text.get_cpu_rev
                0x009081dc       0x4c arch/arm/cpu/armv7/built-in.o
                0x009081dc                get_cpu_rev
 .text.init_aips
                0x00908228       0x30 arch/arm/cpu/armv7/built-in.o
                0x00908228                init_aips
 .text.arch_cpu_init
                0x00908258      0x12c arch/arm/cpu/armv7/built-in.o
                0x00908258                arch_cpu_init
 .text.s_init   0x00908384       0x8c arch/arm/cpu/armv7/built-in.o
                0x00908384                s_init
 .text.imx_setup_hdmi
                0x00908410       0x58 arch/arm/cpu/armv7/built-in.o
                0x00908410                imx_setup_hdmi
 .text.get_ipg_clk
                0x00908468       0x1c arch/arm/cpu/armv7/built-in.o
 .text.get_uart_clk
                0x00908484       0x3c arch/arm/cpu/armv7/built-in.o
 .text.mxc_get_pll_pfd
                0x009084c0       0x6c arch/arm/cpu/armv7/built-in.o
 .text.get_usdhc_clk
                0x0090852c       0x58 arch/arm/cpu/armv7/built-in.o
 .text.get_periph_clk
                0x00908584       0x88 arch/arm/cpu/armv7/built-in.o
                0x00908584                get_periph_clk
 .text.get_axi_clk
                0x0090860c       0x34 arch/arm/cpu/armv7/built-in.o
 .text.imx_get_uartclk
                0x00908640        0x4 arch/arm/cpu/armv7/built-in.o
                0x00908640                imx_get_uartclk
 .text.mxc_get_clock
                0x00908644      0x118 arch/arm/cpu/armv7/built-in.o
                0x00908644                mxc_get_clock
 .text.enable_ipu_clock
                0x0090875c       0x10 arch/arm/cpu/armv7/built-in.o
                0x0090875c                enable_ipu_clock
 .text.mx6dq_dram_iocfg
                0x0090876c      0x154 arch/arm/cpu/armv7/built-in.o
                0x0090876c                mx6dq_dram_iocfg
 .text.mx6_dram_cfg
                0x009088c0      0x650 arch/arm/cpu/armv7/built-in.o
                0x009088c0                mx6_dram_cfg
 .text          0x00908f10       0x80 arch/arm/lib/built-in.o
                0x00908f10                _main
 .text.imx_iomux_v3_setup_pad
                0x00908f90       0x74 arch/arm/imx-common/built-in.o
                0x00908f90                imx_iomux_v3_setup_pad
 .text.imx_iomux_v3_setup_multiple_pads
                0x00909004       0x38 arch/arm/imx-common/built-in.o
                0x00909004                imx_iomux_v3_setup_multiple_pads
 .text.cpu_mmc_init
                0x0090903c        0x4 arch/arm/imx-common/built-in.o
                0x0090903c                cpu_mmc_init
 .text.get_ahb_clk
                0x00909040       0x1c arch/arm/imx-common/built-in.o
                0x00909040                get_ahb_clk
 .text.spl_boot_device
                0x0090905c       0x58 arch/arm/imx-common/built-in.o
                0x0090905c                spl_boot_device
 .text.spl_boot_mode
                0x009090b4       0x20 arch/arm/imx-common/built-in.o
                0x009090b4                spl_boot_mode
 .text.timer_init
                0x009090d4       0xe4 arch/arm/imx-common/built-in.o
                0x009090d4                timer_init
 .text.get_ticks
                0x009091b8       0x34 arch/arm/imx-common/built-in.o
                0x009091b8                get_ticks
 .text.get_timer_masked
                0x009091ec       0xa8 arch/arm/imx-common/built-in.o
                0x009091ec                get_timer_masked
 .text.get_timer
                0x00909294        0xc arch/arm/imx-common/built-in.o
                0x00909294                get_timer
 .text.__udelay
                0x009092a0       0xd0 arch/arm/imx-common/built-in.o
                0x009092a0                __udelay
 .text.board_mmc_getcd
                0x00909370       0x24 board/novasoms/built-in.o
                0x00909370                board_mmc_getcd
 .text.board_mmc_init
                0x00909394       0x5c board/novasoms/built-in.o
                0x00909394                board_mmc_init
 .text.board_early_init_f
                0x009093f0       0x50 board/novasoms/built-in.o
                0x009093f0                board_early_init_f
 .text.board_init_f
                0x00909440       0xb0 board/novasoms/built-in.o
                0x00909440                board_init_f
 .text.reset_cpu
                0x009094f0        0x2 board/novasoms/built-in.o
                0x009094f0                reset_cpu
 *fill*         0x009094f2        0x2 
 .text.spl_set_header_raw_uboot
                0x009094f4       0x24 common/spl/built-in.o
                0x009094f4                spl_set_header_raw_uboot
 .text.spl_parse_image_header
                0x00909518       0x4c common/spl/built-in.o
                0x00909518                spl_parse_image_header
 .text.jump_to_image_no_args
                0x00909564        0x6 common/spl/built-in.o
                0x00909564                jump_to_image_no_args
 *fill*         0x0090956a        0x2 
 .text.board_init_r
                0x0090956c       0x48 common/spl/built-in.o
                0x0090956c                board_init_r
 .text.preloader_console_init
                0x009095b4       0x2c common/spl/built-in.o
                0x009095b4                preloader_console_init
 .text.spl_relocate_stack_gd
                0x009095e0        0x4 common/spl/built-in.o
                0x009095e0                spl_relocate_stack_gd
 .text.spl_mmc_load_image
                0x009095e4       0xd0 common/spl/built-in.o
                0x009095e4                spl_mmc_load_image
 .text.spl_load_image_fat
                0x009096b4       0x7c common/spl/built-in.o
                0x009096b4                spl_load_image_fat
 .text.puts     0x00909730       0x24 common/built-in.o
                0x00909730                puts
 .text.printf   0x00909754       0x2c common/built-in.o
                0x00909754                printf
 .text.sbrk     0x00909780       0x44 common/built-in.o
                0x00909780                sbrk
 .text.mem_malloc_init
                0x009097c4       0x28 common/built-in.o
                0x009097c4                mem_malloc_init
 .text.malloc_trim
                0x009097ec       0x80 common/built-in.o
                0x009097ec                malloc_trim
 .text.free     0x0090986c      0x16c common/built-in.o
                0x0090986c                free
 .text.malloc   0x009099d8      0x420 common/built-in.o
                0x009099d8                malloc
 .text.calloc   0x00909df8       0xbc common/built-in.o
                0x00909df8                calloc
 .text.memalign
                0x00909eb4       0xbe common/built-in.o
                0x00909eb4                memalign
 .text.malloc_simple
                0x00909f72       0x28 common/built-in.o
                0x00909f72                malloc_simple
 .text.init_part
                0x00909f9a       0x14 disk/built-in.o
                0x00909f9a                init_part
 .text.get_partition_info
                0x00909fae       0x1c disk/built-in.o
                0x00909fae                get_partition_info
 *fill*         0x00909fca        0x2 
 .text.test_block_type
                0x00909fcc       0x50 disk/built-in.o
 .text.get_partition_info_extended.constprop.1
                0x0090a01c      0x1f8 disk/built-in.o
 .text.test_part_dos
                0x0090a214       0x42 disk/built-in.o
                0x0090a214                test_part_dos
 .text.get_partition_info_dos
                0x0090a256       0x16 disk/built-in.o
                0x0090a256                get_partition_info_dos
 .text.wait_for_sr_state
                0x0090a26c       0x78 drivers/i2c/built-in.o
 .text.tx_byte  0x0090a2e4       0x20 drivers/i2c/built-in.o
 .text.i2c_imx_get_clk
                0x0090a304       0x40 drivers/i2c/built-in.o
 .text.i2c_imx_stop
                0x0090a344       0x30 drivers/i2c/built-in.o
 .text.mxc_i2c_set_bus_speed
                0x0090a374       0x2c drivers/i2c/built-in.o
 .text.__i2c_force_reset_slave
                0x0090a3a0        0x2 drivers/i2c/built-in.o
                0x0090a3a0                __i2c_force_reset_slave
                0x0090a3a0                i2c_force_reset_slave
 *fill*         0x0090a3a2        0x2 
 .text.i2c_init_transfer
                0x0090a3a4      0x12c drivers/i2c/built-in.o
 .text.bus_i2c_read
                0x0090a4d0       0xa2 drivers/i2c/built-in.o
                0x0090a4d0                bus_i2c_read
 *fill*         0x0090a572        0x2 
 .text.mxc_i2c_read
                0x0090a574       0x14 drivers/i2c/built-in.o
 .text.bus_i2c_write
                0x0090a588       0x30 drivers/i2c/built-in.o
                0x0090a588                bus_i2c_write
 .text.mxc_i2c_write
                0x0090a5b8       0x14 drivers/i2c/built-in.o
 .text.mxc_i2c_probe
                0x0090a5cc       0x20 drivers/i2c/built-in.o
 .text.bus_i2c_init
                0x0090a5ec       0x48 drivers/i2c/built-in.o
                0x0090a5ec                bus_i2c_init
 .text.mxc_i2c_init
                0x0090a634       0x1c drivers/i2c/built-in.o
 .text.gpio_get_value
                0x0090a650       0x28 drivers/gpio/built-in.o
                0x0090a650                gpio_get_value
 .text.gpio_direction_input
                0x0090a678       0x2c drivers/gpio/built-in.o
                0x0090a678                gpio_direction_input
 .text.esdhc_getcd
                0x0090a6a4       0x28 drivers/mmc/built-in.o
 .text.esdhc_set_ios
                0x0090a6cc       0xc8 drivers/mmc/built-in.o
 .text.esdhc_init
                0x0090a794       0x6c drivers/mmc/built-in.o
 .text.check_and_invalidate_dcache_range.isra.0
                0x0090a800       0x22 drivers/mmc/built-in.o
 *fill*         0x0090a822        0x2 
 .text.esdhc_send_cmd
                0x0090a824      0x29c drivers/mmc/built-in.o
 .text.fsl_esdhc_initialize
                0x0090aac0       0xec drivers/mmc/built-in.o
                0x0090aac0                fsl_esdhc_initialize
 .text.fsl_esdhc_mmc_init
                0x0090abac       0x22 drivers/mmc/built-in.o
                0x0090abac                fsl_esdhc_mmc_init
 .text.mmc_berase
                0x0090abce        0x4 drivers/mmc/built-in.o
 .text.mmc_bwrite
                0x0090abd2        0x4 drivers/mmc/built-in.o
 .text.mmc_set_ios
                0x0090abd6        0xc drivers/mmc/built-in.o
 .text.mmc_set_capacity
                0x0090abe2       0x64 drivers/mmc/built-in.o
 .text.mmc_send_cmd
                0x0090ac46        0x8 drivers/mmc/built-in.o
                0x0090ac46                mmc_send_cmd
 .text.mmc_send_ext_csd
                0x0090ac4e       0x2e drivers/mmc/built-in.o
 .text.mmc_go_idle
                0x0090ac7c       0x32 drivers/mmc/built-in.o
 *fill*         0x0090acae        0x2 
 .text.mmc_send_op_cond_iter
                0x0090acb0       0x50 drivers/mmc/built-in.o
 .text.mmc_send_status
                0x0090ad00       0x88 drivers/mmc/built-in.o
                0x0090ad00                mmc_send_status
 .text.mmc_switch.isra.0
                0x0090ad88       0x34 drivers/mmc/built-in.o
 .text.mmc_set_blocklen
                0x0090adbc       0x26 drivers/mmc/built-in.o
                0x0090adbc                mmc_set_blocklen
 *fill*         0x0090ade2        0x2 
 .text.find_mmc_device
                0x0090ade4       0x30 drivers/mmc/built-in.o
                0x0090ade4                find_mmc_device
 .text.mmc_bread
                0x0090ae14       0xc8 drivers/mmc/built-in.o
 .text.mmc_getcd
                0x0090aedc       0x20 drivers/mmc/built-in.o
                0x0090aedc                mmc_getcd
 .text.mmc_set_clock
                0x0090aefc       0x1c drivers/mmc/built-in.o
                0x0090aefc                mmc_set_clock
 .text.mmc_startup
                0x0090af18      0x894 drivers/mmc/built-in.o
 .text.mmc_create
                0x0090b7ac       0x98 drivers/mmc/built-in.o
                0x0090b7ac                mmc_create
 .text.board_mmc_power_init
                0x0090b844        0x2 drivers/mmc/built-in.o
                0x0090b844                board_mmc_power_init
 *fill*         0x0090b846        0x2 
 .text.mmc_start_init
                0x0090b848      0x1a0 drivers/mmc/built-in.o
                0x0090b848                mmc_start_init
 .text.mmc_init
                0x0090b9e8       0x9c drivers/mmc/built-in.o
                0x0090b9e8                mmc_init
 .text.mmc_initialize
                0x0090ba84       0x40 drivers/mmc/built-in.o
                0x0090ba84                mmc_initialize
 .text.get_current
                0x0090bac4       0x2c drivers/serial/built-in.o
 .text.serial_init
                0x0090baf0       0x1a drivers/serial/built-in.o
                0x0090baf0                serial_init
 .text.serial_setbrg
                0x0090bb0a        0xe drivers/serial/built-in.o
                0x0090bb0a                serial_setbrg
 .text.serial_putc
                0x0090bb18       0x12 drivers/serial/built-in.o
                0x0090bb18                serial_putc
 .text.serial_puts
                0x0090bb2a       0x12 drivers/serial/built-in.o
                0x0090bb2a                serial_puts
 .text.default_serial_puts
                0x0090bb3c       0x1a drivers/serial/built-in.o
                0x0090bb3c                default_serial_puts
 *fill*         0x0090bb56        0x2 
 .text.mxc_serial_getc
                0x0090bb58       0x18 drivers/serial/built-in.o
 .text.mxc_serial_tstc
                0x0090bb70       0x14 drivers/serial/built-in.o
 .text.mxc_serial_putc
                0x0090bb84       0x20 drivers/serial/built-in.o
 .text.mxc_serial_setbrg
                0x0090bba4       0x38 drivers/serial/built-in.o
 .text.mxc_serial_init
                0x0090bbdc       0x4c drivers/serial/built-in.o
 .text.default_serial_console
                0x0090bc28        0x8 drivers/serial/built-in.o
                0x0090bc28                default_serial_console
 .text.downcase
                0x0090bc30       0x1c fs/built-in.o
 .text.disk_read
                0x0090bc4c       0x30 fs/built-in.o
 .text.get_fatent
                0x0090bc7c       0xd0 fs/built-in.o
 .text.mkcksum  0x0090bd4c       0x36 fs/built-in.o
 *fill*         0x0090bd82        0x2 
 .text.get_cluster
                0x0090bd84       0xf0 fs/built-in.o
 .text.get_name
                0x0090be74       0x70 fs/built-in.o
 .text.read_bootsectandvi
                0x0090bee4       0xb4 fs/built-in.o
 .text.slot2str
                0x0090bf98       0x5c fs/built-in.o
 .text.get_vfatname
                0x0090bff4      0x10c fs/built-in.o
 .text.fat_set_blk_dev
                0x0090c100       0x88 fs/built-in.o
                0x0090c100                fat_set_blk_dev
 .text.fat_register_device
                0x0090c188       0x50 fs/built-in.o
                0x0090c188                fat_register_device
 .text.do_fat_read_at
                0x0090c1d8      0x890 fs/built-in.o
                0x0090c1d8                do_fat_read_at
 .text.file_fat_read_at
                0x0090ca68       0x3c fs/built-in.o
                0x0090ca68                file_fat_read_at
 .text.file_fat_read
                0x0090caa4       0x22 fs/built-in.o
                0x0090caa4                file_fat_read
 .text.__div64_32
                0x0090cac6       0x7e lib/built-in.o
                0x0090cac6                __div64_32
 .text.hang     0x0090cb44       0x10 lib/built-in.o
                0x0090cb44                hang
 .text.strcpy   0x0090cb54       0x10 lib/built-in.o
                0x0090cb54                strcpy
 .text.strcmp   0x0090cb64       0x1a lib/built-in.o
                0x0090cb64                strcmp
 .text.strncmp  0x0090cb7e       0x26 lib/built-in.o
                0x0090cb7e                strncmp
 .text.strnlen  0x0090cba4       0x18 lib/built-in.o
                0x0090cba4                strnlen
 .text.memset   0x0090cbbc       0x46 lib/built-in.o
                0x0090cbbc                memset
 .text.memcpy   0x0090cc02       0x4c lib/built-in.o
                0x0090cc02                memcpy
 .text.memcmp   0x0090cc4e       0x1c lib/built-in.o
                0x0090cc4e                memcmp
 *fill*         0x0090cc6a        0x2 
 .text.udelay   0x0090cc6c       0x20 lib/built-in.o
                0x0090cc6c                udelay
 .text.mdelay   0x0090cc8c       0x14 lib/built-in.o
                0x0090cc8c                mdelay
 .text.put_dec_trunc
                0x0090cca0       0x9a lib/built-in.o
 *fill*         0x0090cd3a        0x2 
 .text.put_dec  0x0090cd3c       0xf4 lib/built-in.o
 .text.string.isra.0
                0x0090ce30       0x60 lib/built-in.o
 .text.number.isra.4
                0x0090ce90      0x1b0 lib/built-in.o
 .text.vsnprintf_internal.isra.6
                0x0090d040      0x41c lib/built-in.o
 .text.vsprintf
                0x0090d45c        0x4 lib/built-in.o
                0x0090d45c                vsprintf
 .text.sprintf  0x0090d460       0x1a lib/built-in.o
                0x0090d460                sprintf
 .text.raise    0x0090d47a        0x4 arch/arm/lib/eabi_compat.o
                0x0090d47a                raise
 *fill*         0x0090d47e        0x2 
 .text          0x0090d480       0xc8 /Devel/NOVAsom_SDK/Xcompiler/Xc_NovasisA9_5.3_br_hf_v16_glibc/usr/lib/gcc/arm-buildroot-linux-gnueabihf/5.3.0/libgcc.a(_udivsi3.o)
                0x0090d480                __udivsi3
                0x0090d480                __aeabi_uidiv
                0x0090d528                __aeabi_uidivmod
 .text          0x0090d548       0xfc /Devel/NOVAsom_SDK/Xcompiler/Xc_NovasisA9_5.3_br_hf_v16_glibc/usr/lib/gcc/arm-buildroot-linux-gnueabihf/5.3.0/libgcc.a(_divsi3.o)
                0x0090d548                __aeabi_idiv
                0x0090d548                __divsi3
                0x0090d624                __aeabi_idivmod
 .text          0x0090d644       0x1c /Devel/NOVAsom_SDK/Xcompiler/Xc_NovasisA9_5.3_br_hf_v16_glibc/usr/lib/gcc/arm-buildroot-linux-gnueabihf/5.3.0/libgcc.a(_lshrdi3.o)
                0x0090d644                __aeabi_llsr
                0x0090d644                __lshrdi3
 .text          0x0090d660       0x1c /Devel/NOVAsom_SDK/Xcompiler/Xc_NovasisA9_5.3_br_hf_v16_glibc/usr/lib/gcc/arm-buildroot-linux-gnueabihf/5.3.0/libgcc.a(_ashldi3.o)
                0x0090d660                __ashldi3
                0x0090d660                __aeabi_llsl
 .text          0x0090d67c       0x10 /Devel/NOVAsom_SDK/Xcompiler/Xc_NovasisA9_5.3_br_hf_v16_glibc/usr/lib/gcc/arm-buildroot-linux-gnueabihf/5.3.0/libgcc.a(_dvmd_lnx.o)
                0x0090d67c                __aeabi_ldiv0
                0x0090d67c                __aeabi_idiv0

.glue_7         0x0090d68c        0x0
 .glue_7        0x0090d68c        0x0 linker stubs

.glue_7t        0x0090d68c        0x0
 .glue_7t       0x0090d68c        0x0 linker stubs

.vfp11_veneer   0x0090d68c        0x0
 .vfp11_veneer  0x0090d68c        0x0 linker stubs

.v4_bx          0x0090d68c        0x0
 .v4_bx         0x0090d68c        0x0 linker stubs

.iplt           0x0090d68c        0x0
 .iplt          0x0090d68c        0x0 arch/arm/cpu/armv7/start.o
                0x0090d68c                . = ALIGN (0x4)

.rodata         0x0090d690     0x16ee
 *(SORT(.rodata*))
 .rodata.usdhc4_pads
                0x0090d690       0xb0 board/novasoms/built-in.o
 .rodata.uart1_pads
                0x0090d740       0x20 board/novasoms/built-in.o
 .rodata.usdhc3_pads
                0x0090d760       0x70 board/novasoms/built-in.o
 .rodata.i2c_bases
                0x0090d7d0        0xc drivers/i2c/built-in.o
 .rodata.gpio_ports
                0x0090d7dc       0x1c drivers/gpio/built-in.o
 .rodata.esdhc_ops
                0x0090d7f8       0x14 drivers/mmc/built-in.o
 .rodata.ext_csd_bits.7308
                0x0090d80c       0x14 drivers/mmc/built-in.o
 .rodata.ext_to_hostcaps.7309
                0x0090d820       0x1c drivers/mmc/built-in.o
 .rodata.widths.7310
                0x0090d83c       0x14 drivers/mmc/built-in.o
 .rodata.multipliers
                0x0090d850       0x40 drivers/mmc/built-in.o
 .rodata.fbase  0x0090d890       0x10 drivers/mmc/built-in.o
 .rodata.i2c_clk_div
                0x0090d8a0       0xc8 drivers/i2c/built-in.o
 .rodata.__func__.7003
                0x0090d968       0x16 arch/arm/cpu/armv7/built-in.o
 .rodata.str1.1
                0x0090d97e      0x250 arch/arm/cpu/armv7/built-in.o
                                0x25a (size before relaxing)
 .rodata.str1.1
                0x0090dbce      0x2af arch/arm/imx-common/built-in.o
                                0x2b1 (size before relaxing)
 .rodata.str1.1
                0x0090de7d      0x114 common/spl/built-in.o
 .rodata.__func__.6946
                0x0090df91       0x18 common/spl/built-in.o
 .rodata.__func__.6955
                0x0090dfa9       0x13 common/spl/built-in.o
 .rodata.str1.1
                0x0090dfbc      0x469 disk/built-in.o
                                0x496 (size before relaxing)
 .rodata.str1.1
                0x0090e425       0xf2 drivers/i2c/built-in.o
 .rodata.__func__.7168
                0x0090e517       0x12 drivers/i2c/built-in.o
 .rodata.__func__.7236
                0x0090e529       0x12 drivers/i2c/built-in.o
 .rodata.__func__.7193
                0x0090e53b        0xd drivers/i2c/built-in.o
 .rodata.str1.1
                0x0090e548      0x43e drivers/mmc/built-in.o
                                0x445 (size before relaxing)
 .rodata.str1.1
                0x0090e986       0x15 drivers/serial/built-in.o
 .rodata.str1.1
                0x0090e99b      0x191 fs/built-in.o
                                0x1bc (size before relaxing)
 .rodata.str1.1
                0x0090eb2c      0x131 lib/built-in.o
                                0x133 (size before relaxing)
 .rodata._ctype
                0x0090ec5d      0x100 lib/built-in.o
                0x0090ec5d                _ctype
 .rodata.hex_asc
                0x0090ed5d       0x11 lib/built-in.o
 .rodata.digits.6849
                0x0090ed6e       0x10 lib/built-in.o

.rel.dyn        0x0090ed80        0x0
 .rel.iplt      0x0090ed80        0x0 arch/arm/cpu/armv7/start.o
                0x0090ed80                . = ALIGN (0x4)

.data           0x0090ed80      0x6b0
 *(SORT(.data*))
 .data.imx_ccm  0x0090ed80        0x4 arch/arm/cpu/armv7/built-in.o
                0x0090ed80                imx_ccm
 .data.usdhc_cfg
                0x0090ed84       0x58 board/novasoms/built-in.o
 .data.mx6q_2g_mmdc_calib
                0x0090eddc       0x30 board/novasoms/built-in.o
 .data.mx6dq_ddr_ioregs
                0x0090ee0c       0xc8 board/novasoms/built-in.o
 .data.mx6dq_grp_ioregs
                0x0090eed4       0xac board/novasoms/built-in.o
 .data          0x0090ef80       0x50 common/spl/built-in.o
 .data.av_      0x0090efd0      0x408 common/built-in.o
 .data.sbrk_base
                0x0090f3d8        0x4 common/built-in.o
 .data.trim_threshold
                0x0090f3dc        0x4 common/built-in.o
 .data.cur_dev_num
                0x0090f3e0        0x4 drivers/mmc/built-in.o
 .data.mxc_serial_drv
                0x0090f3e4       0x30 drivers/serial/built-in.o
 .data.h5t04g63afr
                0x0090f414       0x10 board/novasoms/built-in.o
 .data.mem_s    0x0090f424        0xc board/novasoms/built-in.o

.igot.plt       0x0090f430        0x0
 .igot.plt      0x0090f430        0x0 arch/arm/cpu/armv7/start.o

.__bss_end      0x0090f430        0x0
 .__bss_end     0x0090f430        0x0 arch/arm/lib/built-in.o

.__bss_start    0x0090f430        0x0
 .__bss_start   0x0090f430        0x0 arch/arm/lib/built-in.o
                0x0090f430                . = ALIGN (0x4)

.u_boot_list    0x0090f430       0x84
 *(SORT(.u_boot_list*_i2c_*))
 .u_boot_list_2_i2c_1
                0x0090f430        0x0 drivers/i2c/built-in.o
 .u_boot_list_2_i2c_2_mxc0
                0x0090f430       0x2c drivers/i2c/built-in.o
                0x0090f430                _u_boot_list_2_i2c_2_mxc0
 .u_boot_list_2_i2c_2_mxc1
                0x0090f45c       0x2c drivers/i2c/built-in.o
                0x0090f45c                _u_boot_list_2_i2c_2_mxc1
 .u_boot_list_2_i2c_2_mxc2
                0x0090f488       0x2c drivers/i2c/built-in.o
                0x0090f488                _u_boot_list_2_i2c_2_mxc2
 .u_boot_list_2_i2c_3
                0x0090f4b4        0x0 drivers/i2c/built-in.o
                0x0090f4b4                . = ALIGN (0x4)
                0x0090f4b4                __image_copy_end = .

.end
 *(.__end)

.bss            0x18200000    0x300e4
                0x18200000                . = ALIGN (0x4)
                0x18200000                __bss_start = .
 *(.bss*)
 .bss.spl_image
                0x18200000       0x18 common/spl/built-in.o
                0x18200000                spl_image
 .bss.fat_registered
                0x18200018        0x4 common/spl/built-in.o
 .bss.max_total_mem
                0x1820001c        0x4 common/built-in.o
 .bss.mem_malloc_brk
                0x18200020        0x4 common/built-in.o
                0x18200020                mem_malloc_brk
 .bss.max_sbrked_mem
                0x18200024        0x4 common/built-in.o
 .bss.current_mallinfo
                0x18200028       0x28 common/built-in.o
 .bss.mem_malloc_end
                0x18200050        0x4 common/built-in.o
                0x18200050                mem_malloc_end
 .bss.top_pad   0x18200054        0x4 common/built-in.o
 .bss.mem_malloc_start
                0x18200058        0x4 common/built-in.o
                0x18200058                mem_malloc_start
 .bss.stdio_devices
                0x1820005c        0xc common/built-in.o
                0x1820005c                stdio_devices
 .bss.mmc_devices
                0x18200068        0x8 drivers/mmc/built-in.o
 .bss.serial_current
                0x18200070        0x4 drivers/serial/built-in.o
 *fill*         0x18200074        0xc 
 .bss.do_fat_read_at_block
                0x18200080    0x10000 fs/built-in.o
                0x18200080                do_fat_read_at_block
 .bss.get_dentfromdir_block
                0x18210080    0x10000 fs/built-in.o
                0x18210080                get_dentfromdir_block
 .bss.cur_part_info
                0x18220080       0x50 fs/built-in.o
 *fill*         0x182200d0       0x10 
 .bss.get_contents_vfatname_block
                0x182200e0    0x10000 fs/built-in.o
                0x182200e0                get_contents_vfatname_block
 .bss.cur_dev   0x182300e0        0x4 fs/built-in.o
                0x182300e4                . = ALIGN (0x4)
                0x182300e4                __bss_end = .
Address of section .text set to 0x908000
LOAD arch/arm/cpu/armv7/start.o
START GROUP
LOAD arch/arm/cpu/armv7/built-in.o
LOAD arch/arm/cpu/built-in.o
LOAD arch/arm/lib/built-in.o
LOAD arch/arm/imx-common/built-in.o
LOAD board/novasoms/built-in.o
LOAD common/spl/built-in.o
LOAD common/built-in.o
LOAD disk/built-in.o
LOAD drivers/i2c/built-in.o
LOAD drivers/gpio/built-in.o
LOAD drivers/mmc/built-in.o
LOAD drivers/serial/built-in.o
LOAD fs/built-in.o
LOAD lib/built-in.o
END GROUP
LOAD arch/arm/lib/eabi_compat.o
LOAD /Devel/NOVAsom_SDK/Xcompiler/Xc_NovasisA9_5.3_br_hf_v16_glibc/usr/lib/gcc/arm-buildroot-linux-gnueabihf/5.3.0/libgcc.a
OUTPUT(u-boot-spl elf32-littlearm)

.ARM.attributes
                0x00000000       0x2f
 .ARM.attributes
                0x00000000       0x1f arch/arm/cpu/armv7/start.o
 .ARM.attributes
                0x0000001f       0x2d arch/arm/cpu/armv7/built-in.o
 .ARM.attributes
                0x0000004c       0x2b arch/arm/lib/built-in.o
 .ARM.attributes
                0x00000077       0x2d arch/arm/imx-common/built-in.o
 .ARM.attributes
                0x000000a4       0x2d board/novasoms/built-in.o
 .ARM.attributes
                0x000000d1       0x2d common/spl/built-in.o
 .ARM.attributes
                0x000000fe       0x2d common/built-in.o
 .ARM.attributes
                0x0000012b       0x2d disk/built-in.o
 .ARM.attributes
                0x00000158       0x2d drivers/i2c/built-in.o
 .ARM.attributes
                0x00000185       0x2d drivers/gpio/built-in.o
 .ARM.attributes
                0x000001b2       0x2d drivers/mmc/built-in.o
 .ARM.attributes
                0x000001df       0x2d drivers/serial/built-in.o
 .ARM.attributes
                0x0000020c       0x2d fs/built-in.o
 .ARM.attributes
                0x00000239       0x2d lib/built-in.o
 .ARM.attributes
                0x00000266       0x2d arch/arm/lib/eabi_compat.o
 .ARM.attributes
                0x00000293       0x2b /Devel/NOVAsom_SDK/Xcompiler/Xc_NovasisA9_5.3_br_hf_v16_glibc/usr/lib/gcc/arm-buildroot-linux-gnueabihf/5.3.0/libgcc.a(_udivsi3.o)
 .ARM.attributes
                0x000002be       0x2b /Devel/NOVAsom_SDK/Xcompiler/Xc_NovasisA9_5.3_br_hf_v16_glibc/usr/lib/gcc/arm-buildroot-linux-gnueabihf/5.3.0/libgcc.a(_divsi3.o)
 .ARM.attributes
                0x000002e9       0x2b /Devel/NOVAsom_SDK/Xcompiler/Xc_NovasisA9_5.3_br_hf_v16_glibc/usr/lib/gcc/arm-buildroot-linux-gnueabihf/5.3.0/libgcc.a(_lshrdi3.o)
 .ARM.attributes
                0x00000314       0x2b /Devel/NOVAsom_SDK/Xcompiler/Xc_NovasisA9_5.3_br_hf_v16_glibc/usr/lib/gcc/arm-buildroot-linux-gnueabihf/5.3.0/libgcc.a(_ashldi3.o)
 .ARM.attributes
                0x0000033f       0x2b /Devel/NOVAsom_SDK/Xcompiler/Xc_NovasisA9_5.3_br_hf_v16_glibc/usr/lib/gcc/arm-buildroot-linux-gnueabihf/5.3.0/libgcc.a(_dvmd_lnx.o)

.comment        0x00000000       0x1f
 .comment       0x00000000       0x1f arch/arm/cpu/armv7/built-in.o
                                0x100 (size before relaxing)
 .comment       0x0000001f       0xe0 arch/arm/lib/built-in.o
 .comment       0x0000001f      0x160 arch/arm/imx-common/built-in.o
 .comment       0x0000001f       0x40 board/novasoms/built-in.o
 .comment       0x0000001f       0x60 common/spl/built-in.o
 .comment       0x0000001f      0x220 common/built-in.o
 .comment       0x0000001f       0x40 disk/built-in.o
 .comment       0x0000001f       0x40 drivers/i2c/built-in.o
 .comment       0x0000001f       0x20 drivers/gpio/built-in.o
 .comment       0x0000001f       0x40 drivers/mmc/built-in.o
 .comment       0x0000001f       0x40 drivers/serial/built-in.o
 .comment       0x0000001f       0x20 fs/built-in.o
 .comment       0x0000001f      0x180 lib/built-in.o
 .comment       0x0000001f       0x20 arch/arm/lib/eabi_compat.o

.note.GNU-stack
                0x00000000        0x0
 .note.GNU-stack
                0x00000000        0x0 arch/arm/cpu/armv7/built-in.o
 .note.GNU-stack
                0x00000000        0x0 arch/arm/lib/built-in.o
 .note.GNU-stack
                0x00000000        0x0 arch/arm/imx-common/built-in.o
 .note.GNU-stack
                0x00000000        0x0 board/novasoms/built-in.o
 .note.GNU-stack
                0x00000000        0x0 common/spl/built-in.o
 .note.GNU-stack
                0x00000000        0x0 common/built-in.o
 .note.GNU-stack
                0x00000000        0x0 disk/built-in.o
 .note.GNU-stack
                0x00000000        0x0 drivers/i2c/built-in.o
 .note.GNU-stack
                0x00000000        0x0 drivers/gpio/built-in.o
 .note.GNU-stack
                0x00000000        0x0 drivers/mmc/built-in.o
 .note.GNU-stack
                0x00000000        0x0 drivers/serial/built-in.o
 .note.GNU-stack
                0x00000000        0x0 fs/built-in.o
 .note.GNU-stack
                0x00000000        0x0 lib/built-in.o
 .note.GNU-stack
                0x00000000        0x0 arch/arm/lib/eabi_compat.o
 .note.GNU-stack
                0x00000000        0x0 /Devel/NOVAsom_SDK/Xcompiler/Xc_NovasisA9_5.3_br_hf_v16_glibc/usr/lib/gcc/arm-buildroot-linux-gnueabihf/5.3.0/libgcc.a(_udivsi3.o)
 .note.GNU-stack
                0x00000000        0x0 /Devel/NOVAsom_SDK/Xcompiler/Xc_NovasisA9_5.3_br_hf_v16_glibc/usr/lib/gcc/arm-buildroot-linux-gnueabihf/5.3.0/libgcc.a(_divsi3.o)
 .note.GNU-stack
                0x00000000        0x0 /Devel/NOVAsom_SDK/Xcompiler/Xc_NovasisA9_5.3_br_hf_v16_glibc/usr/lib/gcc/arm-buildroot-linux-gnueabihf/5.3.0/libgcc.a(_lshrdi3.o)
 .note.GNU-stack
                0x00000000        0x0 /Devel/NOVAsom_SDK/Xcompiler/Xc_NovasisA9_5.3_br_hf_v16_glibc/usr/lib/gcc/arm-buildroot-linux-gnueabihf/5.3.0/libgcc.a(_ashldi3.o)
 .note.GNU-stack
                0x00000000        0x0 /Devel/NOVAsom_SDK/Xcompiler/Xc_NovasisA9_5.3_br_hf_v16_glibc/usr/lib/gcc/arm-buildroot-linux-gnueabihf/5.3.0/libgcc.a(_dvmd_lnx.o)

.debug_line     0x00000000     0xa229
 .debug_line    0x00000000       0x8e arch/arm/cpu/armv7/start.o
 .debug_line    0x0000008e     0x11f8 arch/arm/cpu/armv7/built-in.o
 .debug_line    0x00001286      0x972 arch/arm/lib/built-in.o
 .debug_line    0x00001bf8     0x10cb arch/arm/imx-common/built-in.o
 .debug_line    0x00002cc3      0x527 board/novasoms/built-in.o
 .debug_line    0x000031ea      0x4a3 common/spl/built-in.o
 .debug_line    0x0000368d     0x2d48 common/built-in.o
 .debug_line    0x000063d5      0x579 disk/built-in.o
 .debug_line    0x0000694e      0x546 drivers/i2c/built-in.o
 .debug_line    0x00006e94      0x191 drivers/gpio/built-in.o
 .debug_line    0x00007025      0xcc3 drivers/mmc/built-in.o
 .debug_line    0x00007ce8      0x4e5 drivers/serial/built-in.o
 .debug_line    0x000081cd      0x6f6 fs/built-in.o
 .debug_line    0x000088c3     0x164f lib/built-in.o
 .debug_line    0x00009f12      0x111 arch/arm/lib/eabi_compat.o
 .debug_line    0x0000a023       0x73 /Devel/NOVAsom_SDK/Xcompiler/Xc_NovasisA9_5.3_br_hf_v16_glibc/usr/lib/gcc/arm-buildroot-linux-gnueabihf/5.3.0/libgcc.a(_udivsi3.o)
 .debug_line    0x0000a096       0x7f /Devel/NOVAsom_SDK/Xcompiler/Xc_NovasisA9_5.3_br_hf_v16_glibc/usr/lib/gcc/arm-buildroot-linux-gnueabihf/5.3.0/libgcc.a(_divsi3.o)
 .debug_line    0x0000a115       0x5d /Devel/NOVAsom_SDK/Xcompiler/Xc_NovasisA9_5.3_br_hf_v16_glibc/usr/lib/gcc/arm-buildroot-linux-gnueabihf/5.3.0/libgcc.a(_lshrdi3.o)
 .debug_line    0x0000a172       0x5d /Devel/NOVAsom_SDK/Xcompiler/Xc_NovasisA9_5.3_br_hf_v16_glibc/usr/lib/gcc/arm-buildroot-linux-gnueabihf/5.3.0/libgcc.a(_ashldi3.o)
 .debug_line    0x0000a1cf       0x5a /Devel/NOVAsom_SDK/Xcompiler/Xc_NovasisA9_5.3_br_hf_v16_glibc/usr/lib/gcc/arm-buildroot-linux-gnueabihf/5.3.0/libgcc.a(_dvmd_lnx.o)

.debug_info     0x00000000    0x48434
 .debug_info    0x00000000       0x7c arch/arm/cpu/armv7/start.o
 .debug_info    0x0000007c     0xae9b arch/arm/cpu/armv7/built-in.o
 .debug_info    0x0000af17     0x2b91 arch/arm/lib/built-in.o
 .debug_info    0x0000daa8     0xa721 arch/arm/imx-common/built-in.o
 .debug_info    0x000181c9     0xa828 board/novasoms/built-in.o
 .debug_info    0x000229f1     0x26d8 common/spl/built-in.o
 .debug_info    0x000250c9     0xfcd9 common/built-in.o
 .debug_info    0x00034da2     0x20ee disk/built-in.o
 .debug_info    0x00036e90     0x2a63 drivers/i2c/built-in.o
 .debug_info    0x000398f3      0x707 drivers/gpio/built-in.o
 .debug_info    0x00039ffa     0x4404 drivers/mmc/built-in.o
 .debug_info    0x0003e3fe     0x195f drivers/serial/built-in.o
 .debug_info    0x0003fd5d     0x254e fs/built-in.o
 .debug_info    0x000422ab     0x595e lib/built-in.o
 .debug_info    0x00047c09      0x46b arch/arm/lib/eabi_compat.o
 .debug_info    0x00048074       0xc0 /Devel/NOVAsom_SDK/Xcompiler/Xc_NovasisA9_5.3_br_hf_v16_glibc/usr/lib/gcc/arm-buildroot-linux-gnueabihf/5.3.0/libgcc.a(_udivsi3.o)
 .debug_info    0x00048134       0xc0 /Devel/NOVAsom_SDK/Xcompiler/Xc_NovasisA9_5.3_br_hf_v16_glibc/usr/lib/gcc/arm-buildroot-linux-gnueabihf/5.3.0/libgcc.a(_divsi3.o)
 .debug_info    0x000481f4       0xc0 /Devel/NOVAsom_SDK/Xcompiler/Xc_NovasisA9_5.3_br_hf_v16_glibc/usr/lib/gcc/arm-buildroot-linux-gnueabihf/5.3.0/libgcc.a(_lshrdi3.o)
 .debug_info    0x000482b4       0xc0 /Devel/NOVAsom_SDK/Xcompiler/Xc_NovasisA9_5.3_br_hf_v16_glibc/usr/lib/gcc/arm-buildroot-linux-gnueabihf/5.3.0/libgcc.a(_ashldi3.o)
 .debug_info    0x00048374       0xc0 /Devel/NOVAsom_SDK/Xcompiler/Xc_NovasisA9_5.3_br_hf_v16_glibc/usr/lib/gcc/arm-buildroot-linux-gnueabihf/5.3.0/libgcc.a(_dvmd_lnx.o)

.debug_abbrev   0x00000000     0xb591
 .debug_abbrev  0x00000000       0x14 arch/arm/cpu/armv7/start.o
 .debug_abbrev  0x00000014     0x150a arch/arm/cpu/armv7/built-in.o
 .debug_abbrev  0x0000151e      0xac5 arch/arm/lib/built-in.o
 .debug_abbrev  0x00001fe3     0x166a arch/arm/imx-common/built-in.o
 .debug_abbrev  0x0000364d      0x783 board/novasoms/built-in.o
 .debug_abbrev  0x00003dd0      0x85e common/spl/built-in.o
 .debug_abbrev  0x0000462e     0x313a common/built-in.o
 .debug_abbrev  0x00007768      0x68f disk/built-in.o
 .debug_abbrev  0x00007df7      0x82e drivers/i2c/built-in.o
 .debug_abbrev  0x00008625      0x211 drivers/gpio/built-in.o
 .debug_abbrev  0x00008836      0xa1f drivers/mmc/built-in.o
 .debug_abbrev  0x00009255      0x5d0 drivers/serial/built-in.o
 .debug_abbrev  0x00009825      0x499 fs/built-in.o
 .debug_abbrev  0x00009cbe     0x16ef lib/built-in.o
 .debug_abbrev  0x0000b3ad      0x180 arch/arm/lib/eabi_compat.o
 .debug_abbrev  0x0000b52d       0x14 /Devel/NOVAsom_SDK/Xcompiler/Xc_NovasisA9_5.3_br_hf_v16_glibc/usr/lib/gcc/arm-buildroot-linux-gnueabihf/5.3.0/libgcc.a(_udivsi3.o)
 .debug_abbrev  0x0000b541       0x14 /Devel/NOVAsom_SDK/Xcompiler/Xc_NovasisA9_5.3_br_hf_v16_glibc/usr/lib/gcc/arm-buildroot-linux-gnueabihf/5.3.0/libgcc.a(_divsi3.o)
 .debug_abbrev  0x0000b555       0x14 /Devel/NOVAsom_SDK/Xcompiler/Xc_NovasisA9_5.3_br_hf_v16_glibc/usr/lib/gcc/arm-buildroot-linux-gnueabihf/5.3.0/libgcc.a(_lshrdi3.o)
 .debug_abbrev  0x0000b569       0x14 /Devel/NOVAsom_SDK/Xcompiler/Xc_NovasisA9_5.3_br_hf_v16_glibc/usr/lib/gcc/arm-buildroot-linux-gnueabihf/5.3.0/libgcc.a(_ashldi3.o)
 .debug_abbrev  0x0000b57d       0x14 /Devel/NOVAsom_SDK/Xcompiler/Xc_NovasisA9_5.3_br_hf_v16_glibc/usr/lib/gcc/arm-buildroot-linux-gnueabihf/5.3.0/libgcc.a(_dvmd_lnx.o)

.debug_aranges  0x00000000     0x1830
 .debug_aranges
                0x00000000       0x20 arch/arm/cpu/armv7/start.o
 .debug_aranges
                0x00000020      0x2f0 arch/arm/cpu/armv7/built-in.o
 .debug_aranges
                0x00000310      0x1e8 arch/arm/lib/built-in.o
 .debug_aranges
                0x000004f8      0x218 arch/arm/imx-common/built-in.o
 .debug_aranges
                0x00000710       0x98 board/novasoms/built-in.o
 .debug_aranges
                0x000007a8       0x90 common/spl/built-in.o
 .debug_aranges
                0x00000838      0x640 common/built-in.o
 .debug_aranges
                0x00000e78       0xa0 disk/built-in.o
 .debug_aranges
                0x00000f18      0x120 drivers/i2c/built-in.o
 .debug_aranges
                0x00001038       0x48 drivers/gpio/built-in.o
 .debug_aranges
                0x00001080      0x178 drivers/mmc/built-in.o
 .debug_aranges
                0x000011f8      0x108 drivers/serial/built-in.o
 .debug_aranges
                0x00001300       0xc0 fs/built-in.o
 .debug_aranges
                0x000013c0      0x398 lib/built-in.o
 .debug_aranges
                0x00001758       0x38 arch/arm/lib/eabi_compat.o
 .debug_aranges
                0x00001790       0x20 /Devel/NOVAsom_SDK/Xcompiler/Xc_NovasisA9_5.3_br_hf_v16_glibc/usr/lib/gcc/arm-buildroot-linux-gnueabihf/5.3.0/libgcc.a(_udivsi3.o)
 .debug_aranges
                0x000017b0       0x20 /Devel/NOVAsom_SDK/Xcompiler/Xc_NovasisA9_5.3_br_hf_v16_glibc/usr/lib/gcc/arm-buildroot-linux-gnueabihf/5.3.0/libgcc.a(_divsi3.o)
 .debug_aranges
                0x000017d0       0x20 /Devel/NOVAsom_SDK/Xcompiler/Xc_NovasisA9_5.3_br_hf_v16_glibc/usr/lib/gcc/arm-buildroot-linux-gnueabihf/5.3.0/libgcc.a(_lshrdi3.o)
 .debug_aranges
                0x000017f0       0x20 /Devel/NOVAsom_SDK/Xcompiler/Xc_NovasisA9_5.3_br_hf_v16_glibc/usr/lib/gcc/arm-buildroot-linux-gnueabihf/5.3.0/libgcc.a(_ashldi3.o)
 .debug_aranges
                0x00001810       0x20 /Devel/NOVAsom_SDK/Xcompiler/Xc_NovasisA9_5.3_br_hf_v16_glibc/usr/lib/gcc/arm-buildroot-linux-gnueabihf/5.3.0/libgcc.a(_dvmd_lnx.o)

.debug_frame    0x00000000     0x3a7c
 .debug_frame   0x00000000      0x67c arch/arm/cpu/armv7/built-in.o
 .debug_frame   0x0000067c      0x318 arch/arm/lib/built-in.o
 .debug_frame   0x00000994      0x42c arch/arm/imx-common/built-in.o
 .debug_frame   0x00000dc0      0x15c board/novasoms/built-in.o
 .debug_frame   0x00000f1c       0xf8 common/spl/built-in.o
 .debug_frame   0x00001014     0x109c common/built-in.o
 .debug_frame   0x000020b0      0x20c disk/built-in.o
 .debug_frame   0x000022bc      0x33c drivers/i2c/built-in.o
 .debug_frame   0x000025f8       0x80 drivers/gpio/built-in.o
 .debug_frame   0x00002678      0x4d8 drivers/mmc/built-in.o
 .debug_frame   0x00002b50      0x278 drivers/serial/built-in.o
 .debug_frame   0x00002dc8      0x2b4 fs/built-in.o
 .debug_frame   0x0000307c      0x960 lib/built-in.o
 .debug_frame   0x000039dc       0x60 arch/arm/lib/eabi_compat.o
 .debug_frame   0x00003a3c       0x20 /Devel/NOVAsom_SDK/Xcompiler/Xc_NovasisA9_5.3_br_hf_v16_glibc/usr/lib/gcc/arm-buildroot-linux-gnueabihf/5.3.0/libgcc.a(_udivsi3.o)
 .debug_frame   0x00003a5c       0x20 /Devel/NOVAsom_SDK/Xcompiler/Xc_NovasisA9_5.3_br_hf_v16_glibc/usr/lib/gcc/arm-buildroot-linux-gnueabihf/5.3.0/libgcc.a(_divsi3.o)

.debug_str      0x00000000    0x1cbf1
 .debug_str     0x00000000     0x707e arch/arm/cpu/armv7/built-in.o
                               0xa047 (size before relaxing)
 .debug_str     0x0000707e      0x4af arch/arm/lib/built-in.o
                               0x225a (size before relaxing)
 .debug_str     0x0000752d      0xb1b arch/arm/imx-common/built-in.o
                               0xe2c9 (size before relaxing)
 .debug_str     0x00008048    0x10c47 board/novasoms/built-in.o
                              0x134c4 (size before relaxing)
 .debug_str     0x00018c8f      0x2f9 common/spl/built-in.o
                               0x1c06 (size before relaxing)
 .debug_str     0x00018f88     0x23a6 common/built-in.o
                               0x920f (size before relaxing)
 .debug_str     0x0001b32e      0x2a2 disk/built-in.o
                                0xee8 (size before relaxing)
 .debug_str     0x0001b5d0      0x30f drivers/i2c/built-in.o
                               0x10b6 (size before relaxing)
 .debug_str     0x0001b8df       0x8f drivers/gpio/built-in.o
                                0x4d0 (size before relaxing)
 .debug_str     0x0001b96e      0x624 drivers/mmc/built-in.o
                               0x17de (size before relaxing)
 .debug_str     0x0001bf92      0x1cb drivers/serial/built-in.o
                               0x1156 (size before relaxing)
 .debug_str     0x0001c15d      0x53b fs/built-in.o
                                0xb33 (size before relaxing)
 .debug_str     0x0001c698      0x4f9 lib/built-in.o
                               0x3886 (size before relaxing)
 .debug_str     0x0001cb91       0x60 arch/arm/lib/eabi_compat.o
                                0x44b (size before relaxing)

.debug_loc      0x00000000    0x18d15
 .debug_loc     0x00000000     0x2b33 arch/arm/cpu/armv7/built-in.o
 .debug_loc     0x00002b33      0x42f arch/arm/lib/built-in.o
 .debug_loc     0x00002f62     0x10a8 arch/arm/imx-common/built-in.o
 .debug_loc     0x0000400a      0x57f board/novasoms/built-in.o
 .debug_loc     0x00004589      0x3d6 common/spl/built-in.o
 .debug_loc     0x0000495f     0x8585 common/built-in.o
 .debug_loc     0x0000cee4     0x1081 disk/built-in.o
 .debug_loc     0x0000df65     0x130a drivers/i2c/built-in.o
 .debug_loc     0x0000f26f      0x51d drivers/gpio/built-in.o
 .debug_loc     0x0000f78c     0x2709 drivers/mmc/built-in.o
 .debug_loc     0x00011e95      0x322 drivers/serial/built-in.o
 .debug_loc     0x000121b7     0x2214 fs/built-in.o
 .debug_loc     0x000143cb     0x484d lib/built-in.o
 .debug_loc     0x00018c18       0xfd arch/arm/lib/eabi_compat.o

.debug_ranges   0x00000000     0x2078
 .debug_ranges  0x00000000      0x498 arch/arm/cpu/armv7/built-in.o
 .debug_ranges  0x00000498      0x130 arch/arm/lib/built-in.o
 .debug_ranges  0x000005c8      0x2d8 arch/arm/imx-common/built-in.o
 .debug_ranges  0x000008a0       0xc0 board/novasoms/built-in.o
 .debug_ranges  0x00000960       0x78 common/spl/built-in.o
 .debug_ranges  0x000009d8      0x7d8 common/built-in.o
 .debug_ranges  0x000011b0       0xf0 disk/built-in.o
 .debug_ranges  0x000012a0      0x208 drivers/i2c/built-in.o
 .debug_ranges  0x000014a8       0x68 drivers/gpio/built-in.o
 .debug_ranges  0x00001510      0x340 drivers/mmc/built-in.o
 .debug_ranges  0x00001850       0xe8 drivers/serial/built-in.o
 .debug_ranges  0x00001938      0x1f0 fs/built-in.o
 .debug_ranges  0x00001b28      0x528 lib/built-in.o
 .debug_ranges  0x00002050       0x28 arch/arm/lib/eabi_compat.o
