Archive member included to satisfy reference by file (symbol)

/Devel/NOVAsom_SDK/Xcompiler/Xc_NovasisA9_5.3_br_hf_v16_glibc/usr/lib/gcc/arm-buildroot-linux-gnueabihf/5.3.0/libgcc.a(_udivsi3.o)
                              arch/arm/cpu/armv7/built-in.o (__aeabi_uidiv)
/Devel/NOVAsom_SDK/Xcompiler/Xc_NovasisA9_5.3_br_hf_v16_glibc/usr/lib/gcc/arm-buildroot-linux-gnueabihf/5.3.0/libgcc.a(_divsi3.o)
                              common/built-in.o (__aeabi_idiv)
/Devel/NOVAsom_SDK/Xcompiler/Xc_NovasisA9_5.3_br_hf_v16_glibc/usr/lib/gcc/arm-buildroot-linux-gnueabihf/5.3.0/libgcc.a(_lshrdi3.o)
                              fs/built-in.o (__aeabi_llsr)
/Devel/NOVAsom_SDK/Xcompiler/Xc_NovasisA9_5.3_br_hf_v16_glibc/usr/lib/gcc/arm-buildroot-linux-gnueabihf/5.3.0/libgcc.a(_ashldi3.o)
                              drivers/mmc/built-in.o (__aeabi_llsl)
/Devel/NOVAsom_SDK/Xcompiler/Xc_NovasisA9_5.3_br_hf_v16_glibc/usr/lib/gcc/arm-buildroot-linux-gnueabihf/5.3.0/libgcc.a(_dvmd_lnx.o)
                              /Devel/NOVAsom_SDK/Xcompiler/Xc_NovasisA9_5.3_br_hf_v16_glibc/usr/lib/gcc/arm-buildroot-linux-gnueabihf/5.3.0/libgcc.a(_udivsi3.o) (__aeabi_idiv0)

Discarded input sections

 .data          0x00000000        0x0 arch/arm/cpu/armv7/start.o
 .bss           0x00000000        0x0 arch/arm/cpu/armv7/start.o
 .text.v7_outer_cache_flush_all
                0x00000000        0x2 arch/arm/cpu/armv7/built-in.o
 .text.v7_outer_cache_inval_all
                0x00000000        0x2 arch/arm/cpu/armv7/built-in.o
 .text.v7_outer_cache_flush_range
                0x00000000        0x2 arch/arm/cpu/armv7/built-in.o
 .text.v7_outer_cache_inval_range
                0x00000000        0x2 arch/arm/cpu/armv7/built-in.o
 .text.v7_arch_cp15_set_l2aux_ctrl
                0x00000000        0x6 arch/arm/cpu/armv7/built-in.o
 .text.v7_arch_cp15_set_acr
                0x00000000        0x6 arch/arm/cpu/armv7/built-in.o
 .text.sdelay   0x00000000        0x6 arch/arm/cpu/armv7/built-in.o
 .text.wait_on_value
                0x00000000       0x1a arch/arm/cpu/armv7/built-in.o
 .text.get_boot_device
                0x00000000       0x4c arch/arm/cpu/armv7/built-in.o
 .text.set_wdog_reset
                0x00000000        0xe arch/arm/cpu/armv7/built-in.o
 .text.enable_enet_pll
                0x00000000       0x44 arch/arm/cpu/armv7/built-in.o
 .text.enable_enet_clk
                0x00000000       0x1c arch/arm/cpu/armv7/built-in.o
 .text.enable_uart_clk
                0x00000000       0x1c arch/arm/cpu/armv7/built-in.o
 .text.enable_usdhc_clk
                0x00000000       0x38 arch/arm/cpu/armv7/built-in.o
 .text.enable_spi_clk
                0x00000000       0x2c arch/arm/cpu/armv7/built-in.o
 .text.enable_fec_anatop_clock
                0x00000000       0x70 arch/arm/cpu/armv7/built-in.o
 .text.enable_sata_clock
                0x00000000       0x18 arch/arm/cpu/armv7/built-in.o
 .text.enable_pcie_clock
                0x00000000       0x64 arch/arm/cpu/armv7/built-in.o
 .data          0x00000000        0x0 arch/arm/cpu/armv7/built-in.o
 .bss           0x00000000        0x0 arch/arm/cpu/armv7/built-in.o
 .text          0x00000000        0x0 arch/arm/imx-common/built-in.o
 .text.imx_iomux_set_gpr_register
                0x00000000       0x2c arch/arm/imx-common/built-in.o
 .text.get_imx_reset_cause
                0x00000000        0xc arch/arm/imx-common/built-in.o
 .text.set_chipselect_size
                0x00000000       0x5c arch/arm/imx-common/built-in.o
 .text.mxs_wait_mask_set
                0x00000000       0x24 arch/arm/imx-common/built-in.o
 .text.mxs_wait_mask_clr
                0x00000000       0x22 arch/arm/imx-common/built-in.o
 .text.mxs_reset_block
                0x00000000       0x58 arch/arm/imx-common/built-in.o
 .text.setup_sata
                0x00000000       0x40 arch/arm/imx-common/built-in.o
 .text.usec2ticks
                0x00000000       0x4c arch/arm/imx-common/built-in.o
 .data          0x00000000        0x0 arch/arm/imx-common/built-in.o
 .bss           0x00000000        0x0 arch/arm/imx-common/built-in.o
 .text.reset_misc
                0x00000000        0x2 arch/arm/lib/built-in.o
 .text.flush_cache
                0x00000000        0x2 arch/arm/lib/built-in.o
 .text.flush_dcache_all
                0x00000000        0xa arch/arm/lib/built-in.o
 .text.enable_caches
                0x00000000        0xc arch/arm/lib/built-in.o
 .text.arm_init_before_mmu
                0x00000000        0x2 arch/arm/lib/built-in.o
 .text.mmu_page_table_flush
                0x00000000        0x2 arch/arm/lib/built-in.o
 .rodata.pl310  0x00000000        0x4 arch/arm/lib/built-in.o
 .data          0x00000000        0x0 arch/arm/lib/built-in.o
 .__secure_start
                0x00000000        0x0 arch/arm/lib/built-in.o
 .__secure_end  0x00000000        0x0 arch/arm/lib/built-in.o
 .bss           0x00000000        0x0 arch/arm/lib/built-in.o
 .text          0x00000000        0x0 board/novasoms/built-in.o
[...]
Memory Configuration

Name             Origin             Length             Attributes
*default*        0x00000000         0xffffffff

Linker script and memory map

Address of section .text set to 0x17800000
                0x00000000                . = 0x0
                0x00000000                . = ALIGN (0x4)

.text           0x17800000    0x23fa8
 *(.__image_copy_start)
 .__image_copy_start
                0x17800000        0x0 arch/arm/lib/built-in.o
                0x17800000                __image_copy_start
 *(.vectors)
 .vectors       0x17800000      0x300 arch/arm/lib/built-in.o
                0x17800000                _start
                0x17800020                _undefined_instruction
                0x17800024                _software_interrupt
                0x17800028                _prefetch_abort
                0x1780002c                _data_abort
                0x17800030                _not_used
                0x17800034                _irq
                0x17800038                _fiq
                0x17800040                IRQ_STACK_START_IN
 arch/arm/cpu/armv7/start.o(.text*)
 .text          0x17800300       0xbc arch/arm/cpu/armv7/start.o
                0x17800300                reset
                0x17800304                save_boot_params_ret
                0x17800340                c_runtime_cpu_setup
                0x17800350                save_boot_params
                0x17800354                cpu_init_cp15
                0x178003b4                cpu_init_crit
 *(.text*)
 .text          0x178003bc       0x1c arch/arm/cpu/armv7/built-in.o
                0x178003bc                lowlevel_init
 .text.v7_maint_dcache_all
                0x178003d8       0xb8 arch/arm/cpu/armv7/built-in.o
 .text.invalidate_icache_all
                0x17800490       0x14 arch/arm/cpu/armv7/built-in.o
                0x17800490                invalidate_icache_all
 .text.v7_outer_cache_enable
                0x178004a4       0x70 arch/arm/cpu/armv7/built-in.o
                0x178004a8                v7_outer_cache_enable
 .text.v7_outer_cache_disable
                0x17800514       0x14 arch/arm/cpu/armv7/built-in.o
                0x17800518                v7_outer_cache_disable
 .text.flush_dcache_all
                0x17800528       0x10 arch/arm/cpu/armv7/built-in.o
                0x17800528                flush_dcache_all
 .text.invalidate_dcache_all
                0x17800538       0x10 arch/arm/cpu/armv7/built-in.o
                0x17800538                invalidate_dcache_all
 .text.arm_init_before_mmu
                0x17800548       0x22 arch/arm/cpu/armv7/built-in.o
                0x17800548                arm_init_before_mmu
 .text.flush_dcache_range
                0x1780056a       0x28 arch/arm/cpu/armv7/built-in.o
                0x1780056a                flush_dcache_range
 .text.mmu_page_table_flush
                0x17800592       0x1e arch/arm/cpu/armv7/built-in.o
                0x17800592                mmu_page_table_flush
 .text.flush_cache
                0x178005b0        0x6 arch/arm/cpu/armv7/built-in.o
                0x178005b0                flush_cache
 *fill*         0x178005b6        0x2 
 .text.invalidate_dcache_range
                0x178005b8       0x78 arch/arm/cpu/armv7/built-in.o
                0x178005b8                invalidate_dcache_range
 .text.cpu_cache_initialization
                0x17800630        0x2 arch/arm/cpu/armv7/built-in.o
                0x17800630                cpu_cache_initialization
 .text.cleanup_before_linux
                0x17800632       0x22 arch/arm/cpu/armv7/built-in.o
                0x17800632                cleanup_before_linux
 .text.get_nr_cpus
                0x17800654        0xc arch/arm/cpu/armv7/built-in.o
                0x17800654                get_nr_cpus
 .text.get_cpu_rev
                0x17800660       0x4c arch/arm/cpu/armv7/built-in.o
                0x17800660                get_cpu_rev
 .text.get_board_rev
                0x178006ac       0x26 arch/arm/cpu/armv7/built-in.o
                0x178006ac                get_board_rev
 *fill*         0x178006d2        0x2 
 .text.init_aips
                0x178006d4       0x30 arch/arm/cpu/armv7/built-in.o
                0x178006d4                init_aips
 .text.arch_cpu_init
                0x17800704      0x12c arch/arm/cpu/armv7/built-in.o
                0x17800704                arch_cpu_init
 .text.board_postclk_init
                0x17800830       0x40 arch/arm/cpu/armv7/built-in.o
                0x17800830                board_postclk_init
 .text.enable_caches
                0x17800870       0x2c arch/arm/cpu/armv7/built-in.o
                0x17800870                enable_caches
 .text.imx_get_mac_from_fuse
                0x1780089c       0x24 arch/arm/cpu/armv7/built-in.o
                0x1780089c                imx_get_mac_from_fuse
 .text.boot_mode_apply
                0x178008c0       0x1c arch/arm/cpu/armv7/built-in.o
                0x178008c0                boot_mode_apply
 .text.s_init   0x178008dc       0x8c arch/arm/cpu/armv7/built-in.o
                0x178008dc                s_init
 .text.reset_misc
                0x17800968        0x2 arch/arm/cpu/armv7/built-in.o
                0x17800968                reset_misc
 *fill*         0x1780096a        0x2 
 .text.imx_enable_hdmi_phy
                0x1780096c       0x3c arch/arm/cpu/armv7/built-in.o
                0x1780096c                imx_enable_hdmi_phy
 .text.imx_setup_hdmi
                0x178009a8       0x58 arch/arm/cpu/armv7/built-in.o
                0x178009a8                imx_setup_hdmi
 .text.get_ipg_clk
                0x17800a00       0x1c arch/arm/cpu/armv7/built-in.o
 .text.get_uart_clk
                0x17800a1c       0x3c arch/arm/cpu/armv7/built-in.o
 .text.mxc_get_pll_pfd
                0x17800a58       0x6c arch/arm/cpu/armv7/built-in.o
 .text.get_usdhc_clk
                0x17800ac4       0x58 arch/arm/cpu/armv7/built-in.o
 .text.enable_ocotp_clk
                0x17800b1c       0x1c arch/arm/cpu/armv7/built-in.o
                0x17800b1c                enable_ocotp_clk
 .text.enable_usboh3_clk
                0x17800b38       0x20 arch/arm/cpu/armv7/built-in.o
                0x17800b38                enable_usboh3_clk
 .text.enable_i2c_clk
                0x17800b58       0x30 arch/arm/cpu/armv7/built-in.o
                0x17800b58                enable_i2c_clk
 .text.get_periph_clk
                0x17800b88       0x88 arch/arm/cpu/armv7/built-in.o
                0x17800b88                get_periph_clk
 .text.get_axi_clk
                0x17800c10       0x34 arch/arm/cpu/armv7/built-in.o
 .text.imx_get_uartclk
                0x17800c44        0x4 arch/arm/cpu/armv7/built-in.o
                0x17800c44                imx_get_uartclk
 .text.disable_sata_clock
                0x17800c48       0x10 arch/arm/cpu/armv7/built-in.o
                0x17800c48                disable_sata_clock
 .text.enable_thermal_clk
                0x17800c58       0x30 arch/arm/cpu/armv7/built-in.o
                0x17800c58                enable_thermal_clk
 .text.mxc_get_clock
                0x17800c88      0x118 arch/arm/cpu/armv7/built-in.o
                0x17800c88                mxc_get_clock
 .text.imx_get_fecclk
                0x17800da0        0x6 arch/arm/cpu/armv7/built-in.o
                0x17800da0                imx_get_fecclk
 *fill*         0x17800da6        0x2 
 .text.do_mx6_showclocks
                0x17800da8      0x1a8 arch/arm/cpu/armv7/built-in.o
                0x17800da8                do_mx6_showclocks
 .text.enable_ipu_clock
                0x17800f50       0x10 arch/arm/cpu/armv7/built-in.o
                0x17800f50                enable_ipu_clock
 .text.cpu_reset
                0x17800f60       0x1c arch/arm/cpu/armv7/built-in.o
                0x17800f60                cpu_reset
 .text.cpu_status
                0x17800f7c       0x2c arch/arm/cpu/armv7/built-in.o
                0x17800f7c                cpu_status
 .text.cpu_release
                0x17800fa8       0x4c arch/arm/cpu/armv7/built-in.o
                0x17800fa8                cpu_release
 .text.is_core_valid
                0x17800ff4       0x12 arch/arm/cpu/armv7/built-in.o
                0x17800ff4                is_core_valid
 *fill*         0x17801006        0x2 
 .text.cpu_disable
                0x17801008       0x1c arch/arm/cpu/armv7/built-in.o
                0x17801008                cpu_disable
 .text.imx_iomux_v3_setup_pad
                0x17801024       0x74 arch/arm/imx-common/built-in.o
                0x17801024                imx_iomux_v3_setup_pad
 .text.imx_iomux_v3_setup_multiple_pads
                0x17801098       0x38 arch/arm/imx-common/built-in.o
                0x17801098                imx_iomux_v3_setup_multiple_pads
 .text.imx_ddr_size
                0x178010d0       0x48 arch/arm/imx-common/built-in.o
                0x178010d0                imx_ddr_size
 .text.get_imx_type
                0x17801118       0x18 arch/arm/imx-common/built-in.o
                0x17801118                get_imx_type
 .text.print_cpuinfo
                0x17801130      0x148 arch/arm/imx-common/built-in.o
                0x17801130                print_cpuinfo
 .text.cpu_eth_init
                0x17801278        0x4 arch/arm/imx-common/built-in.o
                0x17801278                cpu_eth_init
 .text.cpu_mmc_init
                0x1780127c        0x4 arch/arm/imx-common/built-in.o
                0x1780127c                cpu_mmc_init
 .text.get_ahb_clk
                0x17801280       0x1c arch/arm/imx-common/built-in.o
                0x17801280                get_ahb_clk
 .text.arch_preboot_os
                0x1780129c       0x12 arch/arm/imx-common/built-in.o
                0x1780129c                arch_preboot_os
 .text.get_clocks
                0x178012ae       0x12 arch/arm/imx-common/built-in.o
                0x178012ae                get_clocks
 .text.force_idle_bus
                0x178012c0      0x14c arch/arm/imx-common/built-in.o
 .text.setup_i2c
                0x1780140c       0x94 arch/arm/imx-common/built-in.o
                0x1780140c                setup_i2c
 .text.board_video_skip
                0x178014a0       0xe0 arch/arm/imx-common/built-in.o
                0x178014a0                board_video_skip
 .text.detect_hdmi
                0x17801580       0x10 arch/arm/imx-common/built-in.o
                0x17801580                detect_hdmi
 .text.timer_init
                0x17801590       0xe4 arch/arm/imx-common/built-in.o
                0x17801590                timer_init
 .text.get_ticks
                0x17801674       0x34 arch/arm/imx-common/built-in.o
                0x17801674                get_ticks
 .text.get_timer_masked
                0x178016a8       0xa8 arch/arm/imx-common/built-in.o
                0x178016a8                get_timer_masked
 .text.get_timer
                0x17801750        0xc arch/arm/imx-common/built-in.o
                0x17801750                get_timer
 .text.__udelay
                0x1780175c       0xd0 arch/arm/imx-common/built-in.o
                0x1780175c                __udelay
 .text.get_tbclk
                0x1780182c       0x6c arch/arm/imx-common/built-in.o
                0x1780182c                get_tbclk
 .text.create_usage
                0x17801898       0x68 arch/arm/imx-common/built-in.o
 .text.do_boot_mode
                0x17801900       0x80 arch/arm/imx-common/built-in.o
 .text.add_board_boot_modes
                0x17801980       0x3c arch/arm/imx-common/built-in.o
                0x17801980                add_board_boot_modes
 .text.do_hdmidet
                0x178019bc       0x18 arch/arm/imx-common/built-in.o
 .text          0x178019d4       0xa8 arch/arm/lib/built-in.o
                0x178019d4                _main
 .text.relocate_vectors
                0x17801a7c       0x70 arch/arm/lib/built-in.o
                0x17801a7c                relocate_vectors
                0x17801a88                relocate_code
 .text.arch_fixup_fdt
                0x17801aec       0x24 arch/arm/lib/built-in.o
                0x17801aec                arch_fixup_fdt
 .text.boot_jump_linux
                0x17801b10       0x78 arch/arm/lib/built-in.o
 .text.arch_lmb_reserve
                0x17801b88       0x1a arch/arm/lib/built-in.o
                0x17801b88                arch_lmb_reserve
 .text.setup_board_tags
                0x17801ba2        0x2 arch/arm/lib/built-in.o
                0x17801ba2                setup_board_tags
 .text.boot_prep_linux
                0x17801ba4       0xf8 arch/arm/lib/built-in.o
 .text.do_bootm_linux
                0x17801c9c       0x44 arch/arm/lib/built-in.o
                0x17801c9c                do_bootm_linux
 .text.bootz_setup
                0x17801ce0       0x38 arch/arm/lib/built-in.o
                0x17801ce0                bootz_setup
 .text.boot_prep_vxworks
                0x17801d18       0x30 arch/arm/lib/built-in.o
                0x17801d18                boot_prep_vxworks
 .text.boot_jump_vxworks
                0x17801d48        0x6 arch/arm/lib/built-in.o
                0x17801d48                boot_jump_vxworks
 *fill*         0x17801d4e        0x2 
 .text.pl310_background_op_all_ways
                0x17801d50       0x2c arch/arm/lib/built-in.o
 .text.v7_outer_cache_inval_all
                0x17801d7c        0xc arch/arm/lib/built-in.o
                0x17801d7c                v7_outer_cache_inval_all
 .text.v7_outer_cache_flush_all
                0x17801d88        0xc arch/arm/lib/built-in.o
                0x17801d88                v7_outer_cache_flush_all
 .text.v7_outer_cache_flush_range
                0x17801d94       0x20 arch/arm/lib/built-in.o
                0x17801d94                v7_outer_cache_flush_range
 .text.v7_outer_cache_inval_range
                0x17801db4       0x54 arch/arm/lib/built-in.o
                0x17801db4                v7_outer_cache_inval_range
 .text.arch_reserve_stacks
                0x17801e08       0x16 arch/arm/lib/built-in.o
                0x17801e08                arch_reserve_stacks
 *fill*         0x17801e1e        0x2 
 .text.interrupt_init
                0x17801e20       0x14 arch/arm/lib/built-in.o
                0x17801e20                interrupt_init
 .text.enable_interrupts
                0x17801e34        0x2 arch/arm/lib/built-in.o
                0x17801e34                enable_interrupts
 .text.disable_interrupts
                0x17801e36        0x4 arch/arm/lib/built-in.o
                0x17801e36                disable_interrupts
 *fill*         0x17801e3a        0x2 
 .text.bad_mode
                0x17801e3c        0xc arch/arm/lib/built-in.o
                0x17801e3c                bad_mode
 .text.show_regs
                0x17801e48      0x108 arch/arm/lib/built-in.o
                0x17801e48                show_regs
 .text.do_undefined_instruction
                0x17801f50       0x18 arch/arm/lib/built-in.o
                0x17801f50                do_undefined_instruction
 .text.do_software_interrupt
                0x17801f68       0x18 arch/arm/lib/built-in.o
                0x17801f68                do_software_interrupt
 .text.do_prefetch_abort
                0x17801f80       0x18 arch/arm/lib/built-in.o
                0x17801f80                do_prefetch_abort
 .text.do_data_abort
                0x17801f98       0x18 arch/arm/lib/built-in.o
                0x17801f98                do_data_abort
 .text.do_not_used
                0x17801fb0       0x18 arch/arm/lib/built-in.o
                0x17801fb0                do_not_used
 .text.do_fiq   0x17801fc8       0x18 arch/arm/lib/built-in.o
                0x17801fc8                do_fiq
 .text.do_irq   0x17801fe0       0x18 arch/arm/lib/built-in.o
                0x17801fe0                do_irq
 .text.do_reset
                0x17801ff8       0x28 arch/arm/lib/built-in.o
                0x17801ff8                do_reset
 .text.cp_delay
                0x17802020       0x18 arch/arm/lib/built-in.o
 .text.cache_disable
                0x17802038       0x3c arch/arm/lib/built-in.o
 .text.arm_init_domains
                0x17802074        0x2 arch/arm/lib/built-in.o
                0x17802074                arm_init_domains
 .text.set_section_dcache
                0x17802076       0x12 arch/arm/lib/built-in.o
                0x17802076                set_section_dcache
 .text.mmu_set_region_dcache_behaviour
                0x17802088       0x36 arch/arm/lib/built-in.o
                0x17802088                mmu_set_region_dcache_behaviour
 .text.dram_bank_mmu_setup
                0x178020be       0x2a arch/arm/lib/built-in.o
                0x178020be                dram_bank_mmu_setup
 .text.icache_enable
                0x178020e8       0x14 arch/arm/lib/built-in.o
                0x178020e8                icache_enable
 .text.icache_disable
                0x178020fc        0x8 arch/arm/lib/built-in.o
                0x178020fc                icache_disable
 .text.icache_status
                0x17802104        0xa arch/arm/lib/built-in.o
                0x17802104                icache_status
 .text.dcache_enable
                0x1780210e       0x5e arch/arm/lib/built-in.o
                0x1780210e                dcache_enable
 .text.dcache_disable
                0x1780216c        0x6 arch/arm/lib/built-in.o
                0x1780216c                dcache_disable
 .text.dcache_status
                0x17802172        0xa arch/arm/lib/built-in.o
                0x17802172                dcache_status
 .text.do_enable_hdmi
                0x1780217c        0x4 board/novasoms/built-in.o
 .text.dram_init
                0x17802180        0xe board/novasoms/built-in.o
                0x17802180                dram_init
 *fill*         0x1780218e        0x2 
 .text.board_mmc_getcd
                0x17802190       0x24 board/novasoms/built-in.o
                0x17802190                board_mmc_getcd
 .text.board_mmc_init
                0x178021b4       0x5c board/novasoms/built-in.o
                0x178021b4                board_mmc_init
 .text.board_phy_config
                0x17802210       0xac board/novasoms/built-in.o
                0x17802210                board_phy_config
 .text.board_eth_init
                0x178022bc       0x34 board/novasoms/built-in.o
                0x178022bc                board_eth_init
 .text.board_early_init_f
                0x178022f0       0x50 board/novasoms/built-in.o
                0x178022f0                board_early_init_f
 .text.overwrite_console
                0x17802340        0x4 board/novasoms/built-in.o
                0x17802340                overwrite_console
 .text.board_late_init
                0x17802344       0x40 board/novasoms/built-in.o
                0x17802344                board_late_init
 .text.board_init
                0x17802384       0x78 board/novasoms/built-in.o
                0x17802384                board_init
 .text.checkboard
                0x178023fc       0x10 board/novasoms/built-in.o
                0x178023fc                checkboard
 .text.show_boot_progress
                0x1780240c        0x2 common/built-in.o
                0x1780240c                show_boot_progress
 .text.main_loop
                0x1780240e       0x1c common/built-in.o
                0x1780240e                main_loop
 .text.dummy    0x1780242a        0x2 common/built-in.o
 .text.get_version
                0x1780242c        0x4 common/built-in.o
                0x1780242c                get_version
 .text.jumptable_init
                0x17802430      0x14c common/built-in.o
                0x17802430                jumptable_init
 .text.hash_command
                0x1780257c       0x70 common/built-in.o
                0x1780257c                hash_command
 .text.b_reset  0x178025ec        0xe common/built-in.o
 .text.static_get
                0x178025fa       0x12 common/built-in.o
 .text.file_peek
                0x1780260c        0x6 common/built-in.o
 *fill*         0x17802612        0x2 
 .text.mapset   0x17802614       0x14 common/built-in.o
 .text.syntax_err
                0x17802628        0xc common/built-in.o
 .text.free_pipe_list
                0x17802634       0x96 common/built-in.o
 *fill*         0x178026ca        0x2 
 .text.xmalloc  0x178026cc       0x18 common/built-in.o
 .text.new_pipe
                0x178026e4       0x16 common/built-in.o
 *fill*         0x178026fa        0x2 
 .text.xrealloc
                0x178026fc       0x18 common/built-in.o
 .text.done_command
                0x17802714       0x42 common/built-in.o
 .text.done_pipe
                0x17802756       0x2a common/built-in.o
 .text.done_word
                0x17802780      0x1c4 common/built-in.o
 .text.do_showvar
                0x17802944       0x9c common/built-in.o
 .text.is_assignment
                0x178029e0       0x2c common/built-in.o
 .text.file_get
                0x17802a0c      0x128 common/built-in.o
 .text.b_addchr
                0x17802b34       0x42 common/built-in.o
 *fill*         0x17802b76        0x2 
 .text.b_addqchr
                0x17802b78       0x30 common/built-in.o
 .text.static_peek
                0x17802ba8        0x6 common/built-in.o
 *fill*         0x17802bae        0x2 
 .text.get_local_var
                0x17802bb0       0x58 common/built-in.o
                0x17802bb0                get_local_var
 .text.set_local_var
                0x17802c08      0x10c common/built-in.o
                0x17802c08                set_local_var
 .text.insert_var_value_sub
                0x17802d14      0x1c0 common/built-in.o
 .text.parse_string_outer
                0x17802ed4       0x94 common/built-in.o
                0x17802ed4                parse_string_outer
 .text.run_list_real
                0x17802f68      0x4d8 common/built-in.o
 .text.parse_stream_outer
                0x17803440      0x43c common/built-in.o
 .text.parse_file_outer
                0x1780387c       0x2c common/built-in.o
                0x1780387c                parse_file_outer
 .text.u_boot_hush_start
                0x178038a8       0x30 common/built-in.o
                0x178038a8                u_boot_hush_start
 .text.bootdelay_process
                0x178038d8       0x94 common/built-in.o
                0x178038d8                bootdelay_process
 .text.autoboot_command
                0x1780396c       0x84 common/built-in.o
                0x1780396c                autoboot_command
 .text.setup_mon_len
                0x178039f0       0x18 common/built-in.o
 .text.reserve_round_4k
                0x17803a08       0x14 common/built-in.o
 .text.reserve_mmu
                0x17803a1c       0x2e common/built-in.o
 .text.reserve_uboot
                0x17803a4a       0x2a common/built-in.o
 .text.reserve_malloc
                0x17803a74       0x10 common/built-in.o
 .text.setup_machine
                0x17803a84        0xe common/built-in.o
 .text.reserve_global_data
                0x17803a92       0x16 common/built-in.o
 .text.reserve_fdt
                0x17803aa8       0x3a common/built-in.o
 .text.display_new_sp
                0x17803ae2        0x4 common/built-in.o
 .text.initf_malloc
                0x17803ae6       0x18 common/built-in.o
 .text.reserve_arch
                0x17803afe        0x4 common/built-in.o
                0x17803afe                reserve_arch
 .text.setup_reloc
                0x17803b02       0x1e common/built-in.o
 .text.reloc_fdt
                0x17803b20       0x24 common/built-in.o
 .text.announce_dram_init
                0x17803b44       0x10 common/built-in.o
 .text.init_func_i2c
                0x17803b54       0x20 common/built-in.o
 .text.init_baud_rate
                0x17803b74       0x1c common/built-in.o
 .text.initf_dm
                0x17803b90        0x6 common/built-in.o
 .text.mark_bootstage
                0x17803b96        0xc common/built-in.o
 .text.reserve_board
                0x17803ba2       0x28 common/built-in.o
 .text.display_text_info
                0x17803bca        0x4 common/built-in.o
 .text.setup_fdt
                0x17803bce        0x4 common/built-in.o
 .text.reserve_trace
                0x17803bd2        0x4 common/built-in.o
 .text.coloured_LED_init
                0x17803bd6        0x2 common/built-in.o
                0x17803bd6                coloured_LED_init
 .text.red_led_on
                0x17803bd8        0x2 common/built-in.o
                0x17803bd8                red_led_on
 .text.board_add_ram_info
                0x17803bda        0x2 common/built-in.o
                0x17803bda                board_add_ram_info
 .text.show_dram_config
                0x17803bdc       0x28 common/built-in.o
 .text.dram_init_banksize
                0x17803c04       0x18 common/built-in.o
                0x17803c04                dram_init_banksize
 .text.setup_dram_config
                0x17803c1c        0xa common/built-in.o
 .text.board_get_usable_ram_top
                0x17803c26       0x12 common/built-in.o
                0x17803c26                board_get_usable_ram_top
 .text.setup_dest_addr
                0x17803c38       0x30 common/built-in.o
 .text.reserve_stacks
                0x17803c68       0x1a common/built-in.o
 *fill*         0x17803c82        0x2 
 .text.board_init_f
                0x17803c84       0x20 common/built-in.o
                0x17803c84                board_init_f
 .text.bootstage_relocate
                0x17803ca4        0x4 common/built-in.o
 .text.initr_reloc_global_data
                0x17803ca8       0x1c common/built-in.o
 .text.power_init_board
                0x17803cc4        0x4 common/built-in.o
                0x17803cc4                power_init_board
 .text.initr_announce
                0x17803cc8        0x4 common/built-in.o
 .text.run_main_loop
                0x17803ccc        0x8 common/built-in.o
 .text.initr_net
                0x17803cd4       0x18 common/built-in.o
 .text.initr_ethaddr
                0x17803cec       0x18 common/built-in.o
 .text.initr_enable_interrupts
                0x17803d04        0xa common/built-in.o
 .text.initr_jumptable
                0x17803d0e        0xa common/built-in.o
 .text.initr_env
                0x17803d18       0x20 common/built-in.o
 .text.initr_mmc
                0x17803d38       0x18 common/built-in.o
 .text.initr_serial
                0x17803d50        0xa common/built-in.o
 .text.initr_dm
                0x17803d5a       0x12 common/built-in.o
 .text.initr_malloc
                0x17803d6c       0x16 common/built-in.o
 .text.initr_caches
                0x17803d82        0xa common/built-in.o
 .text.initr_reloc
                0x17803d8c       0x1c common/built-in.o
 .text.initr_barrier
                0x17803da8        0x4 common/built-in.o
 .text.initr_trace
                0x17803dac        0x4 common/built-in.o
 .text.cpu_secondary_init_r
                0x17803db0        0x2 common/built-in.o
                0x17803db0                cpu_secondary_init_r
 .text.initr_secondary_cpu
                0x17803db2        0xa common/built-in.o
 .text.board_init_r
                0x17803dbc       0x10 common/built-in.o
                0x17803dbc                board_init_r
 .text.show_board_info
                0x17803dcc        0x4 common/built-in.o
                0x17803dcc                show_board_info
 .text.do_go_exec
                0x17803dd0        0x8 common/built-in.o
                0x17803dd0                do_go_exec
 .text.do_go    0x17803dd8       0x4c common/built-in.o
 .text.do_bootm
                0x17803e24       0xa4 common/built-in.o
                0x17803e24                do_bootm
 .text.do_bootd
                0x17803ec8       0x18 common/built-in.o
                0x17803ec8                do_bootd
 .text.image_info
                0x17803ee0       0x8c common/built-in.o
 .text.do_iminfo
                0x17803f6c       0x40 common/built-in.o
 .text.bootm_maybe_autostart
                0x17803fac       0x4c common/built-in.o
                0x17803fac                bootm_maybe_autostart
 .text.do_bootz
                0x17803ff8       0x98 common/built-in.o
                0x17803ff8                do_bootz
 .text.bootm_find_ramdisk_fdt
                0x17804090       0x6c common/built-in.o
                0x17804090                bootm_find_ramdisk_fdt
 .text.bootm_decomp_image
                0x178040fc       0xe8 common/built-in.o
                0x178040fc                bootm_decomp_image
 .text.bootm_disable_interrupts
                0x178041e4       0x10 common/built-in.o
                0x178041e4                bootm_disable_interrupts
 .text.do_bootm_states
                0x178041f4      0x504 common/built-in.o
                0x178041f4                do_bootm_states
 .text.copy_args
                0x178046f8       0x36 common/built-in.o
 *fill*         0x1780472e        0x2 
 .text.do_bootm_rtems
                0x17804730       0x2c common/built-in.o
 .text.do_bootm_plan9
                0x1780475c       0x68 common/built-in.o
 .text.do_bootm_standalone
                0x178047c4       0x3c common/built-in.o
 .text.do_bootm_netbsd
                0x17804800       0xa4 common/built-in.o
 .text.do_bootvx_fdt
                0x178048a4       0xb4 common/built-in.o
                0x178048a4                do_bootvx_fdt
 .text.do_bootm_vxworks
                0x17804958       0x16 common/built-in.o
 .text.boot_selected_os
                0x1780496e       0x3a common/built-in.o
                0x1780496e                boot_selected_os
 .text.bootm_os_get_boot_func
                0x178049a8        0xc common/built-in.o
                0x178049a8                bootm_os_get_boot_func
 .text.do_help  0x178049b4       0x2c common/built-in.o
 .text.do_version
                0x178049e0       0x2c common/built-in.o
 .text.env_attr_walk
                0x17804a0c       0xba common/built-in.o
                0x17804a0c                env_attr_walk
 *fill*         0x17804ac6        0x2 
 .text.env_attr_lookup
                0x17804ac8       0xf0 common/built-in.o
                0x17804ac8                env_attr_lookup
 .text.clear_callback
                0x17804bb8        0x8 common/built-in.o
 .text.find_env_callback
                0x17804bc0       0x3c common/built-in.o
 .text.on_callbacks
                0x17804bfc       0x34 common/built-in.o
 .text.set_callback
                0x17804c30       0x50 common/built-in.o
 .text.env_callback_init
                0x17804c80       0x78 common/built-in.o
                0x17804c80                env_callback_init
 .text.skip_num
                0x17804cf8       0x44 common/built-in.o
 .text.clear_flags
                0x17804d3c        0x8 common/built-in.o
 .text.on_flags
                0x17804d44       0x34 common/built-in.o
 .text.env_flags_parse_vartype
                0x17804d78       0x30 common/built-in.o
                0x17804d78                env_flags_parse_vartype
 .text.env_flags_parse_varaccess
                0x17804da8       0x38 common/built-in.o
                0x17804da8                env_flags_parse_varaccess
 .text.set_flags
                0x17804de0       0x64 common/built-in.o
 .text.env_flags_init
                0x17804e44       0x90 common/built-in.o
                0x17804e44                env_flags_init
 .text.env_flags_validate
                0x17804ed4      0x204 common/built-in.o
                0x17804ed4                env_flags_validate
 .text.init_mmc_for_env
                0x178050d8       0x24 common/built-in.o
 .text.mmc_get_env_addr
                0x178050fc        0xa common/built-in.o
                0x178050fc                mmc_get_env_addr
 .text.mmc_get_env_devno
                0x17805106        0x4 common/built-in.o
                0x17805106                mmc_get_env_devno
 *fill*         0x1780510a        0x2 
 .text.env_init
                0x1780510c       0x14 common/built-in.o
                0x1780510c                env_init
 .text.saveenv  0x17805120       0xb4 common/built-in.o
                0x17805120                saveenv
 .text.env_relocate_spec
                0x178051d4       0x8c common/built-in.o
                0x178051d4                env_relocate_spec
 .text.source   0x17805260       0x90 common/built-in.o
                0x17805260                source
 .text.do_source
                0x178052f0       0x30 common/built-in.o
 .text.print_num
                0x17805320       0x10 common/built-in.o
 .text.do_bdinfo
                0x17805330      0x12c common/built-in.o
 .text.parse_argv
                0x1780545c       0x3c common/built-in.o
 .text.do_icache
                0x17805498       0x5c common/built-in.o
 .text.do_dcache
                0x178054f4       0x5c common/built-in.o
 .text.do_coninfo
                0x17805550       0x90 common/built-in.o
 .text.do_echo  0x178055e0       0x70 common/built-in.o
 .text.do_exit  0x17805650       0x1e common/built-in.o
 .text.do_ext2load
                0x1780566e        0xe common/built-in.o
                0x1780566e                do_ext2load
 .text.do_ext2ls
                0x1780567c        0xe common/built-in.o
 .text.do_fat_size
                0x1780568a        0xe common/built-in.o
                0x1780568a                do_fat_size
 .text.do_fat_fsload
                0x17805698        0xe common/built-in.o
                0x17805698                do_fat_fsload
 .text.do_fat_ls
                0x178056a6        0xe common/built-in.o
 .text.do_fat_fsinfo
                0x178056b4       0x58 common/built-in.o
 .text.fdt_valid
                0x1780570c       0x74 common/built-in.o
 .text.is_printable_string
                0x17805780       0x48 common/built-in.o
 .text.print_data
                0x178057c8      0x104 common/built-in.o
 .text.set_working_fdt_addr
                0x178058cc       0x14 common/built-in.o
                0x178058cc                set_working_fdt_addr
 .text.do_fdt   0x178058e0      0x96c common/built-in.o
 .text.fdt_find_and_setprop
                0x1780624c       0x48 common/built-in.o
                0x1780624c                fdt_find_and_setprop
 .text.fdt_find_or_add_subnode
                0x17806294       0x40 common/built-in.o
                0x17806294                fdt_find_or_add_subnode
 .text.fdt_initrd
                0x178062d4      0x12c common/built-in.o
                0x178062d4                fdt_initrd
 .text.fdt_chosen
                0x17806400       0x6c common/built-in.o
                0x17806400                fdt_chosen
 .text.do_fixup_by_path
                0x1780646c       0x34 common/built-in.o
                0x1780646c                do_fixup_by_path
 .text.fdt_fixup_memory_banks
                0x178064a0      0x124 common/built-in.o
                0x178064a0                fdt_fixup_memory_banks
 .text.fdt_fixup_memory
                0x178065c4       0x16 common/built-in.o
                0x178065c4                fdt_fixup_memory
 *fill*         0x178065da        0x2 
 .text.fdt_fixup_ethernet
                0x178065dc       0xe4 common/built-in.o
                0x178065dc                fdt_fixup_ethernet
 .text.fdt_shrink_to_minimum
                0x178066c0       0x84 common/built-in.o
                0x178066c0                fdt_shrink_to_minimum
 .text.do_flerase
                0x17806744        0x4 common/built-in.o
 .text.do_protect
                0x17806748        0xc common/built-in.o
 .text.do_flinfo
                0x17806754        0x4 common/built-in.o
 .text.strtou32
                0x17806758       0x2c common/built-in.o
 .text.do_fuse  0x17806784      0x228 common/built-in.o
 .text.do_i2c   0x178069ac       0x3c common/built-in.o
 .text.do_i2c_reset
                0x178069e8       0x20 common/built-in.o
 .text.do_i2c_probe
                0x17806a08       0x58 common/built-in.o
 .text.do_i2c_bus_speed
                0x17806a60       0x4c common/built-in.o
 .text.do_i2c_show_bus
                0x17806aac       0x88 common/built-in.o
 .text.do_i2c_bus_num
                0x17806b34       0x7c common/built-in.o
 .text.get_alen.constprop.7
                0x17806bb0       0x1c common/built-in.o
 .text.do_i2c_crc
                0x17806bcc       0xb8 common/built-in.o
 .text.mod_i2c_mem.isra.4
                0x17806c84      0x148 common/built-in.o
 .text.do_i2c_nm
                0x17806dcc        0x6 common/built-in.o
 .text.do_i2c_mm
                0x17806dd2        0x6 common/built-in.o
 .text.do_i2c_md
                0x17806dd8      0x13c common/built-in.o
 .text.do_i2c_read
                0x17806f14       0x78 common/built-in.o
 .text.do_i2c_mw
                0x17806f8c       0xa4 common/built-in.o
 .text.do_i2c_write
                0x17807030       0xdc common/built-in.o
 .text.do_i2c_loop
                0x1780710c       0x94 common/built-in.o
 .text.i2c_init_board
                0x178071a0        0x2 common/built-in.o
                0x178071a0                i2c_init_board
 .text.evalexp  0x178071a2       0x44 common/built-in.o
 .text.evalstr  0x178071e6       0x3c common/built-in.o
 *fill*         0x17807222        0x2 
 .text.binary_test
                0x17807224      0x128 common/built-in.o
 .text.do_itest
                0x1780734c       0x4c common/built-in.o
 .text.bin_data_init
                0x17807398       0x1c common/built-in.o
 .text.k_data_save
                0x178073b4       0x34 common/built-in.o
 .text.k_data_restore
                0x178073e8       0x34 common/built-in.o
 .text.getcxmodem
                0x1780741c       0x16 common/built-in.o
 *fill*         0x17807432        0x2 
 .text.load_serial_ymodem
                0x17807434       0x88 common/built-in.o
 .text.bin_data_char
                0x178074bc       0x1c common/built-in.o
 .text.chk1.constprop.1
                0x178074d8       0x20 common/built-in.o
 .text.s1_sendpacket.constprop.2
                0x178074f8       0x34 common/built-in.o
 .text.load_serial
                0x1780752c      0x134 common/built-in.o
 .text.do_load_serial
                0x17807660       0x90 common/built-in.o
 .text.do_load_serial_bin
                0x178076f0      0x534 common/built-in.o
 .text.do_mem_mw
                0x17807c24       0x80 common/built-in.o
 .text.do_mem_loop
                0x17807ca4       0x82 common/built-in.o
 *fill*         0x17807d26        0x2 
 .text.do_mem_md
                0x17807d28       0xa0 common/built-in.o
 .text.do_mem_cmp
                0x17807dc8       0xf0 common/built-in.o
 .text.do_mem_base
                0x17807eb8       0x28 common/built-in.o
 .text.do_mem_cp
                0x17807ee0       0x84 common/built-in.o
 .text.do_mem_crc
                0x17807f64       0x2c common/built-in.o
 .text.mod_mem.isra.0
                0x17807f90       0xe4 common/built-in.o
 .text.do_mem_mm
                0x17808074        0x6 common/built-in.o
 .text.do_mem_nm
                0x1780807a        0x6 common/built-in.o
 .text.miiphy_get_dev_by_name
                0x17808080       0x38 common/built-in.o
                0x17808080                miiphy_get_dev_by_name
 .text.miiphy_init
                0x178080b8       0x18 common/built-in.o
                0x178080b8                miiphy_init
 .text.mdio_alloc
                0x178080d0       0x1c common/built-in.o
                0x178080d0                mdio_alloc
 .text.mdio_register
                0x178080ec       0x50 common/built-in.o
                0x178080ec                mdio_register
 .text.mdio_list_devices
                0x1780813c       0x64 common/built-in.o
                0x1780813c                mdio_list_devices
 .text.miiphy_set_current_dev
                0x178081a0       0x28 common/built-in.o
                0x178081a0                miiphy_set_current_dev
 .text.miiphy_get_active_dev
                0x178081c8       0x30 common/built-in.o
 .text.mdio_get_current_dev
                0x178081f8        0xc common/built-in.o
                0x178081f8                mdio_get_current_dev
 .text.mdio_phydev_for_ethname
                0x17808204       0x54 common/built-in.o
                0x17808204                mdio_phydev_for_ethname
 .text.miiphy_get_current_dev
                0x17808258       0x10 common/built-in.o
                0x17808258                miiphy_get_current_dev
 .text.miiphy_read
                0x17808268       0x28 common/built-in.o
                0x17808268                miiphy_read
 .text.miiphy_write
                0x17808290       0x24 common/built-in.o
                0x17808290                miiphy_write
 .text.miiphy_listdev
                0x178082b4       0x54 common/built-in.o
                0x178082b4                miiphy_listdev
 .text.miiphy_info
                0x17808308       0x5c common/built-in.o
                0x17808308                miiphy_info
 .text.miiphy_speed
                0x17808364       0x60 common/built-in.o
                0x17808364                miiphy_speed
 .text.miiphy_duplex
                0x178083c4       0x60 common/built-in.o
                0x178083c4                miiphy_duplex
 .text.miiphy_is_1000base_x
                0x17808424        0x4 common/built-in.o
                0x17808424                miiphy_is_1000base_x
 .text.extract_range
                0x17808428       0x7c common/built-in.o
 .text.do_mii   0x178084a4      0x540 common/built-in.o
 .text.do_mdio  0x178089e4      0x320 common/built-in.o
 .text.do_sleep
                0x17808d04       0x46 common/built-in.o
 *fill*         0x17808d4a        0x2 
 .text.do_mmcops
                0x17808d4c       0x7c common/built-in.o
 .text.init_mmc_device
                0x17808dc8       0x34 common/built-in.o
 .text.do_mmc_rescan
                0x17808dfc       0x18 common/built-in.o
 .text.do_mmc_hwpartition
                0x17808e14      0x38c common/built-in.o
 .text.do_mmc_list
                0x178091a0        0xc common/built-in.o
 .text.do_mmc_dev
                0x178091ac       0xc4 common/built-in.o
 .text.do_mmc_part
                0x17809270       0x38 common/built-in.o
 .text.do_mmc_erase
                0x178092a8       0xa0 common/built-in.o
 .text.do_mmc_write
                0x17809348       0xac common/built-in.o
 .text.do_mmc_read
                0x178093f4       0xa0 common/built-in.o
 .text.do_mmcinfo
                0x17809494      0x298 common/built-in.o
 .text.do_mmc_setdsr
                0x1780972c       0x74 common/built-in.o
 .text.cpu_cmd  0x178097a0       0xb0 common/built-in.o
 .text.netboot_common
                0x17809850      0x1ac common/built-in.o
 .text.do_bootp
                0x178099fc        0x8 common/built-in.o
 .text.do_dhcp  0x17809a04        0x8 common/built-in.o
 .text.do_nfs   0x17809a0c        0x8 common/built-in.o
 .text.do_tftpb
                0x17809a14       0x26 common/built-in.o
                0x17809a14                do_tftpb
 *fill*         0x17809a3a        0x2 
 .text.do_ping  0x17809a3c       0x48 common/built-in.o
 .text.__sata_initialize
                0x17809a84       0x68 common/built-in.o
                0x17809a84                sata_initialize
                0x17809a84                __sata_initialize
 .text.__sata_stop
                0x17809aec       0x1c common/built-in.o
                0x17809aec                __sata_stop
                0x17809aec                sata_stop
 .text.do_sata  0x17809b08      0x29c common/built-in.o
 .text.sata_get_dev
                0x17809da4       0x14 common/built-in.o
                0x17809da4                sata_get_dev
 .text.get_arg  0x17809db8       0x32 common/built-in.o
 *fill*         0x17809dea        0x2 
 .text.do_setexpr
                0x17809dec       0xb4 common/built-in.o
 .text.do_false
                0x17809ea0        0x4 common/built-in.o
 .text.do_true  0x17809ea4        0x4 common/built-in.o
 .text.do_test  0x17809ea8      0x208 common/built-in.o
 .text.usb_get_class_desc
                0x1780a0b0       0x74 common/built-in.o
 .text.usb_display_class_sub
                0x1780a124       0xf4 common/built-in.o
 .text.usb_find_device
                0x1780a218       0x1e common/built-in.o
 *fill*         0x1780a236        0x2 
 .text.usb_show_tree_graph
                0x1780a238      0x178 common/built-in.o
 .text.usb_display_string
                0x1780a3b0       0x2c common/built-in.o
 .text.usb_display_config
                0x1780a3dc      0x1a8 common/built-in.o
 .text.do_usbboot
                0x1780a584        0xc common/built-in.o
 .text.do_usb_start
                0x1780a590       0x20 common/built-in.o
 .text.usb_display_desc.part.2
                0x1780a5b0       0xd0 common/built-in.o
 .text.do_usb   0x1780a680      0x4e8 common/built-in.o
 .text.usb_set_maxpacket_ep
                0x1780ab68       0x54 common/built-in.o
 .text.usb_stop
                0x1780abbc       0x48 common/built-in.o
                0x1780abbc                usb_stop
 .text.usb_disable_asynch
                0x1780ac04       0x14 common/built-in.o
                0x1780ac04                usb_disable_asynch
 .text.usb_control_msg
                0x1780ac18       0x78 common/built-in.o
                0x1780ac18                usb_control_msg
 .text.usb_get_descriptor
                0x1780ac90       0x38 common/built-in.o
 .text.usb_get_string
                0x1780acc8       0x50 common/built-in.o
 .text.usb_string_sub
                0x1780ad18       0x94 common/built-in.o
 .text.usb_bulk_msg
                0x1780adac       0x48 common/built-in.o
                0x1780adac                usb_bulk_msg
 .text.usb_maxpacket
                0x1780adf4       0x1a common/built-in.o
                0x1780adf4                usb_maxpacket
 .text.usb_clear_halt
                0x1780ae0e       0x5c common/built-in.o
                0x1780ae0e                usb_clear_halt
 *fill*         0x1780ae6a        0x2 
 .text.usb_get_configuration_no
                0x1780ae6c       0x78 common/built-in.o
                0x1780ae6c                usb_get_configuration_no
 .text.usb_set_interface
                0x1780aee4       0x6c common/built-in.o
                0x1780aee4                usb_set_interface
 .text.usb_string
                0x1780af50       0x9c common/built-in.o
                0x1780af50                usb_string
 .text.usb_get_dev_index
                0x1780afec       0x18 common/built-in.o
                0x1780afec                usb_get_dev_index
 .text.usb_alloc_new_device
                0x1780b004       0x60 common/built-in.o
                0x1780b004                usb_alloc_new_device
 .text.usb_free_device
                0x1780b064       0x30 common/built-in.o
                0x1780b064                usb_free_device
 .text.usb_alloc_device
                0x1780b094        0x4 common/built-in.o
                0x1780b094                usb_alloc_device
 .text.usb_new_device
                0x1780b098      0x3f8 common/built-in.o
                0x1780b098                usb_new_device
 .text.usb_init
                0x1780b490       0xe0 common/built-in.o
                0x1780b490                usb_init
 .text.usb_set_port_feature
                0x1780b570       0x2e common/built-in.o
 .text.usb_hub_power_on
                0x1780b59e       0x2e common/built-in.o
 .text.usb_get_port_status
                0x1780b5cc       0x30 common/built-in.o
 .text.usb_clear_port_feature
                0x1780b5fc       0x2e common/built-in.o
 .text.usb_get_hub_descriptor
                0x1780b62a       0x34 common/built-in.o
 .text.usb_hub_reset_devices
                0x1780b65e        0x2 common/built-in.o
                0x1780b65e                usb_hub_reset_devices
 .text.usb_hub_reset
                0x1780b660        0xc common/built-in.o
                0x1780b660                usb_hub_reset
 .text.hub_port_reset
                0x1780b66c       0x66 common/built-in.o
                0x1780b66c                hub_port_reset
 *fill*         0x1780b6d2        0x2 
 .text.usb_hub_port_connect_change
                0x1780b6d4       0xd0 common/built-in.o
                0x1780b6d4                usb_hub_port_connect_change
 .text.usb_hub_configure
                0x1780b7a4      0x1e8 common/built-in.o
 .text.usb_hub_probe
                0x1780b98c       0x3a common/built-in.o
                0x1780b98c                usb_hub_probe
 .text.usb_stor_irq
                0x1780b9c6       0x10 common/built-in.o
 .text.usb_stor_BBB_reset
                0x1780b9d6       0x8e common/built-in.o
 .text.usb_stor_CB_reset
                0x1780ba64       0x8e common/built-in.o
 .text.usb_stor_BBB_clear_endpt_stall.isra.2
                0x1780baf2       0x2c common/built-in.o
 *fill*         0x1780bb1e        0x2 
 .text.usb_stor_BBB_transport
                0x1780bb20      0x19c common/built-in.o
 .text.usb_stor_CB_comdat
                0x1780bcbc      0x15c common/built-in.o
 .text.usb_stor_CBI_get_status.isra.4
                0x1780be18       0x7c common/built-in.o
 .text.usb_stor_CB_transport
                0x1780be94      0x158 common/built-in.o
 .text.usb_request_sense.constprop.10
                0x1780bfec       0x44 common/built-in.o
 .text.usb_stor_write
                0x1780c030      0x124 common/built-in.o
                0x1780c030                usb_stor_write
 .text.usb_stor_read
                0x1780c154      0x124 common/built-in.o
                0x1780c154                usb_stor_read
 .text.usb_stor_get_dev
                0x1780c278       0x1c common/built-in.o
                0x1780c278                usb_stor_get_dev
 .text.usb_stor_info
                0x1780c294       0x4c common/built-in.o
                0x1780c294                usb_stor_info
 .text.usb_storage_probe
                0x1780c2e0      0x15c common/built-in.o
                0x1780c2e0                usb_storage_probe
 .text.usb_stor_get_info
                0x1780c43c      0x220 common/built-in.o
                0x1780c43c                usb_stor_get_info
 .text.usb_stor_scan
                0x1780c65c      0x14c common/built-in.o
                0x1780c65c                usb_stor_scan
 .text.do_imgextract
                0x1780c7a8      0x1b8 common/built-in.o
 .text.splash_screen_prepare
                0x1780c960        0x4 common/built-in.o
                0x1780c960                splash_screen_prepare
 .text.splash_get_pos
                0x1780c964       0x54 common/built-in.o
                0x1780c964                splash_get_pos
 .text.do_env_delete
                0x1780c9b8       0x60 common/built-in.o
 .text.do_env_exists
                0x1780ca18       0x40 common/built-in.o
 .text.do_env_save
                0x1780ca58       0x20 common/built-in.o
 .text.do_env   0x1780ca78       0x3c common/built-in.o
 .text.env_print
                0x1780cab4       0x74 common/built-in.o
 .text.do_env_print
                0x1780cb28       0x70 common/built-in.o
 .text.do_env_import
                0x1780cb98      0x190 common/built-in.o
 .text.do_env_default
                0x1780cd28       0x54 common/built-in.o
 .text._do_env_set.isra.0
                0x1780cd7c      0x128 common/built-in.o
 .text.do_env_set
                0x1780cea4       0x12 common/built-in.o
 *fill*         0x1780ceb6        0x2 
 .text.get_env_id
                0x1780ceb8        0xc common/built-in.o
                0x1780ceb8                get_env_id
 .text.setenv   0x1780cec4       0x38 common/built-in.o
                0x1780cec4                setenv
 .text.setenv_ulong
                0x1780cefc       0x16 common/built-in.o
                0x1780cefc                setenv_ulong
 *fill*         0x1780cf12        0x2 
 .text.setenv_hex
                0x1780cf14       0x20 common/built-in.o
                0x1780cf14                setenv_hex
 .text.do_env_export
                0x1780cf34      0x16c common/built-in.o
 .text.envmatch
                0x1780d0a0       0x3c common/built-in.o
                0x1780d0a0                envmatch
 .text.getenv_f
                0x1780d0dc       0x7c common/built-in.o
                0x1780d0dc                getenv_f
 .text.getenv   0x1780d158       0x50 common/built-in.o
                0x1780d158                getenv
 .text.getenv_hex
                0x1780d1a8       0x22 common/built-in.o
                0x1780d1a8                getenv_hex
 .text.getenv_ulong
                0x1780d1ca       0x1c common/built-in.o
                0x1780d1ca                getenv_ulong
 *fill*         0x1780d1e6        0x2 
 .text.do_env_edit
                0x1780d1e8       0x50 common/built-in.o
 .text.env_get_char_spec
                0x1780d238        0x8 common/built-in.o
                0x1780d238                env_get_char_spec
 .text.env_get_addr
                0x1780d240       0x18 common/built-in.o
                0x1780d240                env_get_addr
 .text.env_get_char_memory
                0x1780d258        0xa common/built-in.o
                0x1780d258                env_get_char_memory
 *fill*         0x1780d262        0x2 
 .text.env_get_char
                0x1780d264       0x20 common/built-in.o
                0x1780d264                env_get_char
 .text.getenv_yesno
                0x1780d284       0x2a common/built-in.o
                0x1780d284                getenv_yesno
 .text.getenv_default
                0x1780d2ae       0x2a common/built-in.o
                0x1780d2ae                getenv_default
 .text.set_default_env
                0x1780d2d8       0x80 common/built-in.o
                0x1780d2d8                set_default_env
 .text.set_default_vars
                0x1780d358       0x28 common/built-in.o
                0x1780d358                set_default_vars
 .text.env_import
                0x1780d380       0x94 common/built-in.o
                0x1780d380                env_import
 .text.env_export
                0x1780d414       0x64 common/built-in.o
                0x1780d414                env_export
 .text.env_relocate
                0x1780d478       0x28 common/built-in.o
                0x1780d478                env_relocate
 .text.env_complete
                0x1780d4a0       0x90 common/built-in.o
                0x1780d4a0                env_complete
 .text.console_setfile
                0x1780d530       0x74 common/built-in.o
 .text.serial_printf
                0x1780d5a4       0x28 common/built-in.o
                0x1780d5a4                serial_printf
 .text.putc     0x1780d5cc       0x24 common/built-in.o
                0x1780d5cc                putc
 .text.puts     0x1780d5f0       0x24 common/built-in.o
                0x1780d5f0                puts
 .text.printf   0x1780d614       0x2c common/built-in.o
                0x1780d614                printf
 .text.fgetc    0x1780d640       0x18 common/built-in.o
                0x1780d640                fgetc
 .text.getc     0x1780d658       0x1a common/built-in.o
                0x1780d658                getc
 *fill*         0x1780d672        0x2 
 .text.ftstc    0x1780d674       0x18 common/built-in.o
                0x1780d674                ftstc
 .text.tstc     0x1780d68c       0x1a common/built-in.o
                0x1780d68c                tstc
 .text.vprintf  0x1780d6a6       0x1c common/built-in.o
                0x1780d6a6                vprintf
 *fill*         0x1780d6c2        0x2 
 .text.ctrlc    0x1780d6c4       0x38 common/built-in.o
                0x1780d6c4                ctrlc
 .text.confirm_yesno
                0x1780d6fc       0x84 common/built-in.o
                0x1780d6fc                confirm_yesno
 .text.had_ctrlc
                0x1780d780        0xc common/built-in.o
                0x1780d780                had_ctrlc
 .text.clear_ctrlc
                0x1780d78c        0xc common/built-in.o
                0x1780d78c                clear_ctrlc
 .text.search_device
                0x1780d798       0x16 common/built-in.o
                0x1780d798                search_device
 .text.console_assign
                0x1780d7ae       0x2a common/built-in.o
                0x1780d7ae                console_assign
 .text.on_console
                0x1780d7d8       0x70 common/built-in.o
 .text.console_init_f
                0x1780d848        0xa common/built-in.o
                0x1780d848                console_init_f
 *fill*         0x1780d852        0x2 
 .text.stdio_print_current_devices
                0x1780d854       0x78 common/built-in.o
                0x1780d854                stdio_print_current_devices
 .text.console_init_r
                0x1780d8cc      0x100 common/built-in.o
                0x1780d8cc                console_init_r
 .text.sbrk     0x1780d9cc       0x44 common/built-in.o
                0x1780d9cc                sbrk
 .text.mem_malloc_init
                0x1780da10       0x28 common/built-in.o
                0x1780da10                mem_malloc_init
 .text.malloc_trim
                0x1780da38       0x80 common/built-in.o
                0x1780da38                malloc_trim
 .text.free     0x1780dab8      0x16c common/built-in.o
                0x1780dab8                free
 .text.malloc   0x1780dc24      0x420 common/built-in.o
                0x1780dc24                malloc
 .text.calloc   0x1780e044       0xbc common/built-in.o
                0x1780e044                calloc
 .text.realloc  0x1780e100      0x344 common/built-in.o
                0x1780e100                realloc
 .text.memalign
                0x1780e444       0xbe common/built-in.o
                0x1780e444                memalign
 .text.malloc_simple
                0x1780e502       0x28 common/built-in.o
                0x1780e502                malloc_simple
 *fill*         0x1780e52a        0x2 
 .text.on_loadaddr
                0x1780e52c       0x20 common/built-in.o
 .text.image_check_hcrc
                0x1780e54c       0x2a common/built-in.o
                0x1780e54c                image_check_hcrc
 .text.image_check_dcrc
                0x1780e576       0x22 common/built-in.o
                0x1780e576                image_check_dcrc
 .text.image_multi_count
                0x1780e598       0x12 common/built-in.o
                0x1780e598                image_multi_count
 .text.image_multi_getimg
                0x1780e5aa       0x50 common/built-in.o
                0x1780e5aa                image_multi_getimg
 *fill*         0x1780e5fa        0x2 
 .text.getenv_bootm_low
                0x1780e5fc       0x20 common/built-in.o
                0x1780e5fc                getenv_bootm_low
 .text.getenv_bootm_size
                0x1780e61c       0x3c common/built-in.o
                0x1780e61c                getenv_bootm_size
 .text.getenv_bootm_mapsize
                0x1780e658       0x20 common/built-in.o
                0x1780e658                getenv_bootm_mapsize
 .text.memmove_wd
                0x1780e678        0xa common/built-in.o
                0x1780e678                memmove_wd
 *fill*         0x1780e682        0x2 
 .text.genimg_print_size
                0x1780e684       0x24 common/built-in.o
                0x1780e684                genimg_print_size
 .text.get_table_entry_name
                0x1780e6a8       0x16 common/built-in.o
                0x1780e6a8                get_table_entry_name
 *fill*         0x1780e6be        0x2 
 .text.genimg_get_os_name
                0x1780e6c0       0x14 common/built-in.o
                0x1780e6c0                genimg_get_os_name
 .text.genimg_get_arch_name
                0x1780e6d4       0x14 common/built-in.o
                0x1780e6d4                genimg_get_arch_name
 .text.genimg_get_type_name
                0x1780e6e8       0x14 common/built-in.o
                0x1780e6e8                genimg_get_type_name
 .text.genimg_get_comp_name
                0x1780e6fc       0x14 common/built-in.o
                0x1780e6fc                genimg_get_comp_name
 .text.image_print_contents
                0x1780e710       0xf0 common/built-in.o
                0x1780e710                image_print_contents
 .text.genimg_get_kernel_addr_fit
                0x1780e800       0x14 common/built-in.o
                0x1780e800                genimg_get_kernel_addr_fit
 .text.genimg_get_format
                0x1780e814       0x20 common/built-in.o
                0x1780e814                genimg_get_format
 .text.genimg_get_image
                0x1780e834        0x2 common/built-in.o
                0x1780e834                genimg_get_image
 .text.genimg_has_config
                0x1780e836        0x4 common/built-in.o
                0x1780e836                genimg_has_config
 *fill*         0x1780e83a        0x2 
 .text.boot_get_ramdisk
                0x1780e83c      0x174 common/built-in.o
                0x1780e83c                boot_get_ramdisk
 .text.boot_ramdisk_high
                0x1780e9b0       0xc8 common/built-in.o
                0x1780e9b0                boot_ramdisk_high
 .text.boot_get_setup
                0x1780ea78        0x6 common/built-in.o
                0x1780ea78                boot_get_setup
 .text.image_setup_linux
                0x1780ea7e       0x52 common/built-in.o
                0x1780ea7e                image_setup_linux
 .text.fdt_error
                0x1780ead0       0x24 common/built-in.o
 .text.boot_fdt_add_mem_rsv_regions
                0x1780eaf4       0x54 common/built-in.o
                0x1780eaf4                boot_fdt_add_mem_rsv_regions
 .text.boot_relocate_fdt
                0x1780eb48      0x10c common/built-in.o
                0x1780eb48                boot_relocate_fdt
 .text.boot_get_fdt
                0x1780ec54      0x1a8 common/built-in.o
                0x1780ec54                boot_get_fdt
 .text.ft_verify_fdt
                0x1780edfc        0x4 common/built-in.o
                0x1780edfc                ft_verify_fdt
 .text.image_setup_libfdt
                0x1780ee00       0x90 common/built-in.o
                0x1780ee00                image_setup_libfdt
 .text.get_effective_memsize
                0x1780ee90        0x6 common/built-in.o
                0x1780ee90                get_effective_memsize
 .text.nulldev_putc
                0x1780ee96        0x2 common/built-in.o
 .text.nulldev_puts
                0x1780ee98        0x2 common/built-in.o
 .text.nulldev_input
                0x1780ee9a        0x4 common/built-in.o
 .text.stdio_serial_tstc
                0x1780ee9e        0x4 common/built-in.o
 .text.stdio_serial_getc
                0x1780eea2        0x4 common/built-in.o
 .text.stdio_serial_puts
                0x1780eea6        0x6 common/built-in.o
 .text.stdio_serial_putc
                0x1780eeac        0x6 common/built-in.o
 *fill*         0x1780eeb2        0x2 
 .text.stdio_get_list
                0x1780eeb4        0x8 common/built-in.o
                0x1780eeb4                stdio_get_list
 .text.stdio_get_by_name
                0x1780eebc       0x30 common/built-in.o
                0x1780eebc                stdio_get_by_name
 .text.stdio_clone
                0x1780eeec       0x22 common/built-in.o
                0x1780eeec                stdio_clone
 *fill*         0x1780ef0e        0x2 
 .text.stdio_register_dev
                0x1780ef10       0x30 common/built-in.o
                0x1780ef10                stdio_register_dev
 .text.stdio_register
                0x1780ef40        0x6 common/built-in.o
                0x1780ef40                stdio_register
 *fill*         0x1780ef46        0x2 
 .text.stdio_init_tables
                0x1780ef48       0x14 common/built-in.o
                0x1780ef48                stdio_init_tables
 .text.stdio_add_devices
                0x1780ef5c       0x94 common/built-in.o
                0x1780ef5c                stdio_add_devices
 .text.run_command
                0x1780eff0        0xe common/built-in.o
                0x1780eff0                run_command
 .text.run_command_list
                0x1780effe       0x38 common/built-in.o
                0x1780effe                run_command_list
 *fill*         0x1780f036        0x2 
 .text.do_run   0x1780f038       0x50 common/built-in.o
                0x1780f038                do_run
 .text.cli_loop
                0x1780f088        0x8 common/built-in.o
                0x1780f088                cli_loop
 .text.cli_init
                0x1780f090        0x4 common/built-in.o
                0x1780f090                cli_init
 .text.delete_char.part.0
                0x1780f094       0x84 common/built-in.o
 .text.cread_add_char
                0x1780f118       0x80 common/built-in.o
 .text.cli_readline_into_buffer
                0x1780f198      0x5fc common/built-in.o
                0x1780f198                cli_readline_into_buffer
 .text.cli_readline
                0x1780f794       0x10 common/built-in.o
                0x1780f794                cli_readline
 .text.find_cmd_tbl
                0x1780f7a4       0x64 common/built-in.o
                0x1780f7a4                find_cmd_tbl
 .text.find_cmd
                0x1780f808       0x1c common/built-in.o
                0x1780f808                find_cmd
 .text.cmd_usage
                0x1780f824       0x3c common/built-in.o
                0x1780f824                cmd_usage
 .text._do_help
                0x1780f860       0xfc common/built-in.o
                0x1780f860                _do_help
 .text.var_complete
                0x1780f95c       0x48 common/built-in.o
                0x1780f95c                var_complete
 .text.cmd_auto_complete
                0x1780f9a4      0x304 common/built-in.o
                0x1780f9a4                cmd_auto_complete
 .text.cmd_get_data_size
                0x1780fca8       0x38 common/built-in.o
                0x1780fca8                cmd_get_data_size
 .text.cmd_process
                0x1780fce0       0x94 common/built-in.o
                0x1780fce0                cmd_process
 .text.cmd_process_error
                0x1780fd74       0x1c common/built-in.o
                0x1780fd74                cmd_process_error
 .text.hex1_bin
                0x1780fd90       0x2a common/built-in.o
 .text.hex2_bin
                0x1780fdba       0x24 common/built-in.o
 .text.srec_decode
                0x1780fdde      0x184 common/built-in.o
                0x1780fdde                srec_decode
 *fill*         0x1780ff62        0x2 
 .text.CYGACC_COMM_IF_GETC_TIMEOUT.isra.0
                0x1780ff64       0x2c common/built-in.o
 .text.xyzModem_flush
                0x1780ff90       0x14 common/built-in.o
 .text.xyzModem_get_hdr
                0x1780ffa4      0x16c common/built-in.o
 .text.xyzModem_stream_open
                0x17810110      0x178 common/built-in.o
                0x17810110                xyzModem_stream_open
 .text.xyzModem_stream_read
                0x17810288      0x1c0 common/built-in.o
                0x17810288                xyzModem_stream_read
 .text.xyzModem_stream_close
                0x17810448       0x40 common/built-in.o
                0x17810448                xyzModem_stream_close
 .text.xyzModem_stream_terminate
                0x17810488       0x68 common/built-in.o
                0x17810488                xyzModem_stream_terminate
 .text.xyzModem_error
                0x178104f0       0x18 common/built-in.o
                0x178104f0                xyzModem_error
 .text.common_diskboot
                0x17810508      0x188 common/built-in.o
                0x17810508                common_diskboot
 .text.get_dev_hwpart
                0x17810690       0x64 disk/built-in.o
 .text.dev_print
                0x178106f4      0x194 disk/built-in.o
                0x178106f4                dev_print
 .text.init_part
                0x17810888       0x14 disk/built-in.o
                0x17810888                init_part
 .text.print_part
                0x1781089c       0xa0 disk/built-in.o
                0x1781089c                print_part
 .text.get_partition_info
                0x1781093c       0x1c disk/built-in.o
                0x1781093c                get_partition_info
 .text.get_device
                0x17810958       0xa4 disk/built-in.o
                0x17810958                get_device
 .text.get_device_and_partition
                0x178109fc      0x294 disk/built-in.o
                0x178109fc                get_device_and_partition
 .text.test_block_type
                0x17810c90       0x50 disk/built-in.o
 .text.print_partition_extended
                0x17810ce0      0x1b8 disk/built-in.o
 .text.get_partition_info_extended.constprop.1
                0x17810e98      0x1f8 disk/built-in.o
 .text.test_part_dos
                0x17811090       0x42 disk/built-in.o
                0x17811090                test_part_dos
 *fill*         0x178110d2        0x2 
 .text.print_part_dos
                0x178110d4       0x20 disk/built-in.o
                0x178110d4                print_part_dos
 .text.get_partition_info_dos
                0x178110f4       0x16 disk/built-in.o
                0x178110f4                get_partition_info_dos
 *fill*         0x1781110a        0x2 
 .text.device_bind
                0x1781110c      0x174 drivers/built-in.o
                0x1781110c                device_bind
 .text.device_bind_by_name
                0x17811280       0x3e drivers/built-in.o
                0x17811280                device_bind_by_name
 .text.device_probe
                0x178112be        0x6 drivers/built-in.o
                0x178112be                device_probe
 .text.device_probe_child
                0x178112c4      0x120 drivers/built-in.o
                0x178112c4                device_probe_child
 .text.dev_get_platdata
                0x178113e4       0x20 drivers/built-in.o
                0x178113e4                dev_get_platdata
 .text.dev_get_priv
                0x17811404       0x20 drivers/built-in.o
                0x17811404                dev_get_priv
 .text.lists_driver_lookup_name
                0x17811424       0x2c drivers/built-in.o
                0x17811424                lists_driver_lookup_name
 .text.lists_uclass_lookup
                0x17811450       0x24 drivers/built-in.o
                0x17811450                lists_uclass_lookup
 .text.lists_bind_drivers
                0x17811474       0x54 drivers/built-in.o
                0x17811474                lists_bind_drivers
 .text.dm_root  0x178114c8       0x1c drivers/built-in.o
                0x178114c8                dm_root
 .text.dm_init  0x178114e4       0x44 drivers/built-in.o
                0x178114e4                dm_init
 .text.dm_scan_platdata
                0x17811528       0x20 drivers/built-in.o
                0x17811528                dm_scan_platdata
 .text.dm_scan_other
                0x17811548        0x4 drivers/built-in.o
                0x17811548                dm_scan_other
 .text.dm_init_and_scan
                0x1781154c       0x1e drivers/built-in.o
                0x1781154c                dm_init_and_scan
 .text.uclass_find
                0x1781156a       0x2a drivers/built-in.o
                0x1781156a                uclass_find
 .text.uclass_get
                0x17811594       0xb4 drivers/built-in.o
                0x17811594                uclass_get
 .text.uclass_find_device
                0x17811648       0x3a drivers/built-in.o
                0x17811648                uclass_find_device
 .text.uclass_find_device_by_seq
                0x17811682       0x4a drivers/built-in.o
                0x17811682                uclass_find_device_by_seq
 .text.uclass_get_device
                0x178116cc       0x20 drivers/built-in.o
                0x178116cc                uclass_get_device
 .text.uclass_bind_device
                0x178116ec       0x4e drivers/built-in.o
                0x178116ec                uclass_bind_device
 .text.uclass_unbind_device
                0x1781173a       0x24 drivers/built-in.o
                0x1781173a                uclass_unbind_device
 *fill*         0x1781175e        0x2 
 .text.uclass_resolve_seq
                0x17811760       0x64 drivers/built-in.o
                0x17811760                uclass_resolve_seq
 .text.uclass_pre_probe_child
                0x178117c4       0x12 drivers/built-in.o
                0x178117c4                uclass_pre_probe_child
 .text.uclass_post_probe_device
                0x178117d6        0xe drivers/built-in.o
                0x178117d6                uclass_post_probe_device
 .text.uclass_pre_remove_device
                0x178117e4       0x2e drivers/built-in.o
                0x178117e4                uclass_pre_remove_device
 .text.dm_warn  0x17811812       0x1a drivers/built-in.o
                0x17811812                dm_warn
 .text.device_free
                0x1781182c       0x44 drivers/built-in.o
                0x1781182c                device_free
 .text.device_remove
                0x17811870       0xcc drivers/built-in.o
                0x17811870                device_remove
 .text.generic_ffs.part.0
                0x1781193c       0x30 drivers/built-in.o
 .text.ahci_exec_ata_cmd
                0x1781196c      0x194 drivers/built-in.o
 .text.dwc_ahsata_rw_cmd_ext
                0x17811b00       0x8c drivers/built-in.o
 .text.dwc_ahsata_rw_cmd
                0x17811b8c       0x80 drivers/built-in.o
 .text.init_sata
                0x17811c0c      0x40c drivers/built-in.o
                0x17811c0c                init_sata
 .text.reset_sata
                0x17812018       0x40 drivers/built-in.o
                0x17812018                reset_sata
 .text.dwc_ahsata_flush_cache
                0x17812058       0x50 drivers/built-in.o
                0x17812058                dwc_ahsata_flush_cache
 .text.dwc_ahsata_flush_cache_ext
                0x178120a8       0x50 drivers/built-in.o
                0x178120a8                dwc_ahsata_flush_cache_ext
 .text.ata_low_level_rw_lba48
                0x178120f8       0x5e drivers/built-in.o
                0x178120f8                ata_low_level_rw_lba48
 .text.ata_low_level_rw_lba28
                0x17812156       0x56 drivers/built-in.o
                0x17812156                ata_low_level_rw_lba28
 .text.sata_read
                0x178121ac       0x28 drivers/built-in.o
                0x178121ac                sata_read
 .text.sata_write
                0x178121d4       0x54 drivers/built-in.o
                0x178121d4                sata_write
 .text.scan_sata
                0x17812228      0x270 drivers/built-in.o
                0x17812228                scan_sata
 .text.ata_id_n_sectors
                0x17812498       0x52 drivers/built-in.o
                0x17812498                ata_id_n_sectors
 .text.ata_id_c_string
                0x178124ea       0x48 drivers/built-in.o
                0x178124ea                ata_id_c_string
 .text.ata_swap_buf_le16
                0x17812532        0x2 drivers/built-in.o
                0x17812532                ata_swap_buf_le16
 .text.finish_access
                0x17812534       0x20 drivers/built-in.o
 .text.set_timing
                0x17812554       0x7c drivers/built-in.o
 .text.prepare_access
                0x178125d0       0x4c drivers/built-in.o
 .text.fuse_bank_physical
                0x1781261c       0x4c drivers/built-in.o
                0x1781261c                fuse_bank_physical
 .text.fuse_read
                0x17812668       0x48 drivers/built-in.o
                0x17812668                fuse_read
 .text.fuse_sense
                0x178126b0       0x68 drivers/built-in.o
                0x178126b0                fuse_sense
 .text.fuse_prog
                0x17812718       0x68 drivers/built-in.o
                0x17812718                fuse_prog
 .text.fuse_override
                0x17812780       0x44 drivers/built-in.o
                0x17812780                fuse_override
 .text.video_drawchars
                0x178127c4      0x318 drivers/built-in.o
 .text.draw_bitmap
                0x17812adc       0x78 drivers/built-in.o
 .text.console_newline.constprop.2
                0x17812b54       0x90 drivers/built-in.o
 .text.video_putc
                0x17812be4       0xe4 drivers/built-in.o
 .text.video_puts
                0x17812cc8       0x50 drivers/built-in.o
 .text.board_cfb_skip
                0x17812d18        0x4 drivers/built-in.o
                0x17812d18                board_cfb_skip
 .text.video_set_lut
                0x17812d1c        0x4 drivers/built-in.o
                0x17812d1e                video_set_lut
 .text.display_rle8_bitmap
                0x17812d20      0x234 drivers/built-in.o
 .text.plot_logo_or_black
                0x17812f54      0x1c4 drivers/built-in.o
 .text.do_clrlogo
                0x17813118       0x40 drivers/built-in.o
 .text.video_display_bitmap
                0x17813158      0x680 drivers/built-in.o
                0x17813158                video_display_bitmap
 .text.video_clear
                0x178137d8       0x34 drivers/built-in.o
                0x178137d8                video_clear
 .text.drv_video_init
                0x1781380c      0x2a8 drivers/built-in.o
                0x1781380c                drv_video_init
 .text.mxcfb_map_video_memory
                0x17813ab4       0x68 drivers/built-in.o
 .text.ipuv3_fb_shutdown
                0x17813b1c       0x40 drivers/built-in.o
                0x17813b1c                ipuv3_fb_shutdown
 .text.video_hw_init
                0x17813b5c      0x454 drivers/built-in.o
                0x17813b5c                video_hw_init
 .text.ipuv3_fb_init
                0x17813fb0       0x1c drivers/built-in.o
                0x17813fb0                ipuv3_fb_init
 .text.clk_ldb_clk_enable
                0x17813fcc       0x12 drivers/built-in.o
 .text.clk_ipu_enable
                0x17813fde        0x4 drivers/built-in.o
 .text.clk_ldb_clk_disable
                0x17813fe2       0x12 drivers/built-in.o
 .text.clk_ipu_disable
                0x17813ff4        0x4 drivers/built-in.o
 .text.ipu_pixel_clk_enable
                0x17813ff8       0x20 drivers/built-in.o
 .text.ipu_pixel_clk_disable
                0x17814018       0x1c drivers/built-in.o
 .text.ipu_pixel_clk_round_rate
                0x17814034       0xc8 drivers/built-in.o
 .text.ipu_pixel_clk_set_rate
                0x178140fc       0xa0 drivers/built-in.o
 .text.ipu_pixel_clk_recalc
                0x1781419c       0x48 drivers/built-in.o
 .text.ipu_pixel_clk_set_parent
                0x178141e4       0x64 drivers/built-in.o
 .text.clk_enable
                0x17814248       0x10 drivers/built-in.o
                0x17814248                clk_enable
 .text.clk_disable
                0x17814258       0x14 drivers/built-in.o
                0x17814258                clk_disable
 .text.clk_get_usecount
                0x1781426c        0x8 drivers/built-in.o
                0x1781426c                clk_get_usecount
 .text.clk_get_rate
                0x17814274        0x6 drivers/built-in.o
                0x17814274                clk_get_rate
 .text.clk_get_parent
                0x1781427a        0x6 drivers/built-in.o
                0x1781427a                clk_get_parent
 .text.clk_set_rate
                0x17814280       0x10 drivers/built-in.o
                0x17814280                clk_set_rate
 .text.clk_round_rate
                0x17814290        0xc drivers/built-in.o
                0x17814290                clk_round_rate
 .text.clk_set_parent
                0x1781429c        0xc drivers/built-in.o
                0x1781429c                clk_set_parent
 .text.ipu_probe
                0x178142a8       0xf0 drivers/built-in.o
                0x178142a8                ipu_probe
 .text.ipu_dump_registers
                0x17814398        0x2 drivers/built-in.o
                0x17814398                ipu_dump_registers
 *fill*         0x1781439a        0x2 
 .text.ipu_init_channel
                0x1781439c      0x158 drivers/built-in.o
                0x1781439c                ipu_init_channel
 .text.ipu_uninit_channel
                0x178144f4      0x1c4 drivers/built-in.o
                0x178144f4                ipu_uninit_channel
 .text.ipu_enable_channel
                0x178146b8       0x98 drivers/built-in.o
                0x178146b8                ipu_enable_channel
 .text.ipu_clear_buffer_ready
                0x17814750       0x58 drivers/built-in.o
                0x17814750                ipu_clear_buffer_ready
 .text.ipu_disable_channel
                0x178147a8      0x11c drivers/built-in.o
                0x178147a8                ipu_disable_channel
 .text.bytes_per_pixel
                0x178148c4       0x94 drivers/built-in.o
                0x178148c4                bytes_per_pixel
 .text.ipu_init_channel_buffer
                0x17814958      0x428 drivers/built-in.o
                0x17814958                ipu_init_channel_buffer
 .text.format_to_colorspace
                0x17814d80       0x84 drivers/built-in.o
                0x17814d80                format_to_colorspace
 .text.ipu_dc_map_config
                0x17814e04       0x70 drivers/built-in.o
 .text.rgb_to_yuv
                0x17814e74       0x4c drivers/built-in.o
 .text.ipu_dc_link_event
                0x17814ec0       0xd4 drivers/built-in.o
 .text.ipu_dp_csc_setup.isra.0
                0x17814f94       0xdc drivers/built-in.o
 .text.ipu_di_sync_config.constprop.3
                0x17815070       0xc0 drivers/built-in.o
 .text.ipu_dmfc_init
                0x17815130       0xe8 drivers/built-in.o
                0x17815130                ipu_dmfc_init
 .text.ipu_dmfc_set_wait4eot
                0x17815218       0xd4 drivers/built-in.o
                0x17815218                ipu_dmfc_set_wait4eot
 .text.ipu_dp_init
                0x178152ec      0x13c drivers/built-in.o
                0x178152ec                ipu_dp_init
 .text.ipu_dp_uninit
                0x17815428       0x58 drivers/built-in.o
                0x17815428                ipu_dp_uninit
 .text.ipu_dc_init
                0x17815480      0x194 drivers/built-in.o
                0x17815480                ipu_dc_init
 .text.ipu_dc_uninit
                0x17815614      0x10c drivers/built-in.o
                0x17815614                ipu_dc_uninit
 .text.ipu_dp_dc_enable
                0x17815720      0x124 drivers/built-in.o
                0x17815720                ipu_dp_dc_enable
 .text.ipu_dp_dc_disable
                0x17815844      0x200 drivers/built-in.o
                0x17815844                ipu_dp_dc_disable
 .text.ipu_init_dc_mappings
                0x17815a44       0xec drivers/built-in.o
                0x17815a44                ipu_init_dc_mappings
 .text.ipu_init_sync_panel
                0x17815b30      0x550 drivers/built-in.o
                0x17815b30                ipu_init_sync_panel
 .text.ipu_disp_set_global_alpha
                0x17816080       0xc8 drivers/built-in.o
                0x17816080                ipu_disp_set_global_alpha
 .text.ipu_disp_set_color_key
                0x17816148      0x124 drivers/built-in.o
                0x17816148                ipu_disp_set_color_key
 .text.reset_cpu
                0x1781626c       0x18 drivers/built-in.o
                0x1781626c                reset_cpu
 .text.thermal_get_temp
                0x17816284       0x10 drivers/built-in.o
                0x17816284                thermal_get_temp
 *fill*         0x17816294        0x4 
 .text.read_cpu_temperature
                0x17816298      0x108 drivers/built-in.o
 .text.imx_thermal_get_temp
                0x178163a0       0x30 drivers/built-in.o
                0x178163a0                imx_thermal_get_temp
 .text.imx_thermal_probe
                0x178163d0       0x50 drivers/built-in.o
 .text.gpio_set_value
                0x17816420       0x34 drivers/gpio/built-in.o
                0x17816420                gpio_set_value
 .text.gpio_get_value
                0x17816454       0x28 drivers/gpio/built-in.o
                0x17816454                gpio_get_value
 .text.gpio_request
                0x1781647c        0xc drivers/gpio/built-in.o
                0x1781647c                gpio_request
 .text.gpio_free
                0x17816488        0x4 drivers/gpio/built-in.o
                0x17816488                gpio_free
 .text.gpio_direction_input
                0x1781648c       0x2c drivers/gpio/built-in.o
                0x1781648c                gpio_direction_input
 .text.gpio_direction_output
                0x178164b8       0x38 drivers/gpio/built-in.o
                0x178164b8                gpio_direction_output
 .text.i2c_get_adapter
                0x178164f0       0x40 drivers/i2c/built-in.o
                0x178164f0                i2c_get_adapter
 .text.i2c_init_bus
                0x17816530       0x64 drivers/i2c/built-in.o
 .text.i2c_get_bus_num
                0x17816594        0x6 drivers/i2c/built-in.o
                0x17816594                i2c_get_bus_num
 *fill*         0x1781659a        0x2 
 .text.i2c_set_bus_num
                0x1781659c       0x80 drivers/i2c/built-in.o
                0x1781659c                i2c_set_bus_num
 .text.i2c_init_all
                0x1781661c       0x10 drivers/i2c/built-in.o
                0x1781661c                i2c_init_all
 .text.i2c_probe
                0x1781662c       0x20 drivers/i2c/built-in.o
                0x1781662c                i2c_probe
 .text.i2c_read
                0x1781664c       0x34 drivers/i2c/built-in.o
                0x1781664c                i2c_read
 .text.i2c_write
                0x17816680       0x34 drivers/i2c/built-in.o
                0x17816680                i2c_write
 .text.i2c_set_bus_speed
                0x178166b4       0x44 drivers/i2c/built-in.o
                0x178166b4                i2c_set_bus_speed
 .text.i2c_get_bus_speed
                0x178166f8        0xe drivers/i2c/built-in.o
                0x178166f8                i2c_get_bus_speed
 .text.i2c_init
                0x17816706        0xe drivers/i2c/built-in.o
                0x17816706                i2c_init
 .text.wait_for_sr_state
                0x17816714       0x78 drivers/i2c/built-in.o
 .text.tx_byte  0x1781678c       0x20 drivers/i2c/built-in.o
 .text.i2c_imx_get_clk
                0x178167ac       0x40 drivers/i2c/built-in.o
 .text.i2c_imx_stop
                0x178167ec       0x30 drivers/i2c/built-in.o
 .text.mxc_i2c_set_bus_speed
                0x1781681c       0x2c drivers/i2c/built-in.o
 .text.__i2c_force_reset_slave
                0x17816848        0x2 drivers/i2c/built-in.o
                0x17816848                __i2c_force_reset_slave
                0x17816848                i2c_force_reset_slave
 *fill*         0x1781684a        0x2 
 .text.i2c_init_transfer
                0x1781684c      0x12c drivers/i2c/built-in.o
 .text.bus_i2c_read
                0x17816978       0xa2 drivers/i2c/built-in.o
                0x17816978                bus_i2c_read
 *fill*         0x17816a1a        0x2 
 .text.mxc_i2c_read
                0x17816a1c       0x14 drivers/i2c/built-in.o
 .text.bus_i2c_write
                0x17816a30       0x30 drivers/i2c/built-in.o
                0x17816a30                bus_i2c_write
 .text.mxc_i2c_write
                0x17816a60       0x14 drivers/i2c/built-in.o
 .text.mxc_i2c_probe
                0x17816a74       0x20 drivers/i2c/built-in.o
 .text.bus_i2c_init
                0x17816a94       0x48 drivers/i2c/built-in.o
                0x17816a94                bus_i2c_init
 .text.mxc_i2c_init
                0x17816adc       0x1c drivers/i2c/built-in.o
 .text.esdhc_getcd
                0x17816af8       0x28 drivers/mmc/built-in.o
 .text.esdhc_set_ios
                0x17816b20       0xc8 drivers/mmc/built-in.o
 .text.esdhc_init
                0x17816be8       0x6c drivers/mmc/built-in.o
 .text.check_and_invalidate_dcache_range.isra.0
                0x17816c54       0x22 drivers/mmc/built-in.o
 *fill*         0x17816c76        0x2 
 .text.esdhc_send_cmd
                0x17816c78      0x29c drivers/mmc/built-in.o
 .text.fsl_esdhc_initialize
                0x17816f14       0xec drivers/mmc/built-in.o
                0x17816f14                fsl_esdhc_initialize
 .text.fsl_esdhc_mmc_init
                0x17817000       0x22 drivers/mmc/built-in.o
                0x17817000                fsl_esdhc_mmc_init
 .text.mmc_set_ios
                0x17817022        0xc drivers/mmc/built-in.o
 .text.mmc_set_capacity
                0x1781702e       0x64 drivers/mmc/built-in.o
 .text.board_mmc_getwp
                0x17817092        0x6 drivers/mmc/built-in.o
                0x17817092                board_mmc_getwp
 .text.mmc_getwp
                0x17817098       0x20 drivers/mmc/built-in.o
                0x17817098                mmc_getwp
 .text.mmc_send_cmd
                0x178170b8        0x8 drivers/mmc/built-in.o
                0x178170b8                mmc_send_cmd
 .text.mmc_send_ext_csd
                0x178170c0       0x2e drivers/mmc/built-in.o
 .text.mmc_go_idle
                0x178170ee       0x32 drivers/mmc/built-in.o
 .text.mmc_send_op_cond_iter
                0x17817120       0x50 drivers/mmc/built-in.o
 .text.mmc_send_status
                0x17817170       0x88 drivers/mmc/built-in.o
                0x17817170                mmc_send_status
 .text.mmc_switch.isra.0
                0x178171f8       0x34 drivers/mmc/built-in.o
 .text.mmc_set_blocklen
                0x1781722c       0x26 drivers/mmc/built-in.o
                0x1781722c                mmc_set_blocklen
 *fill*         0x17817252        0x2 
 .text.find_mmc_device
                0x17817254       0x30 drivers/mmc/built-in.o
                0x17817254                find_mmc_device
 .text.mmc_bread
                0x17817284       0xc8 drivers/mmc/built-in.o
 .text.mmc_switch_part
                0x1781734c       0x3c drivers/mmc/built-in.o
                0x1781734c                mmc_switch_part
 .text.mmc_select_hwpart
                0x17817388       0x48 drivers/mmc/built-in.o
                0x17817388                mmc_select_hwpart
 .text.mmc_hwpart_config
                0x178173d0      0x2c8 drivers/mmc/built-in.o
                0x178173d0                mmc_hwpart_config
 .text.mmc_getcd
                0x17817698       0x20 drivers/mmc/built-in.o
                0x17817698                mmc_getcd
 .text.mmc_set_clock
                0x178176b8       0x1c drivers/mmc/built-in.o
                0x178176b8                mmc_set_clock
 .text.mmc_startup
                0x178176d4      0x894 drivers/mmc/built-in.o
 .text.mmc_create
                0x17817f68       0x98 drivers/mmc/built-in.o
                0x17817f68                mmc_create
 .text.board_mmc_power_init
                0x17818000        0x2 drivers/mmc/built-in.o
                0x17818000                board_mmc_power_init
 *fill*         0x17818002        0x2 
 .text.mmc_start_init
                0x17818004      0x1a0 drivers/mmc/built-in.o
                0x17818004                mmc_start_init
 .text.mmc_init
                0x178181a4       0x9c drivers/mmc/built-in.o
                0x178181a4                mmc_init
 .text.mmc_get_dev
                0x17818240       0x1c drivers/mmc/built-in.o
                0x17818240                mmc_get_dev
 .text.mmc_set_dsr
                0x1781825c        0x6 drivers/mmc/built-in.o
                0x1781825c                mmc_set_dsr
 *fill*         0x17818262        0x2 
 .text.print_mmc_devices
                0x17818264       0x84 drivers/mmc/built-in.o
                0x17818264                print_mmc_devices
 .text.get_mmc_num
                0x178182e8        0xc drivers/mmc/built-in.o
                0x178182e8                get_mmc_num
 .text.mmc_initialize
                0x178182f4       0x48 drivers/mmc/built-in.o
                0x178182f4                mmc_initialize
 .text.mmc_berase
                0x1781833c      0x108 drivers/mmc/built-in.o
                0x1781833c                mmc_berase
 .text.mmc_bwrite
                0x17818444       0xe0 drivers/mmc/built-in.o
                0x17818444                mmc_bwrite
 .text.fec_set_hwaddr
                0x17818524       0x52 drivers/net/built-in.o
 *fill*         0x17818576        0x2 
 .text.fec_reg_setup
                0x17818578       0x44 drivers/net/built-in.o
 .text.fec_phy_write
                0x178185bc       0x50 drivers/net/built-in.o
 .text.fec_phy_read
                0x1781860c       0x54 drivers/net/built-in.o
 .text.fec_halt
                0x17818660       0x40 drivers/net/built-in.o
 .text.fec_send
                0x178186a0       0xc4 drivers/net/built-in.o
 .text.fec_mii_setspeed
                0x17818764       0x44 drivers/net/built-in.o
 .text.fec_init
                0x178187a8      0x1b0 drivers/net/built-in.o
 .text.fec_recv
                0x17818958      0x164 drivers/net/built-in.o
 .text.fec_probe
                0x17818abc      0x260 drivers/net/built-in.o
                0x17818abc                fec_probe
 .text.fec_get_miibus
                0x17818d1c       0x70 drivers/net/built-in.o
                0x17818d1c                fec_get_miibus
 .text.fecmxc_initialize_multi
                0x17818d8c       0x5a drivers/net/built-in.o
                0x17818d8c                fecmxc_initialize_multi
 *fill*         0x17818de6        0x2 
 .text.fecmxc_initialize
                0x17818de8       0x10 drivers/net/built-in.o
                0x17818de8                fecmxc_initialize
 .text.genphy_shutdown
                0x17818df8        0x4 drivers/net/phy/built-in.o
                0x17818df8                genphy_shutdown
 .text.generic_ffs.part.0
                0x17818dfc       0x30 drivers/net/phy/built-in.o
 .text.phy_device_create
                0x17818e2c       0x90 drivers/net/phy/built-in.o
 .text.get_phy_device_by_mask
                0x17818ebc       0xdc drivers/net/phy/built-in.o
 .text.genphy_restart_aneg
                0x17818f98       0x36 drivers/net/phy/built-in.o
                0x17818f98                genphy_restart_aneg
 .text.genphy_config_aneg
                0x17818fce      0x13c drivers/net/phy/built-in.o
                0x17818fce                genphy_config_aneg
 .text.genphy_config
                0x1781910a       0x88 drivers/net/phy/built-in.o
                0x1781910a                genphy_config