Archive member included to satisfy reference by file (symbol)

/Devel/NOVAsom_SDK/Xcompiler/Xc_NovasisA9_5.4_br_hf_v16_glibc/usr/lib/gcc/arm-buildroot-linux-gnueabihf/5.4.0/libgcc.a(_udivsi3.o)
                              arch/arm/cpu/armv7/built-in.o (__aeabi_uidiv)
/Devel/NOVAsom_SDK/Xcompiler/Xc_NovasisA9_5.4_br_hf_v16_glibc/usr/lib/gcc/arm-buildroot-linux-gnueabihf/5.4.0/libgcc.a(_divsi3.o)
                              common/built-in.o (__aeabi_idiv)
/Devel/NOVAsom_SDK/Xcompiler/Xc_NovasisA9_5.4_br_hf_v16_glibc/usr/lib/gcc/arm-buildroot-linux-gnueabihf/5.4.0/libgcc.a(_lshrdi3.o)
                              fs/built-in.o (__aeabi_llsr)
/Devel/NOVAsom_SDK/Xcompiler/Xc_NovasisA9_5.4_br_hf_v16_glibc/usr/lib/gcc/arm-buildroot-linux-gnueabihf/5.4.0/libgcc.a(_ashldi3.o)
                              drivers/mmc/built-in.o (__aeabi_llsl)
/Devel/NOVAsom_SDK/Xcompiler/Xc_NovasisA9_5.4_br_hf_v16_glibc/usr/lib/gcc/arm-buildroot-linux-gnueabihf/5.4.0/libgcc.a(_dvmd_lnx.o)
                              /Devel/NOVAsom_SDK/Xcompiler/Xc_NovasisA9_5.4_br_hf_v16_glibc/usr/lib/gcc/arm-buildroot-linux-gnueabihf/5.4.0/libgcc.a(_udivsi3.o) (__aeabi_idiv0)

Discarded input sections

 .data          0x0000000000000000        0x0 arch/arm/cpu/armv7/start.o
 .bss           0x0000000000000000        0x0 arch/arm/cpu/armv7/start.o
 .text.v7_outer_cache_flush_all
                0x0000000000000000        0x2 arch/arm/cpu/armv7/built-in.o
 .text.v7_outer_cache_inval_all
                0x0000000000000000        0x2 arch/arm/cpu/armv7/built-in.o
 .text.v7_outer_cache_flush_range
                0x0000000000000000        0x2 arch/arm/cpu/armv7/built-in.o
 .text.v7_outer_cache_inval_range
                0x0000000000000000        0x2 arch/arm/cpu/armv7/built-in.o
 .text.v7_arch_cp15_set_l2aux_ctrl
                0x0000000000000000        0x6 arch/arm/cpu/armv7/built-in.o
 .text.v7_arch_cp15_set_acr
                0x0000000000000000        0x6 arch/arm/cpu/armv7/built-in.o
 .text.sdelay   0x0000000000000000        0x6 arch/arm/cpu/armv7/built-in.o
 .text.wait_on_value
                0x0000000000000000       0x1a arch/arm/cpu/armv7/built-in.o
 .text.get_boot_device
                0x0000000000000000       0x4c arch/arm/cpu/armv7/built-in.o
 .text.set_wdog_reset
                0x0000000000000000        0xe arch/arm/cpu/armv7/built-in.o
 .text.imx_setup_hdmi
                0x0000000000000000       0x58 arch/arm/cpu/armv7/built-in.o
 .text.enable_enet_pll
                0x0000000000000000       0x44 arch/arm/cpu/armv7/built-in.o
 .text.enable_enet_clk
                0x0000000000000000       0x1c arch/arm/cpu/armv7/built-in.o
 .text.enable_uart_clk
                0x0000000000000000       0x1c arch/arm/cpu/armv7/built-in.o
 .text.enable_usdhc_clk
                0x0000000000000000       0x38 arch/arm/cpu/armv7/built-in.o
 .text.enable_spi_clk
                0x0000000000000000       0x2c arch/arm/cpu/armv7/built-in.o
 .text.enable_fec_anatop_clock
                0x0000000000000000       0x70 arch/arm/cpu/armv7/built-in.o
 .text.enable_sata_clock
                0x0000000000000000       0x18 arch/arm/cpu/armv7/built-in.o
 .text.enable_pcie_clock
                0x0000000000000000       0x64 arch/arm/cpu/armv7/built-in.o
 .data          0x0000000000000000        0x0 arch/arm/cpu/armv7/built-in.o
 .bss           0x0000000000000000        0x0 arch/arm/cpu/armv7/built-in.o
 .text          0x0000000000000000        0x0 arch/arm/imx-common/built-in.o
 .text.imx_iomux_set_gpr_register
                0x0000000000000000       0x2c arch/arm/imx-common/built-in.o
 .text.get_imx_reset_cause
                0x0000000000000000        0xc arch/arm/imx-common/built-in.o
 .text.set_chipselect_size
                0x0000000000000000       0x5c arch/arm/imx-common/built-in.o
 .text.mxs_wait_mask_set
                0x0000000000000000       0x24 arch/arm/imx-common/built-in.o
 .text.mxs_wait_mask_clr
                0x0000000000000000       0x22 arch/arm/imx-common/built-in.o
 .text.mxs_reset_block
                0x0000000000000000       0x58 arch/arm/imx-common/built-in.o
 .text.setup_sata
                0x0000000000000000       0x40 arch/arm/imx-common/built-in.o
 .text.usec2ticks
                0x0000000000000000       0x4c arch/arm/imx-common/built-in.o
 .data          0x0000000000000000        0x0 arch/arm/imx-common/built-in.o
 .bss           0x0000000000000000        0x0 arch/arm/imx-common/built-in.o
 .text.reset_misc
                0x0000000000000000        0x2 arch/arm/lib/built-in.o
 .text.flush_cache
                0x0000000000000000        0x2 arch/arm/lib/built-in.o
 .text.flush_dcache_all
                0x0000000000000000        0xa arch/arm/lib/built-in.o
 .text.enable_caches
                0x0000000000000000        0xc arch/arm/lib/built-in.o
 .text.arm_init_before_mmu
                0x0000000000000000        0x2 arch/arm/lib/built-in.o
 .text.mmu_page_table_flush
[...]
Memory Configuration

Name             Origin             Length             Attributes
*default*        0x0000000000000000 0xffffffffffffffff

Linker script and memory map

Address of section .text set to 0x17800000
                0x0000000000000000                . = 0x0
                0x0000000000000000                . = ALIGN (0x4)

.text           0x0000000017800000    0x2422c
 *(.__image_copy_start)
 .__image_copy_start
                0x0000000017800000        0x0 arch/arm/lib/built-in.o
                0x0000000017800000                __image_copy_start
 *(.vectors)
 .vectors       0x0000000017800000      0x300 arch/arm/lib/built-in.o
                0x0000000017800000                _start
                0x0000000017800020                _undefined_instruction
                0x0000000017800024                _software_interrupt
                0x0000000017800028                _prefetch_abort
                0x000000001780002c                _data_abort
                0x0000000017800030                _not_used
                0x0000000017800034                _irq
                0x0000000017800038                _fiq
                0x0000000017800040                IRQ_STACK_START_IN
 arch/arm/cpu/armv7/start.o(.text*)
 .text          0x0000000017800300       0xbc arch/arm/cpu/armv7/start.o
                0x0000000017800300                reset
                0x0000000017800304                save_boot_params_ret
                0x0000000017800340                c_runtime_cpu_setup
                0x0000000017800350                save_boot_params
                0x0000000017800354                cpu_init_cp15
                0x00000000178003b4                cpu_init_crit
 *(.text*)
 .text          0x00000000178003bc       0x1c arch/arm/cpu/armv7/built-in.o
                0x00000000178003bc                lowlevel_init
 .text.v7_maint_dcache_all
                0x00000000178003d8       0xb8 arch/arm/cpu/armv7/built-in.o
 .text.invalidate_icache_all
                0x0000000017800490       0x14 arch/arm/cpu/armv7/built-in.o
                0x0000000017800490                invalidate_icache_all
 .text.v7_outer_cache_enable
                0x00000000178004a4       0x70 arch/arm/cpu/armv7/built-in.o
                0x00000000178004a8                v7_outer_cache_enable
 .text.v7_outer_cache_disable
                0x0000000017800514       0x14 arch/arm/cpu/armv7/built-in.o
                0x0000000017800518                v7_outer_cache_disable
 .text.flush_dcache_all
                0x0000000017800528       0x10 arch/arm/cpu/armv7/built-in.o
                0x0000000017800528                flush_dcache_all
 .text.invalidate_dcache_all
                0x0000000017800538       0x10 arch/arm/cpu/armv7/built-in.o
                0x0000000017800538                invalidate_dcache_all
 .text.arm_init_before_mmu
                0x0000000017800548       0x22 arch/arm/cpu/armv7/built-in.o
                0x0000000017800548                arm_init_before_mmu
 .text.flush_dcache_range
                0x000000001780056a       0x28 arch/arm/cpu/armv7/built-in.o
                0x000000001780056a                flush_dcache_range
 .text.mmu_page_table_flush
                0x0000000017800592       0x1e arch/arm/cpu/armv7/built-in.o
                0x0000000017800592                mmu_page_table_flush
 .text.flush_cache
                0x00000000178005b0        0x6 arch/arm/cpu/armv7/built-in.o
                0x00000000178005b0                flush_cache
 *fill*         0x00000000178005b6        0x2 
 .text.invalidate_dcache_range
                0x00000000178005b8       0x78 arch/arm/cpu/armv7/built-in.o
                0x00000000178005b8                invalidate_dcache_range
 .text.cpu_cache_initialization
                0x0000000017800630        0x2 arch/arm/cpu/armv7/built-in.o
                0x0000000017800630                cpu_cache_initialization
 .text.cleanup_before_linux
                0x0000000017800632       0x22 arch/arm/cpu/armv7/built-in.o
                0x0000000017800632                cleanup_before_linux
 .text.get_nr_cpus
                0x0000000017800654        0xc arch/arm/cpu/armv7/built-in.o
                0x0000000017800654                get_nr_cpus
 .text.get_cpu_rev
                0x0000000017800660       0x4c arch/arm/cpu/armv7/built-in.o
                0x0000000017800660                get_cpu_rev
 .text.get_board_rev
                0x00000000178006ac       0x26 arch/arm/cpu/armv7/built-in.o
                0x00000000178006ac                get_board_rev
 *fill*         0x00000000178006d2        0x2 
 .text.init_aips
                0x00000000178006d4       0x30 arch/arm/cpu/armv7/built-in.o
                0x00000000178006d4                init_aips
 .text.arch_cpu_init
                0x0000000017800704      0x12c arch/arm/cpu/armv7/built-in.o
                0x0000000017800704                arch_cpu_init
 .text.board_postclk_init
                0x0000000017800830       0x40 arch/arm/cpu/armv7/built-in.o
                0x0000000017800830                board_postclk_init
 .text.enable_caches
                0x0000000017800870       0x2c arch/arm/cpu/armv7/built-in.o
                0x0000000017800870                enable_caches
 .text.imx_get_mac_from_fuse
                0x000000001780089c       0x24 arch/arm/cpu/armv7/built-in.o
                0x000000001780089c                imx_get_mac_from_fuse
 .text.boot_mode_apply
                0x00000000178008c0       0x1c arch/arm/cpu/armv7/built-in.o
                0x00000000178008c0                boot_mode_apply
 .text.s_init   0x00000000178008dc       0x8c arch/arm/cpu/armv7/built-in.o
                0x00000000178008dc                s_init
 .text.reset_misc
                0x0000000017800968        0x2 arch/arm/cpu/armv7/built-in.o
                0x0000000017800968                reset_misc
 *fill*         0x000000001780096a        0x2 
 .text.imx_enable_hdmi_phy
                0x000000001780096c       0x3c arch/arm/cpu/armv7/built-in.o
                0x000000001780096c                imx_enable_hdmi_phy
 .text.get_ipg_clk
                0x00000000178009a8       0x1c arch/arm/cpu/armv7/built-in.o
 .text.get_uart_clk
                0x00000000178009c4       0x3c arch/arm/cpu/armv7/built-in.o
 .text.mxc_get_pll_pfd
                0x0000000017800a00       0x6c arch/arm/cpu/armv7/built-in.o
 .text.get_usdhc_clk
                0x0000000017800a6c       0x58 arch/arm/cpu/armv7/built-in.o
 .text.enable_ocotp_clk
                0x0000000017800ac4       0x1c arch/arm/cpu/armv7/built-in.o
                0x0000000017800ac4                enable_ocotp_clk
 .text.enable_usboh3_clk
                0x0000000017800ae0       0x20 arch/arm/cpu/armv7/built-in.o
                0x0000000017800ae0                enable_usboh3_clk
 .text.enable_i2c_clk
                0x0000000017800b00       0x30 arch/arm/cpu/armv7/built-in.o
                0x0000000017800b00                enable_i2c_clk
 .text.get_periph_clk
                0x0000000017800b30       0x88 arch/arm/cpu/armv7/built-in.o
                0x0000000017800b30                get_periph_clk
 .text.get_axi_clk
                0x0000000017800bb8       0x34 arch/arm/cpu/armv7/built-in.o
 .text.imx_get_uartclk
                0x0000000017800bec        0x4 arch/arm/cpu/armv7/built-in.o
                0x0000000017800bec                imx_get_uartclk
 .text.disable_sata_clock
                0x0000000017800bf0       0x10 arch/arm/cpu/armv7/built-in.o
                0x0000000017800bf0                disable_sata_clock
 .text.enable_thermal_clk
                0x0000000017800c00       0x30 arch/arm/cpu/armv7/built-in.o
                0x0000000017800c00                enable_thermal_clk
 .text.mxc_get_clock
                0x0000000017800c30      0x118 arch/arm/cpu/armv7/built-in.o
                0x0000000017800c30                mxc_get_clock
 .text.imx_get_fecclk
                0x0000000017800d48        0x6 arch/arm/cpu/armv7/built-in.o
                0x0000000017800d48                imx_get_fecclk
 *fill*         0x0000000017800d4e        0x2 
 .text.do_mx6_showclocks
                0x0000000017800d50      0x1a8 arch/arm/cpu/armv7/built-in.o
                0x0000000017800d50                do_mx6_showclocks
 .text.enable_ipu_clock
                0x0000000017800ef8       0x10 arch/arm/cpu/armv7/built-in.o
                0x0000000017800ef8                enable_ipu_clock
 .text.cpu_reset
                0x0000000017800f08       0x1c arch/arm/cpu/armv7/built-in.o
                0x0000000017800f08                cpu_reset
 .text.cpu_status
                0x0000000017800f24       0x2c arch/arm/cpu/armv7/built-in.o
                0x0000000017800f24                cpu_status
 .text.cpu_release
                0x0000000017800f50       0x4c arch/arm/cpu/armv7/built-in.o
                0x0000000017800f50                cpu_release
 .text.is_core_valid
                0x0000000017800f9c       0x12 arch/arm/cpu/armv7/built-in.o
                0x0000000017800f9c                is_core_valid
 *fill*         0x0000000017800fae        0x2 
 .text.cpu_disable
                0x0000000017800fb0       0x1c arch/arm/cpu/armv7/built-in.o
                0x0000000017800fb0                cpu_disable
 .text.imx_iomux_v3_setup_pad
                0x0000000017800fcc       0x74 arch/arm/imx-common/built-in.o
                0x0000000017800fcc                imx_iomux_v3_setup_pad
 .text.imx_iomux_v3_setup_multiple_pads
                0x0000000017801040       0x38 arch/arm/imx-common/built-in.o
                0x0000000017801040                imx_iomux_v3_setup_multiple_pads
 .text.imx_ddr_size
                0x0000000017801078       0x48 arch/arm/imx-common/built-in.o
                0x0000000017801078                imx_ddr_size
 .text.get_imx_type
                0x00000000178010c0       0x18 arch/arm/imx-common/built-in.o
                0x00000000178010c0                get_imx_type
 .text.print_cpuinfo
                0x00000000178010d8      0x148 arch/arm/imx-common/built-in.o
                0x00000000178010d8                print_cpuinfo
 .text.cpu_eth_init
                0x0000000017801220        0x4 arch/arm/imx-common/built-in.o
                0x0000000017801220                cpu_eth_init
 .text.cpu_mmc_init
                0x0000000017801224        0x4 arch/arm/imx-common/built-in.o
                0x0000000017801224                cpu_mmc_init
 .text.get_ahb_clk
                0x0000000017801228       0x1c arch/arm/imx-common/built-in.o
                0x0000000017801228                get_ahb_clk
 .text.arch_preboot_os
                0x0000000017801244       0x12 arch/arm/imx-common/built-in.o
                0x0000000017801244                arch_preboot_os
 .text.get_clocks
                0x0000000017801256       0x12 arch/arm/imx-common/built-in.o
                0x0000000017801256                get_clocks
 .text.force_idle_bus
                0x0000000017801268      0x14c arch/arm/imx-common/built-in.o
 .text.setup_i2c
                0x00000000178013b4       0x94 arch/arm/imx-common/built-in.o
                0x00000000178013b4                setup_i2c
 .text.board_video_skip
                0x0000000017801448       0xe0 arch/arm/imx-common/built-in.o
                0x0000000017801448                board_video_skip
 .text.detect_hdmi
                0x0000000017801528       0x10 arch/arm/imx-common/built-in.o
                0x0000000017801528                detect_hdmi
 .text.timer_init
                0x0000000017801538       0xe4 arch/arm/imx-common/built-in.o
                0x0000000017801538                timer_init
 .text.get_ticks
                0x000000001780161c       0x34 arch/arm/imx-common/built-in.o
                0x000000001780161c                get_ticks
 .text.get_timer_masked
                0x0000000017801650       0xa8 arch/arm/imx-common/built-in.o
                0x0000000017801650                get_timer_masked
 .text.get_timer
                0x00000000178016f8        0xc arch/arm/imx-common/built-in.o
                0x00000000178016f8                get_timer
 .text.__udelay
                0x0000000017801704       0xd0 arch/arm/imx-common/built-in.o
                0x0000000017801704                __udelay
 .text.get_tbclk
                0x00000000178017d4       0x6c arch/arm/imx-common/built-in.o
                0x00000000178017d4                get_tbclk
 .text.create_usage
                0x0000000017801840       0x68 arch/arm/imx-common/built-in.o
 .text.do_boot_mode
                0x00000000178018a8       0x80 arch/arm/imx-common/built-in.o
 .text.add_board_boot_modes
                0x0000000017801928       0x3c arch/arm/imx-common/built-in.o
                0x0000000017801928                add_board_boot_modes
 .text.do_hdmidet
                0x0000000017801964       0x18 arch/arm/imx-common/built-in.o
 .text          0x000000001780197c       0xa8 arch/arm/lib/built-in.o
                0x000000001780197c                _main
 .text.relocate_vectors
                0x0000000017801a24       0x70 arch/arm/lib/built-in.o
                0x0000000017801a24                relocate_vectors
                0x0000000017801a30                relocate_code
 .text.arch_fixup_fdt
                0x0000000017801a94       0x24 arch/arm/lib/built-in.o
                0x0000000017801a94                arch_fixup_fdt
 .text.boot_jump_linux
                0x0000000017801ab8       0x78 arch/arm/lib/built-in.o
 .text.arch_lmb_reserve
                0x0000000017801b30       0x1a arch/arm/lib/built-in.o
                0x0000000017801b30                arch_lmb_reserve
 .text.setup_board_tags
                0x0000000017801b4a        0x2 arch/arm/lib/built-in.o
                0x0000000017801b4a                setup_board_tags
 .text.boot_prep_linux
                0x0000000017801b4c       0xf8 arch/arm/lib/built-in.o
 .text.do_bootm_linux
                0x0000000017801c44       0x44 arch/arm/lib/built-in.o
                0x0000000017801c44                do_bootm_linux
 .text.bootz_setup
                0x0000000017801c88       0x38 arch/arm/lib/built-in.o
                0x0000000017801c88                bootz_setup
 .text.boot_prep_vxworks
                0x0000000017801cc0       0x30 arch/arm/lib/built-in.o
                0x0000000017801cc0                boot_prep_vxworks
 .text.boot_jump_vxworks
                0x0000000017801cf0        0x6 arch/arm/lib/built-in.o
                0x0000000017801cf0                boot_jump_vxworks
 *fill*         0x0000000017801cf6        0x2 
 .text.pl310_background_op_all_ways
                0x0000000017801cf8       0x2c arch/arm/lib/built-in.o
 .text.v7_outer_cache_inval_all
                0x0000000017801d24        0xc arch/arm/lib/built-in.o
                0x0000000017801d24                v7_outer_cache_inval_all
 .text.v7_outer_cache_flush_all
                0x0000000017801d30        0xc arch/arm/lib/built-in.o
                0x0000000017801d30                v7_outer_cache_flush_all
 .text.v7_outer_cache_flush_range
                0x0000000017801d3c       0x20 arch/arm/lib/built-in.o
                0x0000000017801d3c                v7_outer_cache_flush_range
 .text.v7_outer_cache_inval_range
                0x0000000017801d5c       0x54 arch/arm/lib/built-in.o
                0x0000000017801d5c                v7_outer_cache_inval_range
 .text.arch_reserve_stacks
                0x0000000017801db0       0x16 arch/arm/lib/built-in.o
                0x0000000017801db0                arch_reserve_stacks
 *fill*         0x0000000017801dc6        0x2 
 .text.interrupt_init
                0x0000000017801dc8       0x14 arch/arm/lib/built-in.o
                0x0000000017801dc8                interrupt_init
 .text.enable_interrupts
                0x0000000017801ddc        0x2 arch/arm/lib/built-in.o
                0x0000000017801ddc                enable_interrupts
 .text.disable_interrupts
                0x0000000017801dde        0x4 arch/arm/lib/built-in.o
                0x0000000017801dde                disable_interrupts
 *fill*         0x0000000017801de2        0x2 
 .text.bad_mode
                0x0000000017801de4        0xc arch/arm/lib/built-in.o
                0x0000000017801de4                bad_mode
 .text.show_regs
                0x0000000017801df0      0x108 arch/arm/lib/built-in.o
                0x0000000017801df0                show_regs
 .text.do_undefined_instruction
                0x0000000017801ef8       0x18 arch/arm/lib/built-in.o
                0x0000000017801ef8                do_undefined_instruction
 .text.do_software_interrupt
                0x0000000017801f10       0x18 arch/arm/lib/built-in.o
                0x0000000017801f10                do_software_interrupt
 .text.do_prefetch_abort
                0x0000000017801f28       0x18 arch/arm/lib/built-in.o
                0x0000000017801f28                do_prefetch_abort
 .text.do_data_abort
                0x0000000017801f40       0x18 arch/arm/lib/built-in.o
                0x0000000017801f40                do_data_abort
 .text.do_not_used
                0x0000000017801f58       0x18 arch/arm/lib/built-in.o
                0x0000000017801f58                do_not_used
 .text.do_fiq   0x0000000017801f70       0x18 arch/arm/lib/built-in.o
                0x0000000017801f70                do_fiq
 .text.do_irq   0x0000000017801f88       0x18 arch/arm/lib/built-in.o
                0x0000000017801f88                do_irq
 .text.do_reset
                0x0000000017801fa0       0x28 arch/arm/lib/built-in.o
                0x0000000017801fa0                do_reset
 .text.cp_delay
                0x0000000017801fc8       0x18 arch/arm/lib/built-in.o
 .text.cache_disable
                0x0000000017801fe0       0x3c arch/arm/lib/built-in.o
 .text.arm_init_domains
                0x000000001780201c        0x2 arch/arm/lib/built-in.o
                0x000000001780201c                arm_init_domains
 .text.set_section_dcache
                0x000000001780201e       0x12 arch/arm/lib/built-in.o
                0x000000001780201e                set_section_dcache
 .text.mmu_set_region_dcache_behaviour
                0x0000000017802030       0x36 arch/arm/lib/built-in.o
                0x0000000017802030                mmu_set_region_dcache_behaviour
 .text.dram_bank_mmu_setup
                0x0000000017802066       0x2a arch/arm/lib/built-in.o
                0x0000000017802066                dram_bank_mmu_setup
 .text.icache_enable
                0x0000000017802090       0x14 arch/arm/lib/built-in.o
                0x0000000017802090                icache_enable
 .text.icache_disable
                0x00000000178020a4        0x8 arch/arm/lib/built-in.o
                0x00000000178020a4                icache_disable
 .text.icache_status
                0x00000000178020ac        0xa arch/arm/lib/built-in.o
                0x00000000178020ac                icache_status
 .text.dcache_enable
                0x00000000178020b6       0x5e arch/arm/lib/built-in.o
                0x00000000178020b6                dcache_enable
 .text.dcache_disable
                0x0000000017802114        0x6 arch/arm/lib/built-in.o
                0x0000000017802114                dcache_disable
 .text.dcache_status
                0x000000001780211a        0xa arch/arm/lib/built-in.o
                0x000000001780211a                dcache_status
 .text.do_enable_hdmi
                0x0000000017802124        0x4 board/novasoms/built-in.o
 .text.dram_init
                0x0000000017802128        0xe board/novasoms/built-in.o
                0x0000000017802128                dram_init
 *fill*         0x0000000017802136        0x2 
 .text.board_mmc_getcd
                0x0000000017802138       0x24 board/novasoms/built-in.o
                0x0000000017802138                board_mmc_getcd
 .text.board_mmc_init
                0x000000001780215c       0x5c board/novasoms/built-in.o
                0x000000001780215c                board_mmc_init
 .text.board_phy_config
                0x00000000178021b8       0xac board/novasoms/built-in.o
                0x00000000178021b8                board_phy_config
 .text.board_eth_init
                0x0000000017802264       0x34 board/novasoms/built-in.o
                0x0000000017802264                board_eth_init
 .text.board_early_init_f
                0x0000000017802298       0x4c board/novasoms/built-in.o
                0x0000000017802298                board_early_init_f
 .text.overwrite_console
                0x00000000178022e4        0x4 board/novasoms/built-in.o
                0x00000000178022e4                overwrite_console
 .text.board_late_init
                0x00000000178022e8       0x5c board/novasoms/built-in.o
                0x00000000178022e8                board_late_init
 .text.board_init
                0x0000000017802344       0x78 board/novasoms/built-in.o
                0x0000000017802344                board_init
 .text.checkboard
                0x00000000178023bc       0x10 board/novasoms/built-in.o
                0x00000000178023bc                checkboard
 .text.show_boot_progress
                0x00000000178023cc        0x2 common/built-in.o
                0x00000000178023cc                show_boot_progress
 .text.main_loop
                0x00000000178023ce       0x1c common/built-in.o
                0x00000000178023ce                main_loop
 .text.dummy    0x00000000178023ea        0x2 common/built-in.o
 .text.get_version
                0x00000000178023ec        0x4 common/built-in.o
                0x00000000178023ec                get_version
 .text.jumptable_init
                0x00000000178023f0      0x14c common/built-in.o
                0x00000000178023f0                jumptable_init
 .text.hash_command
                0x000000001780253c       0x70 common/built-in.o
                0x000000001780253c                hash_command
 .text.b_reset  0x00000000178025ac        0xe common/built-in.o
 .text.static_get
                0x00000000178025ba       0x12 common/built-in.o
 .text.file_peek
                0x00000000178025cc        0x6 common/built-in.o
 *fill*         0x00000000178025d2        0x2 
 .text.mapset   0x00000000178025d4       0x14 common/built-in.o
 .text.syntax_err
                0x00000000178025e8        0xc common/built-in.o
 .text.free_pipe_list
                0x00000000178025f4       0x96 common/built-in.o
 *fill*         0x000000001780268a        0x2 
 .text.xmalloc  0x000000001780268c       0x18 common/built-in.o
 .text.new_pipe
                0x00000000178026a4       0x16 common/built-in.o
 *fill*         0x00000000178026ba        0x2 
 .text.xrealloc
                0x00000000178026bc       0x18 common/built-in.o
 .text.done_command
                0x00000000178026d4       0x42 common/built-in.o
 .text.done_pipe
                0x0000000017802716       0x2a common/built-in.o
 .text.done_word
                0x0000000017802740      0x1c4 common/built-in.o
 .text.do_showvar
                0x0000000017802904       0x9c common/built-in.o
 .text.is_assignment
                0x00000000178029a0       0x2c common/built-in.o
 .text.file_get
                0x00000000178029cc      0x128 common/built-in.o
 .text.b_addchr
                0x0000000017802af4       0x42 common/built-in.o
 *fill*         0x0000000017802b36        0x2 
 .text.b_addqchr
                0x0000000017802b38       0x30 common/built-in.o
 .text.static_peek
                0x0000000017802b68        0x6 common/built-in.o
 *fill*         0x0000000017802b6e        0x2 
 .text.get_local_var
                0x0000000017802b70       0x58 common/built-in.o
                0x0000000017802b70                get_local_var
 .text.set_local_var
                0x0000000017802bc8      0x10c common/built-in.o
                0x0000000017802bc8                set_local_var
 .text.insert_var_value_sub
                0x0000000017802cd4      0x1c0 common/built-in.o
 .text.parse_string_outer
                0x0000000017802e94       0x94 common/built-in.o
                0x0000000017802e94                parse_string_outer
 .text.run_list_real
                0x0000000017802f28      0x4d8 common/built-in.o
 .text.parse_stream_outer
                0x0000000017803400      0x43c common/built-in.o
 .text.parse_file_outer
                0x000000001780383c       0x2c common/built-in.o
                0x000000001780383c                parse_file_outer
 .text.u_boot_hush_start
                0x0000000017803868       0x30 common/built-in.o
                0x0000000017803868                u_boot_hush_start
 .text.bootdelay_process
                0x0000000017803898       0x94 common/built-in.o
                0x0000000017803898                bootdelay_process
 .text.autoboot_command
                0x000000001780392c       0x84 common/built-in.o
                0x000000001780392c                autoboot_command
 .text.setup_mon_len
                0x00000000178039b0       0x18 common/built-in.o
 .text.reserve_round_4k
                0x00000000178039c8       0x14 common/built-in.o
 .text.reserve_mmu
                0x00000000178039dc       0x2e common/built-in.o
 .text.reserve_uboot
                0x0000000017803a0a       0x2a common/built-in.o
 .text.reserve_malloc
                0x0000000017803a34       0x10 common/built-in.o
 .text.setup_machine
                0x0000000017803a44        0xe common/built-in.o
 .text.reserve_global_data
                0x0000000017803a52       0x16 common/built-in.o
 .text.reserve_fdt
                0x0000000017803a68       0x3a common/built-in.o
 .text.display_new_sp
                0x0000000017803aa2        0x4 common/built-in.o
 .text.initf_malloc
                0x0000000017803aa6       0x18 common/built-in.o
 .text.reserve_arch
                0x0000000017803abe        0x4 common/built-in.o
                0x0000000017803abe                reserve_arch
 .text.setup_reloc
                0x0000000017803ac2       0x1e common/built-in.o
 .text.reloc_fdt
                0x0000000017803ae0       0x24 common/built-in.o
 .text.announce_dram_init
                0x0000000017803b04       0x10 common/built-in.o
 .text.init_func_i2c
                0x0000000017803b14       0x20 common/built-in.o
 .text.init_baud_rate
                0x0000000017803b34       0x1c common/built-in.o
 .text.initf_dm
                0x0000000017803b50        0x6 common/built-in.o
 .text.mark_bootstage
                0x0000000017803b56        0xc common/built-in.o
 .text.reserve_board
                0x0000000017803b62       0x28 common/built-in.o
 .text.display_text_info
                0x0000000017803b8a        0x4 common/built-in.o
 .text.setup_fdt
                0x0000000017803b8e        0x4 common/built-in.o
 .text.reserve_trace
                0x0000000017803b92        0x4 common/built-in.o
 .text.coloured_LED_init
                0x0000000017803b96        0x2 common/built-in.o
                0x0000000017803b96                coloured_LED_init
 .text.red_led_on
                0x0000000017803b98        0x2 common/built-in.o
                0x0000000017803b98                red_led_on
 .text.board_add_ram_info
                0x0000000017803b9a        0x2 common/built-in.o
                0x0000000017803b9a                board_add_ram_info
 .text.show_dram_config
                0x0000000017803b9c       0x28 common/built-in.o
 .text.dram_init_banksize
                0x0000000017803bc4       0x18 common/built-in.o
                0x0000000017803bc4                dram_init_banksize
 .text.setup_dram_config
                0x0000000017803bdc        0xa common/built-in.o
 .text.board_get_usable_ram_top
                0x0000000017803be6       0x12 common/built-in.o
                0x0000000017803be6                board_get_usable_ram_top
 .text.setup_dest_addr
                0x0000000017803bf8       0x30 common/built-in.o
 .text.reserve_stacks
                0x0000000017803c28       0x1a common/built-in.o
 *fill*         0x0000000017803c42        0x2 
 .text.board_init_f
                0x0000000017803c44       0x20 common/built-in.o
                0x0000000017803c44                board_init_f
 .text.bootstage_relocate
                0x0000000017803c64        0x4 common/built-in.o
 .text.initr_reloc_global_data
                0x0000000017803c68       0x1c common/built-in.o
 .text.power_init_board
                0x0000000017803c84        0x4 common/built-in.o
                0x0000000017803c84                power_init_board
 .text.initr_announce
                0x0000000017803c88        0x4 common/built-in.o
 .text.run_main_loop
                0x0000000017803c8c        0x8 common/built-in.o
 .text.initr_net
                0x0000000017803c94       0x18 common/built-in.o
 .text.initr_ethaddr
                0x0000000017803cac       0x18 common/built-in.o
 .text.initr_enable_interrupts
                0x0000000017803cc4        0xa common/built-in.o
 .text.initr_jumptable
                0x0000000017803cce        0xa common/built-in.o
 .text.initr_env
                0x0000000017803cd8       0x20 common/built-in.o
 .text.initr_mmc
                0x0000000017803cf8       0x18 common/built-in.o
 .text.initr_serial
                0x0000000017803d10        0xa common/built-in.o
 .text.initr_dm
                0x0000000017803d1a       0x12 common/built-in.o
 .text.initr_malloc
                0x0000000017803d2c       0x16 common/built-in.o
 .text.initr_caches
                0x0000000017803d42        0xa common/built-in.o
 .text.initr_reloc
                0x0000000017803d4c       0x1c common/built-in.o
 .text.initr_barrier
                0x0000000017803d68        0x4 common/built-in.o
 .text.initr_trace
                0x0000000017803d6c        0x4 common/built-in.o
 .text.cpu_secondary_init_r
                0x0000000017803d70        0x2 common/built-in.o
                0x0000000017803d70                cpu_secondary_init_r
 .text.initr_secondary_cpu
                0x0000000017803d72        0xa common/built-in.o
 .text.board_init_r
                0x0000000017803d7c       0x10 common/built-in.o
                0x0000000017803d7c                board_init_r
 .text.show_board_info
                0x0000000017803d8c        0x4 common/built-in.o
                0x0000000017803d8c                show_board_info
 .text.do_go_exec
                0x0000000017803d90        0x8 common/built-in.o
                0x0000000017803d90                do_go_exec
 .text.do_go    0x0000000017803d98       0x4c common/built-in.o
 .text.do_bootm
                0x0000000017803de4       0xa4 common/built-in.o
                0x0000000017803de4                do_bootm
 .text.do_bootd
                0x0000000017803e88       0x18 common/built-in.o
                0x0000000017803e88                do_bootd
 .text.image_info
                0x0000000017803ea0       0x8c common/built-in.o
 .text.do_iminfo
                0x0000000017803f2c       0x40 common/built-in.o
 .text.bootm_maybe_autostart
                0x0000000017803f6c       0x4c common/built-in.o
                0x0000000017803f6c                bootm_maybe_autostart
 .text.do_bootz
                0x0000000017803fb8       0x98 common/built-in.o
                0x0000000017803fb8                do_bootz
 .text.bootm_find_ramdisk_fdt
                0x0000000017804050       0x6c common/built-in.o
                0x0000000017804050                bootm_find_ramdisk_fdt
 .text.bootm_decomp_image
                0x00000000178040bc       0xe8 common/built-in.o
                0x00000000178040bc                bootm_decomp_image
 .text.bootm_disable_interrupts
                0x00000000178041a4       0x10 common/built-in.o
                0x00000000178041a4                bootm_disable_interrupts
 .text.do_bootm_states
                0x00000000178041b4      0x504 common/built-in.o
                0x00000000178041b4                do_bootm_states
 .text.copy_args
                0x00000000178046b8       0x36 common/built-in.o
 *fill*         0x00000000178046ee        0x2 
 .text.do_bootm_rtems
                0x00000000178046f0       0x2c common/built-in.o
 .text.do_bootm_plan9
                0x000000001780471c       0x68 common/built-in.o
 .text.do_bootm_standalone
                0x0000000017804784       0x3c common/built-in.o
 .text.do_bootm_netbsd
                0x00000000178047c0       0xa4 common/built-in.o
 .text.do_bootvx_fdt
                0x0000000017804864       0xb4 common/built-in.o
                0x0000000017804864                do_bootvx_fdt
 .text.do_bootm_vxworks
                0x0000000017804918       0x16 common/built-in.o
 .text.boot_selected_os
                0x000000001780492e       0x3a common/built-in.o
                0x000000001780492e                boot_selected_os
 .text.bootm_os_get_boot_func
                0x0000000017804968        0xc common/built-in.o
                0x0000000017804968                bootm_os_get_boot_func
 .text.do_help  0x0000000017804974       0x2c common/built-in.o
 .text.do_version
                0x00000000178049a0       0x2c common/built-in.o
 .text.env_attr_walk
                0x00000000178049cc       0xba common/built-in.o
                0x00000000178049cc                env_attr_walk
 *fill*         0x0000000017804a86        0x2 
 .text.env_attr_lookup
                0x0000000017804a88       0xf0 common/built-in.o
                0x0000000017804a88                env_attr_lookup
 .text.clear_callback
                0x0000000017804b78        0x8 common/built-in.o
 .text.find_env_callback
                0x0000000017804b80       0x3c common/built-in.o
 .text.on_callbacks
                0x0000000017804bbc       0x34 common/built-in.o
 .text.set_callback
                0x0000000017804bf0       0x50 common/built-in.o
 .text.env_callback_init
                0x0000000017804c40       0x78 common/built-in.o
                0x0000000017804c40                env_callback_init
 .text.skip_num
                0x0000000017804cb8       0x44 common/built-in.o
 .text.clear_flags
                0x0000000017804cfc        0x8 common/built-in.o
 .text.on_flags
                0x0000000017804d04       0x34 common/built-in.o
 .text.env_flags_parse_vartype
                0x0000000017804d38       0x30 common/built-in.o
                0x0000000017804d38                env_flags_parse_vartype
 .text.env_flags_parse_varaccess
                0x0000000017804d68       0x38 common/built-in.o
                0x0000000017804d68                env_flags_parse_varaccess
 .text.set_flags
                0x0000000017804da0       0x64 common/built-in.o
 .text.env_flags_init
                0x0000000017804e04       0x90 common/built-in.o
                0x0000000017804e04                env_flags_init
 .text.env_flags_validate
                0x0000000017804e94      0x204 common/built-in.o
                0x0000000017804e94                env_flags_validate
 .text.init_mmc_for_env
                0x0000000017805098       0x24 common/built-in.o
 .text.mmc_get_env_addr
                0x00000000178050bc        0xa common/built-in.o
                0x00000000178050bc                mmc_get_env_addr
 .text.mmc_get_env_devno
                0x00000000178050c6        0x4 common/built-in.o
                0x00000000178050c6                mmc_get_env_devno
 *fill*         0x00000000178050ca        0x2 
 .text.env_init
                0x00000000178050cc       0x14 common/built-in.o
                0x00000000178050cc                env_init
 .text.saveenv  0x00000000178050e0       0xb4 common/built-in.o
                0x00000000178050e0                saveenv
 .text.env_relocate_spec
                0x0000000017805194       0x8c common/built-in.o
                0x0000000017805194                env_relocate_spec
 .text.source   0x0000000017805220       0x90 common/built-in.o
                0x0000000017805220                source
 .text.do_source
                0x00000000178052b0       0x30 common/built-in.o
 .text.print_num
                0x00000000178052e0       0x10 common/built-in.o
 .text.do_bdinfo
                0x00000000178052f0      0x12c common/built-in.o
 .text.do_bmp   0x000000001780541c       0x38 common/built-in.o
 .text.gunzip_bmp
                0x0000000017805454       0x74 common/built-in.o
                0x0000000017805454                gunzip_bmp
 .text.do_bmp_info
                0x00000000178054c8       0xc4 common/built-in.o
 .text.bmp_display
                0x000000001780558c       0x4c common/built-in.o
                0x000000001780558c                bmp_display
 .text.do_bmp_display
                0x00000000178055d8       0x74 common/built-in.o
 .text.parse_argv
                0x000000001780564c       0x3c common/built-in.o
 .text.do_icache
                0x0000000017805688       0x5c common/built-in.o
 .text.do_dcache
                0x00000000178056e4       0x5c common/built-in.o
 .text.do_coninfo
                0x0000000017805740       0x90 common/built-in.o
 .text.do_echo  0x00000000178057d0       0x70 common/built-in.o
 .text.do_exit  0x0000000017805840       0x1e common/built-in.o
 .text.do_ext2load
                0x000000001780585e        0xe common/built-in.o
                0x000000001780585e                do_ext2load
 .text.do_ext2ls
                0x000000001780586c        0xe common/built-in.o
 .text.do_fat_size
                0x000000001780587a        0xe common/built-in.o
                0x000000001780587a                do_fat_size
 .text.do_fat_fsload
                0x0000000017805888        0xe common/built-in.o
                0x0000000017805888                do_fat_fsload
 .text.do_fat_ls
                0x0000000017805896        0xe common/built-in.o
 .text.do_fat_fsinfo
                0x00000000178058a4       0x58 common/built-in.o
 .text.fdt_valid
                0x00000000178058fc       0x74 common/built-in.o
 .text.is_printable_string
                0x0000000017805970       0x48 common/built-in.o
 .text.print_data
                0x00000000178059b8      0x104 common/built-in.o
 .text.set_working_fdt_addr
                0x0000000017805abc       0x14 common/built-in.o
                0x0000000017805abc                set_working_fdt_addr
 .text.do_fdt   0x0000000017805ad0      0x96c common/built-in.o
 .text.fdt_find_and_setprop
                0x000000001780643c       0x48 common/built-in.o
                0x000000001780643c                fdt_find_and_setprop
 .text.fdt_find_or_add_subnode
                0x0000000017806484       0x40 common/built-in.o
                0x0000000017806484                fdt_find_or_add_subnode
 .text.fdt_initrd
                0x00000000178064c4      0x12c common/built-in.o
                0x00000000178064c4                fdt_initrd
 .text.fdt_chosen
                0x00000000178065f0       0x6c common/built-in.o
                0x00000000178065f0                fdt_chosen
 .text.do_fixup_by_path
                0x000000001780665c       0x34 common/built-in.o
                0x000000001780665c                do_fixup_by_path
 .text.fdt_fixup_memory_banks
                0x0000000017806690      0x124 common/built-in.o
                0x0000000017806690                fdt_fixup_memory_banks
 .text.fdt_fixup_memory
                0x00000000178067b4       0x16 common/built-in.o
                0x00000000178067b4                fdt_fixup_memory
 *fill*         0x00000000178067ca        0x2 
 .text.fdt_fixup_ethernet
                0x00000000178067cc       0xe4 common/built-in.o
                0x00000000178067cc                fdt_fixup_ethernet
 .text.fdt_shrink_to_minimum
                0x00000000178068b0       0x84 common/built-in.o
                0x00000000178068b0                fdt_shrink_to_minimum
 .text.do_flerase
                0x0000000017806934        0x4 common/built-in.o
 .text.do_protect
                0x0000000017806938        0xc common/built-in.o
 .text.do_flinfo
                0x0000000017806944        0x4 common/built-in.o
 .text.strtou32
                0x0000000017806948       0x2c common/built-in.o
 .text.do_fuse  0x0000000017806974      0x228 common/built-in.o
 .text.do_i2c   0x0000000017806b9c       0x3c common/built-in.o
 .text.do_i2c_reset
                0x0000000017806bd8       0x20 common/built-in.o
 .text.do_i2c_probe
                0x0000000017806bf8       0x58 common/built-in.o
 .text.do_i2c_bus_speed
                0x0000000017806c50       0x4c common/built-in.o
 .text.do_i2c_show_bus
                0x0000000017806c9c       0x88 common/built-in.o
 .text.do_i2c_bus_num
                0x0000000017806d24       0x7c common/built-in.o
 .text.get_alen.constprop.7
                0x0000000017806da0       0x1c common/built-in.o
 .text.do_i2c_crc
                0x0000000017806dbc       0xb8 common/built-in.o
 .text.mod_i2c_mem.isra.4
                0x0000000017806e74      0x148 common/built-in.o
 .text.do_i2c_nm
                0x0000000017806fbc        0x6 common/built-in.o
 .text.do_i2c_mm
                0x0000000017806fc2        0x6 common/built-in.o
 .text.do_i2c_md
                0x0000000017806fc8      0x13c common/built-in.o
 .text.do_i2c_read
                0x0000000017807104       0x78 common/built-in.o
 .text.do_i2c_mw
                0x000000001780717c       0xa4 common/built-in.o
 .text.do_i2c_write
                0x0000000017807220       0xdc common/built-in.o
 .text.do_i2c_loop
                0x00000000178072fc       0x94 common/built-in.o
 .text.i2c_init_board
                0x0000000017807390        0x2 common/built-in.o
                0x0000000017807390                i2c_init_board
 .text.evalexp  0x0000000017807392       0x44 common/built-in.o
 .text.evalstr  0x00000000178073d6       0x3c common/built-in.o
 *fill*         0x0000000017807412        0x2 
 .text.binary_test
                0x0000000017807414      0x128 common/built-in.o
 .text.do_itest
                0x000000001780753c       0x4c common/built-in.o
 .text.bin_data_init
                0x0000000017807588       0x1c common/built-in.o
 .text.k_data_save
                0x00000000178075a4       0x34 common/built-in.o
 .text.k_data_restore
                0x00000000178075d8       0x34 common/built-in.o
 .text.getcxmodem
                0x000000001780760c       0x16 common/built-in.o
 *fill*         0x0000000017807622        0x2 
 .text.load_serial_ymodem
                0x0000000017807624       0x88 common/built-in.o
 .text.bin_data_char
                0x00000000178076ac       0x1c common/built-in.o
 .text.chk1.constprop.1
                0x00000000178076c8       0x20 common/built-in.o
 .text.s1_sendpacket.constprop.2
                0x00000000178076e8       0x34 common/built-in.o
 .text.load_serial
                0x000000001780771c      0x134 common/built-in.o
 .text.do_load_serial
                0x0000000017807850       0x90 common/built-in.o
 .text.do_load_serial_bin
                0x00000000178078e0      0x534 common/built-in.o
 .text.do_mem_mw
                0x0000000017807e14       0x80 common/built-in.o
 .text.do_mem_loop
                0x0000000017807e94       0x82 common/built-in.o
 *fill*         0x0000000017807f16        0x2 
 .text.do_mem_md
                0x0000000017807f18       0xa0 common/built-in.o
 .text.do_mem_cmp
                0x0000000017807fb8       0xf0 common/built-in.o
 .text.do_mem_base
                0x00000000178080a8       0x28 common/built-in.o
 .text.do_mem_cp
                0x00000000178080d0       0x84 common/built-in.o
 .text.do_mem_crc
                0x0000000017808154       0x2c common/built-in.o
 .text.mod_mem.isra.0
                0x0000000017808180       0xe4 common/built-in.o
 .text.do_mem_mm
                0x0000000017808264        0x6 common/built-in.o
 .text.do_mem_nm
                0x000000001780826a        0x6 common/built-in.o
 .text.miiphy_get_dev_by_name
                0x0000000017808270       0x38 common/built-in.o
                0x0000000017808270                miiphy_get_dev_by_name
 .text.miiphy_init
                0x00000000178082a8       0x18 common/built-in.o
                0x00000000178082a8                miiphy_init
 .text.mdio_alloc
                0x00000000178082c0       0x1c common/built-in.o
                0x00000000178082c0                mdio_alloc
 .text.mdio_register
                0x00000000178082dc       0x50 common/built-in.o
                0x00000000178082dc                mdio_register
 .text.mdio_list_devices
                0x000000001780832c       0x64 common/built-in.o
                0x000000001780832c                mdio_list_devices
 .text.miiphy_set_current_dev
                0x0000000017808390       0x28 common/built-in.o
                0x0000000017808390                miiphy_set_current_dev
 .text.miiphy_get_active_dev
                0x00000000178083b8       0x30 common/built-in.o
 .text.mdio_get_current_dev
                0x00000000178083e8        0xc common/built-in.o
                0x00000000178083e8                mdio_get_current_dev
 .text.mdio_phydev_for_ethname
                0x00000000178083f4       0x54 common/built-in.o
                0x00000000178083f4                mdio_phydev_for_ethname
 .text.miiphy_get_current_dev
                0x0000000017808448       0x10 common/built-in.o
                0x0000000017808448                miiphy_get_current_dev
 .text.miiphy_read
                0x0000000017808458       0x28 common/built-in.o
                0x0000000017808458                miiphy_read
 .text.miiphy_write
                0x0000000017808480       0x24 common/built-in.o
                0x0000000017808480                miiphy_write
 .text.miiphy_listdev
                0x00000000178084a4       0x54 common/built-in.o
                0x00000000178084a4                miiphy_listdev
 .text.miiphy_info
                0x00000000178084f8       0x5c common/built-in.o
                0x00000000178084f8                miiphy_info
 .text.miiphy_speed
                0x0000000017808554       0x60 common/built-in.o
                0x0000000017808554                miiphy_speed
 .text.miiphy_duplex
                0x00000000178085b4       0x60 common/built-in.o
                0x00000000178085b4                miiphy_duplex
 .text.miiphy_is_1000base_x
                0x0000000017808614        0x4 common/built-in.o
                0x0000000017808614                miiphy_is_1000base_x
 .text.extract_range
                0x0000000017808618       0x7c common/built-in.o
 .text.do_mii   0x0000000017808694      0x540 common/built-in.o
 .text.do_mdio  0x0000000017808bd4      0x320 common/built-in.o
 .text.do_sleep
                0x0000000017808ef4       0x46 common/built-in.o
 *fill*         0x0000000017808f3a        0x2 
 .text.do_mmcops
                0x0000000017808f3c       0x7c common/built-in.o
 .text.init_mmc_device
                0x0000000017808fb8       0x34 common/built-in.o
 .text.do_mmc_rescan
                0x0000000017808fec       0x18 common/built-in.o
 .text.do_mmc_hwpartition
                0x0000000017809004      0x38c common/built-in.o
 .text.do_mmc_list
                0x0000000017809390        0xc common/built-in.o
 .text.do_mmc_dev
                0x000000001780939c       0xc4 common/built-in.o
 .text.do_mmc_part
                0x0000000017809460       0x38 common/built-in.o
 .text.do_mmc_erase
                0x0000000017809498       0xa0 common/built-in.o
 .text.do_mmc_write
                0x0000000017809538       0xac common/built-in.o
 .text.do_mmc_read
                0x00000000178095e4       0xa0 common/built-in.o
 .text.do_mmcinfo
                0x0000000017809684      0x298 common/built-in.o
 .text.do_mmc_setdsr
                0x000000001780991c       0x74 common/built-in.o
 .text.cpu_cmd  0x0000000017809990       0xb0 common/built-in.o
 .text.netboot_common
                0x0000000017809a40      0x1ac common/built-in.o
 .text.do_bootp
                0x0000000017809bec        0x8 common/built-in.o
 .text.do_dhcp  0x0000000017809bf4        0x8 common/built-in.o
 .text.do_nfs   0x0000000017809bfc        0x8 common/built-in.o
 .text.do_tftpb
                0x0000000017809c04       0x26 common/built-in.o
                0x0000000017809c04                do_tftpb
 *fill*         0x0000000017809c2a        0x2 
 .text.do_ping  0x0000000017809c2c       0x48 common/built-in.o
 .text.__sata_initialize
                0x0000000017809c74       0x68 common/built-in.o
                0x0000000017809c74                sata_initialize
                0x0000000017809c74                __sata_initialize
 .text.__sata_stop
                0x0000000017809cdc       0x1c common/built-in.o
                0x0000000017809cdc                __sata_stop
                0x0000000017809cdc                sata_stop
 .text.do_sata  0x0000000017809cf8      0x29c common/built-in.o
 .text.sata_get_dev
                0x0000000017809f94       0x14 common/built-in.o
                0x0000000017809f94                sata_get_dev
 .text.get_arg  0x0000000017809fa8       0x32 common/built-in.o
 *fill*         0x0000000017809fda        0x2 
 .text.do_setexpr
                0x0000000017809fdc       0xb4 common/built-in.o
 .text.do_false
                0x000000001780a090        0x4 common/built-in.o
 .text.do_true  0x000000001780a094        0x4 common/built-in.o
 .text.do_test  0x000000001780a098      0x208 common/built-in.o
 .text.usb_get_class_desc
                0x000000001780a2a0       0x74 common/built-in.o
 .text.usb_display_class_sub
                0x000000001780a314       0xf4 common/built-in.o
 .text.usb_find_device
                0x000000001780a408       0x1e common/built-in.o
 *fill*         0x000000001780a426        0x2 
 .text.usb_show_tree_graph
                0x000000001780a428      0x178 common/built-in.o
 .text.usb_display_string
                0x000000001780a5a0       0x2c common/built-in.o
 .text.usb_display_config
                0x000000001780a5cc      0x1a8 common/built-in.o
 .text.do_usbboot
                0x000000001780a774        0xc common/built-in.o
 .text.do_usb_start
                0x000000001780a780       0x20 common/built-in.o
 .text.usb_display_desc.part.2
                0x000000001780a7a0       0xd0 common/built-in.o
 .text.do_usb   0x000000001780a870      0x4e8 common/built-in.o
 .text.usb_set_maxpacket_ep
                0x000000001780ad58       0x54 common/built-in.o
 .text.usb_stop
                0x000000001780adac       0x48 common/built-in.o
                0x000000001780adac                usb_stop
 .text.usb_disable_asynch
                0x000000001780adf4       0x14 common/built-in.o
                0x000000001780adf4                usb_disable_asynch
 .text.usb_control_msg
                0x000000001780ae08       0x78 common/built-in.o
                0x000000001780ae08                usb_control_msg
 .text.usb_get_descriptor
                0x000000001780ae80       0x38 common/built-in.o
 .text.usb_get_string
                0x000000001780aeb8       0x50 common/built-in.o
 .text.usb_string_sub
                0x000000001780af08       0x94 common/built-in.o
 .text.usb_bulk_msg
                0x000000001780af9c       0x48 common/built-in.o
                0x000000001780af9c                usb_bulk_msg
 .text.usb_maxpacket
                0x000000001780afe4       0x1a common/built-in.o
                0x000000001780afe4                usb_maxpacket
 .text.usb_clear_halt
                0x000000001780affe       0x5c common/built-in.o
                0x000000001780affe                usb_clear_halt
 *fill*         0x000000001780b05a        0x2 
 .text.usb_get_configuration_no
                0x000000001780b05c       0x78 common/built-in.o
                0x000000001780b05c                usb_get_configuration_no
 .text.usb_set_interface
                0x000000001780b0d4       0x6c common/built-in.o
                0x000000001780b0d4                usb_set_interface
 .text.usb_string
                0x000000001780b140       0x9c common/built-in.o
                0x000000001780b140                usb_string
 .text.usb_get_dev_index
                0x000000001780b1dc       0x18 common/built-in.o
                0x000000001780b1dc                usb_get_dev_index
 .text.usb_alloc_new_device
                0x000000001780b1f4       0x60 common/built-in.o
                0x000000001780b1f4                usb_alloc_new_device
 .text.usb_free_device
                0x000000001780b254       0x30 common/built-in.o
                0x000000001780b254                usb_free_device
 .text.usb_alloc_device
                0x000000001780b284        0x4 common/built-in.o
                0x000000001780b284                usb_alloc_device
 .text.usb_new_device
                0x000000001780b288      0x3fc common/built-in.o
                0x000000001780b288                usb_new_device
 .text.usb_init
                0x000000001780b684       0xe0 common/built-in.o
                0x000000001780b684                usb_init
 .text.usb_set_port_feature
                0x000000001780b764       0x2e common/built-in.o
 .text.usb_hub_power_on
                0x000000001780b792       0x2e common/built-in.o
 .text.usb_get_port_status
                0x000000001780b7c0       0x30 common/built-in.o
 .text.usb_clear_port_feature
                0x000000001780b7f0       0x2e common/built-in.o
 .text.usb_get_hub_descriptor
                0x000000001780b81e       0x34 common/built-in.o
 .text.usb_hub_reset_devices
                0x000000001780b852        0x2 common/built-in.o
                0x000000001780b852                usb_hub_reset_devices
 .text.usb_hub_reset
                0x000000001780b854        0xc common/built-in.o
                0x000000001780b854                usb_hub_reset
 .text.hub_port_reset
                0x000000001780b860       0x66 common/built-in.o
                0x000000001780b860                hub_port_reset
 *fill*         0x000000001780b8c6        0x2 
 .text.usb_hub_port_connect_change
                0x000000001780b8c8       0xd0 common/built-in.o
                0x000000001780b8c8                usb_hub_port_connect_change
 .text.usb_hub_configure
                0x000000001780b998      0x1ec common/built-in.o
 .text.usb_hub_probe
                0x000000001780bb84       0x3a common/built-in.o
                0x000000001780bb84                usb_hub_probe
 .text.usb_stor_irq
                0x000000001780bbbe       0x10 common/built-in.o
 .text.usb_stor_BBB_reset
                0x000000001780bbce       0x8e common/built-in.o
 .text.usb_stor_CB_reset
                0x000000001780bc5c       0x8e common/built-in.o
 .text.usb_stor_BBB_clear_endpt_stall.isra.2
                0x000000001780bcea       0x2c common/built-in.o
 *fill*         0x000000001780bd16        0x2 
 .text.usb_stor_BBB_transport
                0x000000001780bd18      0x19c common/built-in.o
 .text.usb_stor_CB_comdat
                0x000000001780beb4      0x15c common/built-in.o
 .text.usb_stor_CBI_get_status.isra.4
                0x000000001780c010       0x7c common/built-in.o
 .text.usb_stor_CB_transport
                0x000000001780c08c      0x158 common/built-in.o
 .text.usb_request_sense.constprop.10
                0x000000001780c1e4       0x44 common/built-in.o
 .text.usb_stor_write
                0x000000001780c228      0x124 common/built-in.o
                0x000000001780c228                usb_stor_write
 .text.usb_stor_read
                0x000000001780c34c      0x124 common/built-in.o
                0x000000001780c34c                usb_stor_read
 .text.usb_stor_get_dev
                0x000000001780c470       0x1c common/built-in.o
                0x000000001780c470                usb_stor_get_dev
 .text.usb_stor_info
                0x000000001780c48c       0x4c common/built-in.o
                0x000000001780c48c                usb_stor_info
 .text.usb_storage_probe
                0x000000001780c4d8      0x15c common/built-in.o
                0x000000001780c4d8                usb_storage_probe
 .text.usb_stor_get_info
                0x000000001780c634      0x220 common/built-in.o
                0x000000001780c634                usb_stor_get_info
 .text.usb_stor_scan
                0x000000001780c854      0x14c common/built-in.o
                0x000000001780c854                usb_stor_scan
 .text.do_imgextract
                0x000000001780c9a0      0x1b8 common/built-in.o
 .text.splash_screen_prepare
                0x000000001780cb58        0x4 common/built-in.o
                0x000000001780cb58                splash_screen_prepare
 .text.splash_get_pos
                0x000000001780cb5c       0x54 common/built-in.o
                0x000000001780cb5c                splash_get_pos
 .text.do_env_delete
                0x000000001780cbb0       0x60 common/built-in.o
 .text.do_env_exists
                0x000000001780cc10       0x40 common/built-in.o
 .text.do_env_save
                0x000000001780cc50       0x20 common/built-in.o
 .text.do_env   0x000000001780cc70       0x3c common/built-in.o
 .text.env_print
                0x000000001780ccac       0x74 common/built-in.o
 .text.do_env_print
                0x000000001780cd20       0x70 common/built-in.o
 .text.do_env_import
                0x000000001780cd90      0x190 common/built-in.o
 .text.do_env_default
                0x000000001780cf20       0x54 common/built-in.o
 .text._do_env_set.isra.0
                0x000000001780cf74      0x128 common/built-in.o
 .text.do_env_set
                0x000000001780d09c       0x12 common/built-in.o
 *fill*         0x000000001780d0ae        0x2 
 .text.get_env_id
                0x000000001780d0b0        0xc common/built-in.o
                0x000000001780d0b0                get_env_id
 .text.setenv   0x000000001780d0bc       0x38 common/built-in.o
                0x000000001780d0bc                setenv
 .text.setenv_ulong
                0x000000001780d0f4       0x16 common/built-in.o
                0x000000001780d0f4                setenv_ulong
 *fill*         0x000000001780d10a        0x2 
 .text.setenv_hex
                0x000000001780d10c       0x20 common/built-in.o
                0x000000001780d10c                setenv_hex
 .text.do_env_export
                0x000000001780d12c      0x16c common/built-in.o
 .text.envmatch
                0x000000001780d298       0x3c common/built-in.o
                0x000000001780d298                envmatch
 .text.getenv_f
                0x000000001780d2d4       0x7c common/built-in.o
                0x000000001780d2d4                getenv_f
 .text.getenv   0x000000001780d350       0x50 common/built-in.o
                0x000000001780d350                getenv
 .text.getenv_hex
                0x000000001780d3a0       0x22 common/built-in.o
                0x000000001780d3a0                getenv_hex
 .text.getenv_ulong
                0x000000001780d3c2       0x1c common/built-in.o
                0x000000001780d3c2                getenv_ulong
 *fill*         0x000000001780d3de        0x2 
 .text.do_env_edit
                0x000000001780d3e0       0x50 common/built-in.o
 .text.env_get_char_spec
                0x000000001780d430        0x8 common/built-in.o
                0x000000001780d430                env_get_char_spec
 .text.env_get_addr
                0x000000001780d438       0x18 common/built-in.o
                0x000000001780d438                env_get_addr
 .text.env_get_char_memory
                0x000000001780d450        0xa common/built-in.o
                0x000000001780d450                env_get_char_memory
 *fill*         0x000000001780d45a        0x2 
 .text.env_get_char
                0x000000001780d45c       0x20 common/built-in.o
                0x000000001780d45c                env_get_char
 .text.getenv_yesno
                0x000000001780d47c       0x2a common/built-in.o
                0x000000001780d47c                getenv_yesno
 .text.getenv_default
                0x000000001780d4a6       0x2a common/built-in.o
                0x000000001780d4a6                getenv_default
 .text.set_default_env
                0x000000001780d4d0       0x80 common/built-in.o
                0x000000001780d4d0                set_default_env
 .text.set_default_vars
                0x000000001780d550       0x28 common/built-in.o
                0x000000001780d550                set_default_vars
 .text.env_import
                0x000000001780d578       0x94 common/built-in.o
                0x000000001780d578                env_import
 .text.env_export
                0x000000001780d60c       0x64 common/built-in.o
                0x000000001780d60c                env_export
 .text.env_relocate
                0x000000001780d670       0x28 common/built-in.o
                0x000000001780d670                env_relocate
 .text.env_complete
                0x000000001780d698       0x90 common/built-in.o
                0x000000001780d698                env_complete
 .text.console_setfile
                0x000000001780d728       0x74 common/built-in.o
 .text.serial_printf
                0x000000001780d79c       0x28 common/built-in.o
                0x000000001780d79c                serial_printf
 .text.putc     0x000000001780d7c4       0x24 common/built-in.o
                0x000000001780d7c4                putc
 .text.puts     0x000000001780d7e8       0x24 common/built-in.o
                0x000000001780d7e8                puts
 .text.printf   0x000000001780d80c       0x2c common/built-in.o
                0x000000001780d80c                printf
 .text.fgetc    0x000000001780d838       0x18 common/built-in.o
                0x000000001780d838                fgetc
 .text.getc     0x000000001780d850       0x1a common/built-in.o
                0x000000001780d850                getc
 *fill*         0x000000001780d86a        0x2 
 .text.ftstc    0x000000001780d86c       0x18 common/built-in.o
                0x000000001780d86c                ftstc
 .text.tstc     0x000000001780d884       0x1a common/built-in.o
                0x000000001780d884                tstc
 .text.vprintf  0x000000001780d89e       0x1c common/built-in.o
                0x000000001780d89e                vprintf
 *fill*         0x000000001780d8ba        0x2 
 .text.ctrlc    0x000000001780d8bc       0x38 common/built-in.o
                0x000000001780d8bc                ctrlc
 .text.confirm_yesno
                0x000000001780d8f4       0x84 common/built-in.o
                0x000000001780d8f4                confirm_yesno
 .text.had_ctrlc
                0x000000001780d978        0xc common/built-in.o
                0x000000001780d978                had_ctrlc
 .text.clear_ctrlc
                0x000000001780d984        0xc common/built-in.o
                0x000000001780d984                clear_ctrlc
 .text.search_device
                0x000000001780d990       0x16 common/built-in.o
                0x000000001780d990                search_device
 .text.console_assign
                0x000000001780d9a6       0x2a common/built-in.o
                0x000000001780d9a6                console_assign
 .text.on_console
                0x000000001780d9d0       0x70 common/built-in.o
 .text.console_init_f
                0x000000001780da40        0xa common/built-in.o
                0x000000001780da40                console_init_f
 *fill*         0x000000001780da4a        0x2 
 .text.stdio_print_current_devices
                0x000000001780da4c       0x78 common/built-in.o
                0x000000001780da4c                stdio_print_current_devices
 .text.console_init_r
                0x000000001780dac4      0x100 common/built-in.o
                0x000000001780dac4                console_init_r
 .text.sbrk     0x000000001780dbc4       0x44 common/built-in.o
                0x000000001780dbc4                sbrk
 .text.mem_malloc_init
                0x000000001780dc08       0x28 common/built-in.o
                0x000000001780dc08                mem_malloc_init
 .text.malloc_trim
                0x000000001780dc30       0x80 common/built-in.o
                0x000000001780dc30                malloc_trim
 .text.free     0x000000001780dcb0      0x16c common/built-in.o
                0x000000001780dcb0                free
 .text.malloc   0x000000001780de1c      0x420 common/built-in.o
                0x000000001780de1c                malloc
 .text.calloc   0x000000001780e23c       0xbc common/built-in.o
                0x000000001780e23c                calloc
 .text.realloc  0x000000001780e2f8      0x344 common/built-in.o
                0x000000001780e2f8                realloc
 .text.memalign
                0x000000001780e63c       0xbe common/built-in.o
                0x000000001780e63c                memalign
 .text.malloc_simple
                0x000000001780e6fa       0x28 common/built-in.o
                0x000000001780e6fa                malloc_simple
 *fill*         0x000000001780e722        0x2 
 .text.on_loadaddr
                0x000000001780e724       0x20 common/built-in.o
 .text.image_check_hcrc
                0x000000001780e744       0x2a common/built-in.o
                0x000000001780e744                image_check_hcrc
 .text.image_check_dcrc
                0x000000001780e76e       0x22 common/built-in.o
                0x000000001780e76e                image_check_dcrc
 .text.image_multi_count
                0x000000001780e790       0x12 common/built-in.o
                0x000000001780e790                image_multi_count
 .text.image_multi_getimg
                0x000000001780e7a2       0x50 common/built-in.o
                0x000000001780e7a2                image_multi_getimg
 *fill*         0x000000001780e7f2        0x2 
 .text.getenv_bootm_low
                0x000000001780e7f4       0x20 common/built-in.o
                0x000000001780e7f4                getenv_bootm_low
 .text.getenv_bootm_size
                0x000000001780e814       0x3c common/built-in.o
                0x000000001780e814                getenv_bootm_size
 .text.getenv_bootm_mapsize
                0x000000001780e850       0x20 common/built-in.o
                0x000000001780e850                getenv_bootm_mapsize
 .text.memmove_wd
                0x000000001780e870        0xa common/built-in.o
                0x000000001780e870                memmove_wd
 *fill*         0x000000001780e87a        0x2 
 .text.genimg_print_size
                0x000000001780e87c       0x24 common/built-in.o
                0x000000001780e87c                genimg_print_size
 .text.get_table_entry_name
                0x000000001780e8a0       0x16 common/built-in.o
                0x000000001780e8a0                get_table_entry_name
 *fill*         0x000000001780e8b6        0x2 
 .text.genimg_get_os_name
                0x000000001780e8b8       0x14 common/built-in.o
                0x000000001780e8b8                genimg_get_os_name
 .text.genimg_get_arch_name
                0x000000001780e8cc       0x14 common/built-in.o
                0x000000001780e8cc                genimg_get_arch_name
 .text.genimg_get_type_name
                0x000000001780e8e0       0x14 common/built-in.o
                0x000000001780e8e0                genimg_get_type_name
 .text.genimg_get_comp_name
                0x000000001780e8f4       0x14 common/built-in.o
                0x000000001780e8f4                genimg_get_comp_name
 .text.image_print_contents
                0x000000001780e908       0xf0 common/built-in.o
                0x000000001780e908                image_print_contents
 .text.genimg_get_kernel_addr_fit
                0x000000001780e9f8       0x14 common/built-in.o
                0x000000001780e9f8                genimg_get_kernel_addr_fit
 .text.genimg_get_format
                0x000000001780ea0c       0x20 common/built-in.o
                0x000000001780ea0c                genimg_get_format
 .text.genimg_get_image
                0x000000001780ea2c        0x2 common/built-in.o
                0x000000001780ea2c                genimg_get_image
 .text.genimg_has_config
                0x000000001780ea2e        0x4 common/built-in.o
                0x000000001780ea2e                genimg_has_config
 *fill*         0x000000001780ea32        0x2 
 .text.boot_get_ramdisk
                0x000000001780ea34      0x174 common/built-in.o
                0x000000001780ea34                boot_get_ramdisk
 .text.boot_ramdisk_high
                0x000000001780eba8       0xc8 common/built-in.o
                0x000000001780eba8                boot_ramdisk_high
 .text.boot_get_setup
                0x000000001780ec70        0x6 common/built-in.o
                0x000000001780ec70                boot_get_setup
 .text.image_setup_linux
                0x000000001780ec76       0x52 common/built-in.o
                0x000000001780ec76                image_setup_linux
 .text.fdt_error
                0x000000001780ecc8       0x24 common/built-in.o
 .text.boot_fdt_add_mem_rsv_regions
                0x000000001780ecec       0x54 common/built-in.o
                0x000000001780ecec                boot_fdt_add_mem_rsv_regions
 .text.boot_relocate_fdt
                0x000000001780ed40      0x10c common/built-in.o
                0x000000001780ed40                boot_relocate_fdt
 .text.boot_get_fdt
                0x000000001780ee4c      0x1a8 common/built-in.o
                0x000000001780ee4c                boot_get_fdt
 .text.ft_verify_fdt
                0x000000001780eff4        0x4 common/built-in.o
                0x000000001780eff4                ft_verify_fdt
 .text.image_setup_libfdt
                0x000000001780eff8       0x90 common/built-in.o
                0x000000001780eff8                image_setup_libfdt
 .text.get_effective_memsize
                0x000000001780f088        0x6 common/built-in.o
                0x000000001780f088                get_effective_memsize
 .text.nulldev_putc
                0x000000001780f08e        0x2 common/built-in.o
 .text.nulldev_puts
                0x000000001780f090        0x2 common/built-in.o
 .text.nulldev_input
                0x000000001780f092        0x4 common/built-in.o
 .text.stdio_serial_tstc
                0x000000001780f096        0x4 common/built-in.o
 .text.stdio_serial_getc
                0x000000001780f09a        0x4 common/built-in.o
 .text.stdio_serial_puts
                0x000000001780f09e        0x6 common/built-in.o
 .text.stdio_serial_putc
                0x000000001780f0a4        0x6 common/built-in.o
 *fill*         0x000000001780f0aa        0x2 
 .text.stdio_get_list
                0x000000001780f0ac        0x8 common/built-in.o
                0x000000001780f0ac                stdio_get_list
 .text.stdio_get_by_name
                0x000000001780f0b4       0x30 common/built-in.o
                0x000000001780f0b4                stdio_get_by_name
 .text.stdio_clone
                0x000000001780f0e4       0x22 common/built-in.o
                0x000000001780f0e4                stdio_clone
 *fill*         0x000000001780f106        0x2 
 .text.stdio_register_dev
                0x000000001780f108       0x30 common/built-in.o
                0x000000001780f108                stdio_register_dev
 .text.stdio_register
                0x000000001780f138        0x6 common/built-in.o
                0x000000001780f138                stdio_register
 *fill*         0x000000001780f13e        0x2 
 .text.stdio_init_tables
                0x000000001780f140       0x14 common/built-in.o
                0x000000001780f140                stdio_init_tables
 .text.stdio_add_devices
                0x000000001780f154       0x94 common/built-in.o
                0x000000001780f154                stdio_add_devices
 .text.run_command
                0x000000001780f1e8        0xe common/built-in.o
                0x000000001780f1e8                run_command
 .text.run_command_list
                0x000000001780f1f6       0x38 common/built-in.o
                0x000000001780f1f6                run_command_list
 *fill*         0x000000001780f22e        0x2 
 .text.do_run   0x000000001780f230       0x50 common/built-in.o
                0x000000001780f230                do_run
 .text.cli_loop
                0x000000001780f280        0x8 common/built-in.o
                0x000000001780f280                cli_loop
 .text.cli_init
                0x000000001780f288        0x4 common/built-in.o
                0x000000001780f288                cli_init
 .text.delete_char.part.0
                0x000000001780f28c       0x84 common/built-in.o
 .text.cread_add_char
                0x000000001780f310       0x80 common/built-in.o
 .text.cli_readline_into_buffer
                0x000000001780f390      0x5fc common/built-in.o
                0x000000001780f390                cli_readline_into_buffer
 .text.cli_readline
                0x000000001780f98c       0x10 common/built-in.o
                0x000000001780f98c                cli_readline
 .text.find_cmd_tbl
                0x000000001780f99c       0x64 common/built-in.o
                0x000000001780f99c                find_cmd_tbl
 .text.find_cmd
                0x000000001780fa00       0x1c common/built-in.o
                0x000000001780fa00                find_cmd
 .text.cmd_usage
                0x000000001780fa1c       0x3c common/built-in.o
                0x000000001780fa1c                cmd_usage
 .text._do_help
                0x000000001780fa58       0xfc common/built-in.o
                0x000000001780fa58                _do_help
 .text.var_complete
                0x000000001780fb54       0x48 common/built-in.o
                0x000000001780fb54                var_complete
 .text.cmd_auto_complete
                0x000000001780fb9c      0x304 common/built-in.o
                0x000000001780fb9c                cmd_auto_complete
 .text.cmd_get_data_size
                0x000000001780fea0       0x38 common/built-in.o
                0x000000001780fea0                cmd_get_data_size
 .text.cmd_process
                0x000000001780fed8       0x94 common/built-in.o
                0x000000001780fed8                cmd_process
 .text.cmd_process_error
                0x000000001780ff6c       0x1c common/built-in.o
                0x000000001780ff6c                cmd_process_error
 .text.hex1_bin
                0x000000001780ff88       0x2a common/built-in.o
 .text.hex2_bin
                0x000000001780ffb2       0x24 common/built-in.o
 .text.srec_decode
                0x000000001780ffd6      0x184 common/built-in.o
                0x000000001780ffd6                srec_decode
 *fill*         0x000000001781015a        0x2 
 .text.CYGACC_COMM_IF_GETC_TIMEOUT.isra.0
                0x000000001781015c       0x2c common/built-in.o
 .text.xyzModem_flush
                0x0000000017810188       0x14 common/built-in.o
 .text.xyzModem_get_hdr
                0x000000001781019c      0x16c common/built-in.o
 .text.xyzModem_stream_open
                0x0000000017810308      0x178 common/built-in.o
                0x0000000017810308                xyzModem_stream_open
 .text.xyzModem_stream_read
                0x0000000017810480      0x1c0 common/built-in.o
                0x0000000017810480                xyzModem_stream_read
 .text.xyzModem_stream_close
                0x0000000017810640       0x40 common/built-in.o
                0x0000000017810640                xyzModem_stream_close
 .text.xyzModem_stream_terminate
                0x0000000017810680       0x68 common/built-in.o
                0x0000000017810680                xyzModem_stream_terminate
 .text.xyzModem_error
                0x00000000178106e8       0x18 common/built-in.o
                0x00000000178106e8                xyzModem_error
 .text.common_diskboot
                0x0000000017810700      0x188 common/built-in.o
                0x0000000017810700                common_diskboot
 .text.get_dev_hwpart
                0x0000000017810888       0x64 disk/built-in.o
 .text.dev_print
                0x00000000178108ec      0x194 disk/built-in.o
                0x00000000178108ec                dev_print
 .text.init_part
                0x0000000017810a80       0x14 disk/built-in.o
                0x0000000017810a80                init_part
 .text.print_part
                0x0000000017810a94       0xa0 disk/built-in.o
                0x0000000017810a94                print_part
 .text.get_partition_info
                0x0000000017810b34       0x1c disk/built-in.o
                0x0000000017810b34                get_partition_info
 .text.get_device
                0x0000000017810b50       0xa4 disk/built-in.o
                0x0000000017810b50                get_device
 .text.get_device_and_partition
                0x0000000017810bf4      0x294 disk/built-in.o
                0x0000000017810bf4                get_device_and_partition
 .text.test_block_type
                0x0000000017810e88       0x50 disk/built-in.o
 .text.print_partition_extended
                0x0000000017810ed8      0x1b8 disk/built-in.o
 .text.get_partition_info_extended.constprop.1
                0x0000000017811090      0x1f8 disk/built-in.o
 .text.test_part_dos
                0x0000000017811288       0x42 disk/built-in.o
                0x0000000017811288                test_part_dos
 *fill*         0x00000000178112ca        0x2 
 .text.print_part_dos
                0x00000000178112cc       0x20 disk/built-in.o
                0x00000000178112cc                print_part_dos
 .text.get_partition_info_dos
                0x00000000178112ec       0x16 disk/built-in.o
                0x00000000178112ec                get_partition_info_dos
 *fill*         0x0000000017811302        0x2 
 .text.device_bind
                0x0000000017811304      0x174 drivers/built-in.o
                0x0000000017811304                device_bind
 .text.device_bind_by_name
                0x0000000017811478       0x3e drivers/built-in.o
                0x0000000017811478                device_bind_by_name
 .text.device_probe
                0x00000000178114b6        0x6 drivers/built-in.o
                0x00000000178114b6                device_probe
 .text.device_probe_child
                0x00000000178114bc      0x120 drivers/built-in.o
                0x00000000178114bc                device_probe_child
 .text.dev_get_platdata
                0x00000000178115dc       0x20 drivers/built-in.o
                0x00000000178115dc                dev_get_platdata
 .text.dev_get_priv
                0x00000000178115fc       0x20 drivers/built-in.o
                0x00000000178115fc                dev_get_priv
 .text.lists_driver_lookup_name
                0x000000001781161c       0x2c drivers/built-in.o
                0x000000001781161c                lists_driver_lookup_name
 .text.lists_uclass_lookup
                0x0000000017811648       0x24 drivers/built-in.o
                0x0000000017811648                lists_uclass_lookup
 .text.lists_bind_drivers
                0x000000001781166c       0x54 drivers/built-in.o
                0x000000001781166c                lists_bind_drivers
 .text.dm_root  0x00000000178116c0       0x1c drivers/built-in.o
                0x00000000178116c0                dm_root
 .text.dm_init  0x00000000178116dc       0x44 drivers/built-in.o
                0x00000000178116dc                dm_init
 .text.dm_scan_platdata
                0x0000000017811720       0x20 drivers/built-in.o
                0x0000000017811720                dm_scan_platdata
 .text.dm_scan_other
                0x0000000017811740        0x4 drivers/built-in.o
                0x0000000017811740                dm_scan_other
 .text.dm_init_and_scan
                0x0000000017811744       0x1e drivers/built-in.o
                0x0000000017811744                dm_init_and_scan
 .text.uclass_find
                0x0000000017811762       0x2a drivers/built-in.o
                0x0000000017811762                uclass_find
 .text.uclass_get
                0x000000001781178c       0xb4 drivers/built-in.o
                0x000000001781178c                uclass_get
 .text.uclass_find_device
                0x0000000017811840       0x3a drivers/built-in.o
                0x0000000017811840                uclass_find_device
 .text.uclass_find_device_by_seq
                0x000000001781187a       0x4a drivers/built-in.o
                0x000000001781187a                uclass_find_device_by_seq
 .text.uclass_get_device
                0x00000000178118c4       0x20 drivers/built-in.o
                0x00000000178118c4                uclass_get_device
 .text.uclass_bind_device
                0x00000000178118e4       0x4e drivers/built-in.o
                0x00000000178118e4                uclass_bind_device
 .text.uclass_unbind_device
                0x0000000017811932       0x24 drivers/built-in.o
                0x0000000017811932                uclass_unbind_device
 *fill*         0x0000000017811956        0x2 
 .text.uclass_resolve_seq
                0x0000000017811958       0x64 drivers/built-in.o
                0x0000000017811958                uclass_resolve_seq
 .text.uclass_pre_probe_child
                0x00000000178119bc       0x12 drivers/built-in.o
                0x00000000178119bc                uclass_pre_probe_child
 .text.uclass_post_probe_device
                0x00000000178119ce        0xe drivers/built-in.o
                0x00000000178119ce                uclass_post_probe_device
 .text.uclass_pre_remove_device
                0x00000000178119dc       0x2e drivers/built-in.o
                0x00000000178119dc                uclass_pre_remove_device
 .text.dm_warn  0x0000000017811a0a       0x1a drivers/built-in.o
                0x0000000017811a0a                dm_warn
 .text.device_free
                0x0000000017811a24       0x44 drivers/built-in.o
                0x0000000017811a24                device_free
 .text.device_remove
                0x0000000017811a68       0xcc drivers/built-in.o
                0x0000000017811a68                device_remove
 .text.generic_ffs.part.0
                0x0000000017811b34       0x30 drivers/built-in.o
 .text.ahci_exec_ata_cmd
                0x0000000017811b64      0x194 drivers/built-in.o
 .text.dwc_ahsata_rw_cmd_ext
                0x0000000017811cf8       0x8c drivers/built-in.o
 .text.dwc_ahsata_rw_cmd
                0x0000000017811d84       0x80 drivers/built-in.o
 .text.init_sata
                0x0000000017811e04      0x40c drivers/built-in.o
                0x0000000017811e04                init_sata
 .text.reset_sata
                0x0000000017812210       0x40 drivers/built-in.o
                0x0000000017812210                reset_sata
 .text.dwc_ahsata_flush_cache
                0x0000000017812250       0x50 drivers/built-in.o
                0x0000000017812250                dwc_ahsata_flush_cache
 .text.dwc_ahsata_flush_cache_ext
                0x00000000178122a0       0x50 drivers/built-in.o
                0x00000000178122a0                dwc_ahsata_flush_cache_ext
 .text.ata_low_level_rw_lba48
                0x00000000178122f0       0x5e drivers/built-in.o
                0x00000000178122f0                ata_low_level_rw_lba48
 .text.ata_low_level_rw_lba28
                0x000000001781234e       0x56 drivers/built-in.o
                0x000000001781234e                ata_low_level_rw_lba28
 .text.sata_read
                0x00000000178123a4       0x28 drivers/built-in.o
                0x00000000178123a4                sata_read
 .text.sata_write
                0x00000000178123cc       0x54 drivers/built-in.o
                0x00000000178123cc                sata_write
 .text.scan_sata
                0x0000000017812420      0x270 drivers/built-in.o
                0x0000000017812420                scan_sata
 .text.ata_id_n_sectors
                0x0000000017812690       0x52 drivers/built-in.o
                0x0000000017812690                ata_id_n_sectors
 .text.ata_id_c_string
                0x00000000178126e2       0x48 drivers/built-in.o
                0x00000000178126e2                ata_id_c_string
 .text.ata_swap_buf_le16
                0x000000001781272a        0x2 drivers/built-in.o
                0x000000001781272a                ata_swap_buf_le16
 .text.finish_access
                0x000000001781272c       0x20 drivers/built-in.o
 .text.set_timing
                0x000000001781274c       0x7c drivers/built-in.o
 .text.prepare_access
                0x00000000178127c8       0x4c drivers/built-in.o
 .text.fuse_bank_physical
                0x0000000017812814       0x4c drivers/built-in.o
                0x0000000017812814                fuse_bank_physical
 .text.fuse_read
                0x0000000017812860       0x48 drivers/built-in.o
                0x0000000017812860                fuse_read
 .text.fuse_sense
                0x00000000178128a8       0x68 drivers/built-in.o
                0x00000000178128a8                fuse_sense
 .text.fuse_prog
                0x0000000017812910       0x68 drivers/built-in.o
                0x0000000017812910                fuse_prog
 .text.fuse_override
                0x0000000017812978       0x44 drivers/built-in.o
                0x0000000017812978                fuse_override
 .text.video_drawchars
                0x00000000178129bc      0x318 drivers/built-in.o
 .text.draw_bitmap
                0x0000000017812cd4       0x78 drivers/built-in.o
 .text.console_newline.constprop.2
                0x0000000017812d4c       0x90 drivers/built-in.o
 .text.video_putc
                0x0000000017812ddc       0xe4 drivers/built-in.o
 .text.video_puts
                0x0000000017812ec0       0x50 drivers/built-in.o
 .text.board_cfb_skip
                0x0000000017812f10        0x4 drivers/built-in.o
                0x0000000017812f10                board_cfb_skip
 .text.video_set_lut
                0x0000000017812f14        0x4 drivers/built-in.o
                0x0000000017812f16                video_set_lut
 .text.display_rle8_bitmap
                0x0000000017812f18      0x234 drivers/built-in.o
 .text.plot_logo_or_black
                0x000000001781314c      0x1c4 drivers/built-in.o
 .text.do_clrlogo
                0x0000000017813310       0x40 drivers/built-in.o
 .text.video_display_bitmap
                0x0000000017813350      0x70c drivers/built-in.o
                0x0000000017813350                video_display_bitmap
 .text.video_clear
                0x0000000017813a5c       0x34 drivers/built-in.o
                0x0000000017813a5c                video_clear
 .text.drv_video_init
                0x0000000017813a90      0x2a8 drivers/built-in.o
                0x0000000017813a90                drv_video_init
 .text.mxcfb_map_video_memory
                0x0000000017813d38       0x68 drivers/built-in.o
 .text.ipuv3_fb_shutdown
                0x0000000017813da0       0x40 drivers/built-in.o
                0x0000000017813da0                ipuv3_fb_shutdown
 .text.video_hw_init
                0x0000000017813de0      0x454 drivers/built-in.o
                0x0000000017813de0                video_hw_init
 .text.ipuv3_fb_init
                0x0000000017814234       0x1c drivers/built-in.o
                0x0000000017814234                ipuv3_fb_init
 .text.clk_ldb_clk_enable
                0x0000000017814250       0x12 drivers/built-in.o
 .text.clk_ipu_enable
                0x0000000017814262        0x4 drivers/built-in.o
 .text.clk_ldb_clk_disable
                0x0000000017814266       0x12 drivers/built-in.o
 .text.clk_ipu_disable
                0x0000000017814278        0x4 drivers/built-in.o
 .text.ipu_pixel_clk_enable
                0x000000001781427c       0x20 drivers/built-in.o
 .text.ipu_pixel_clk_disable
                0x000000001781429c       0x1c drivers/built-in.o
 .text.ipu_pixel_clk_round_rate
                0x00000000178142b8       0xc8 drivers/built-in.o
 .text.ipu_pixel_clk_set_rate
                0x0000000017814380       0xa0 drivers/built-in.o
 .text.ipu_pixel_clk_recalc
                0x0000000017814420       0x48 drivers/built-in.o
 .text.ipu_pixel_clk_set_parent
                0x0000000017814468       0x64 drivers/built-in.o
 .text.clk_enable
                0x00000000178144cc       0x12 drivers/built-in.o
                0x00000000178144cc                clk_enable
 .text.clk_disable
                0x00000000178144de       0x14 drivers/built-in.o
                0x00000000178144de                clk_disable
 .text.clk_get_usecount
                0x00000000178144f2        0x8 drivers/built-in.o
                0x00000000178144f2                clk_get_usecount
 .text.clk_get_rate
                0x00000000178144fa        0x6 drivers/built-in.o
                0x00000000178144fa                clk_get_rate
 .text.clk_get_parent
                0x0000000017814500        0x6 drivers/built-in.o
                0x0000000017814500                clk_get_parent
 .text.clk_set_rate
                0x0000000017814506       0x10 drivers/built-in.o
                0x0000000017814506                clk_set_rate
 .text.clk_round_rate
                0x0000000017814516        0xc drivers/built-in.o
                0x0000000017814516                clk_round_rate
 .text.clk_set_parent
                0x0000000017814522        0xc drivers/built-in.o
                0x0000000017814522                clk_set_parent
 *fill*         0x000000001781452e        0x2 
 .text.ipu_probe
                0x0000000017814530       0xf0 drivers/built-in.o
                0x0000000017814530                ipu_probe
 .text.ipu_dump_registers
                0x0000000017814620        0x2 drivers/built-in.o
                0x0000000017814620                ipu_dump_registers
 *fill*         0x0000000017814622        0x2 
 .text.ipu_init_channel
                0x0000000017814624      0x158 drivers/built-in.o
                0x0000000017814624                ipu_init_channel
 .text.ipu_uninit_channel
                0x000000001781477c      0x1c4 drivers/built-in.o
                0x000000001781477c                ipu_uninit_channel
 .text.ipu_enable_channel
                0x0000000017814940       0x98 drivers/built-in.o
                0x0000000017814940                ipu_enable_channel
 .text.ipu_clear_buffer_ready
                0x00000000178149d8       0x58 drivers/built-in.o
                0x00000000178149d8                ipu_clear_buffer_ready
 .text.ipu_disable_channel
                0x0000000017814a30      0x11c drivers/built-in.o
                0x0000000017814a30                ipu_disable_channel
 .text.bytes_per_pixel
                0x0000000017814b4c       0x94 drivers/built-in.o
                0x0000000017814b4c                bytes_per_pixel
 .text.ipu_init_channel_buffer
                0x0000000017814be0      0x428 drivers/built-in.o
                0x0000000017814be0                ipu_init_channel_buffer
 .text.format_to_colorspace
                0x0000000017815008       0x84 drivers/built-in.o
                0x0000000017815008                format_to_colorspace
 .text.ipu_dc_map_config
                0x000000001781508c       0x70 drivers/built-in.o
 .text.rgb_to_yuv
                0x00000000178150fc       0x4c drivers/built-in.o
 .text.ipu_dc_link_event
                0x0000000017815148       0xd4 drivers/built-in.o
 .text.ipu_dp_csc_setup.isra.0
                0x000000001781521c       0xdc drivers/built-in.o
 .text.ipu_di_sync_config.constprop.3
                0x00000000178152f8       0xc0 drivers/built-in.o
 .text.ipu_dmfc_init
                0x00000000178153b8       0xe8 drivers/built-in.o
                0x00000000178153b8                ipu_dmfc_init
 .text.ipu_dmfc_set_wait4eot
                0x00000000178154a0       0xd4 drivers/built-in.o
                0x00000000178154a0                ipu_dmfc_set_wait4eot
 .text.ipu_dp_init
                0x0000000017815574      0x13c drivers/built-in.o
                0x0000000017815574                ipu_dp_init
 .text.ipu_dp_uninit
                0x00000000178156b0       0x58 drivers/built-in.o
                0x00000000178156b0                ipu_dp_uninit
 .text.ipu_dc_init
                0x0000000017815708      0x194 drivers/built-in.o
                0x0000000017815708                ipu_dc_init
 .text.ipu_dc_uninit
                0x000000001781589c      0x10c drivers/built-in.o
                0x000000001781589c                ipu_dc_uninit
 .text.ipu_dp_dc_enable
                0x00000000178159a8      0x124 drivers/built-in.o
                0x00000000178159a8                ipu_dp_dc_enable
 .text.ipu_dp_dc_disable
                0x0000000017815acc      0x200 drivers/built-in.o
                0x0000000017815acc                ipu_dp_dc_disable
 .text.ipu_init_dc_mappings
                0x0000000017815ccc       0xec drivers/built-in.o
                0x0000000017815ccc                ipu_init_dc_mappings
 .text.ipu_init_sync_panel
                0x0000000017815db8      0x550 drivers/built-in.o
                0x0000000017815db8                ipu_init_sync_panel
 .text.ipu_disp_set_global_alpha
                0x0000000017816308       0xc8 drivers/built-in.o
                0x0000000017816308                ipu_disp_set_global_alpha
 .text.ipu_disp_set_color_key
                0x00000000178163d0      0x124 drivers/built-in.o
                0x00000000178163d0                ipu_disp_set_color_key
 .text.reset_cpu
                0x00000000178164f4       0x18 drivers/built-in.o
                0x00000000178164f4                reset_cpu
 .text.thermal_get_temp
                0x000000001781650c       0x10 drivers/built-in.o
                0x000000001781650c                thermal_get_temp
 *fill*         0x000000001781651c        0x4 
 .text.read_cpu_temperature
                0x0000000017816520      0x108 drivers/built-in.o
 .text.imx_thermal_get_temp
                0x0000000017816628       0x30 drivers/built-in.o
                0x0000000017816628                imx_thermal_get_temp
 .text.imx_thermal_probe
                0x0000000017816658       0x50 drivers/built-in.o
 .text.gpio_set_value
                0x00000000178166a8       0x34 drivers/gpio/built-in.o
                0x00000000178166a8                gpio_set_value
 .text.gpio_get_value
                0x00000000178166dc       0x28 drivers/gpio/built-in.o
                0x00000000178166dc                gpio_get_value
 .text.gpio_request
                0x0000000017816704        0xc drivers/gpio/built-in.o
                0x0000000017816704                gpio_request
 .text.gpio_free
                0x0000000017816710        0x4 drivers/gpio/built-in.o
                0x0000000017816710                gpio_free